
==========================================================================
detailed place report_tns
--------------------------------------------------------------------------
tns 0.00

==========================================================================
detailed place report_wns
--------------------------------------------------------------------------
wns 0.00

==========================================================================
detailed place report_worst_slack
--------------------------------------------------------------------------
worst slack 2227.89

==========================================================================
detailed place report_checks -path_delay min
--------------------------------------------------------------------------
Startpoint: srcb[152] (input port clocked by clk)
Endpoint: result[120] (output port clocked by clk)
Path Group: clk
Path Type: min

Fanout     Cap    Slew   Delay    Time   Description
-----------------------------------------------------------------------------
                  0.00    0.00    0.00   clock clk (rise edge)
                          0.00    0.00   clock network delay (ideal)
                       1000.00 1000.00 ^ input external delay
     1    0.56    0.00    0.00 1000.00 ^ srcb[152] (in)
                                         srcb[152] (net)
                  0.02    0.01 1000.01 ^ input199/A (BUFx2_ASAP7_75t_R)
     1    0.49    4.84    9.77 1009.78 ^ input199/Y (BUFx2_ASAP7_75t_R)
                                         net199 (net)
                  4.84    0.00 1009.78 ^ _2172_/A1 (OA22x2_ASAP7_75t_R)
     1    0.51    4.99   11.81 1021.59 ^ _2172_/Y (OA22x2_ASAP7_75t_R)
                                         net308 (net)
                  4.99    0.01 1021.60 ^ output308/A (BUFx2_ASAP7_75t_R)
     1    0.06    3.72   10.62 1032.21 ^ output308/Y (BUFx2_ASAP7_75t_R)
                                         result[120] (net)
                  3.72    0.00 1032.21 ^ result[120] (out)
                               1032.21   data arrival time

                  0.00    0.00    0.00   clock clk (rise edge)
                          0.00    0.00   clock network delay (ideal)
                          0.00    0.00   clock reconvergence pessimism
                       -1000.00 -1000.00   output external delay
                               -1000.00   data required time
-----------------------------------------------------------------------------
                               -1000.00   data required time
                               -1032.21   data arrival time
-----------------------------------------------------------------------------
                               2032.21   slack (MET)



==========================================================================
detailed place report_checks -path_delay max
--------------------------------------------------------------------------
Startpoint: is_reduct (input port clocked by clk)
Endpoint: result[126] (output port clocked by clk)
Path Group: clk
Path Type: max

Fanout     Cap    Slew   Delay    Time   Description
-----------------------------------------------------------------------------
                  0.00    0.00    0.00   clock clk (rise edge)
                          0.00    0.00   clock network delay (ideal)
                       1000.00 1000.00 v input external delay
     1    2.64    0.00    0.00 1000.00 v is_reduct (in)
                                         is_reduct (net)
                  0.05    0.01 1000.01 v input7/A (BUFx16f_ASAP7_75t_R)
    35   37.77   20.63   14.16 1014.18 v input7/Y (BUFx16f_ASAP7_75t_R)
                                         net7 (net)
                 61.40   19.12 1033.30 v wire498/A (BUFx16f_ASAP7_75t_R)
     6   25.77    9.63   28.11 1061.41 v wire498/Y (BUFx16f_ASAP7_75t_R)
                                         net498 (net)
                109.10   34.47 1095.88 v _1115_/A (AND2x6_ASAP7_75t_R)
     3   18.61   25.93   53.26 1149.13 v _1115_/Y (AND2x6_ASAP7_75t_R)
                                         _0565_ (net)
                 26.38    1.70 1150.83 v wire474/A (BUFx16f_ASAP7_75t_R)
    46   49.31    8.65   21.24 1172.07 v wire474/Y (BUFx16f_ASAP7_75t_R)
                                         net474 (net)
                248.32   77.98 1250.05 v load_slew473/A (BUFx16f_ASAP7_75t_R)
    44   33.00   25.97   54.86 1304.92 v load_slew473/Y (BUFx16f_ASAP7_75t_R)
                                         net473 (net)
                 25.99    0.47 1305.38 v _1386_/B (AO21x1_ASAP7_75t_R)
     2    2.01   14.20   22.87 1328.26 v _1386_/Y (AO21x1_ASAP7_75t_R)
                                         _0818_ (net)
                 14.20    0.05 1328.30 v _1387_/B2 (OA22x2_ASAP7_75t_R)
     6    4.54   19.64   26.48 1354.79 v _1387_/Y (OA22x2_ASAP7_75t_R)
                                         _0819_ (net)
                 19.64    0.07 1354.85 v _1398_/C (NAND3x1_ASAP7_75t_R)
     1    1.08   19.69   18.58 1373.43 ^ _1398_/Y (NAND3x1_ASAP7_75t_R)
                                         _0829_ (net)
                 19.69    0.02 1373.46 ^ _1432_/A1 (AOI221x1_ASAP7_75t_R)
     7    6.91   73.98   41.99 1415.44 v _1432_/Y (AOI221x1_ASAP7_75t_R)
                                         net353 (net)
                 73.99    0.42 1415.86 v _1443_/B (OR3x1_ASAP7_75t_R)
     3    2.34   20.17   41.92 1457.78 v _1443_/Y (OR3x1_ASAP7_75t_R)
                                         _0873_ (net)
                 20.17    0.03 1457.81 v _1446_/A (AND2x6_ASAP7_75t_R)
     4   23.89   20.12   30.43 1488.24 v _1446_/Y (AND2x6_ASAP7_75t_R)
                                         net371 (net)
                 20.23    0.71 1488.94 v _1472_/A1 (AO221x2_ASAP7_75t_R)
     1   21.33   61.04   45.39 1534.33 v _1472_/Y (AO221x2_ASAP7_75t_R)
                                         _0900_ (net)
                124.41   34.80 1569.13 v wire430/A (BUFx16f_ASAP7_75t_R)
     4   19.09   12.99   37.94 1607.07 v wire430/Y (BUFx16f_ASAP7_75t_R)
                                         net430 (net)
                 79.28   24.67 1631.74 v _2153_/A (AND2x2_ASAP7_75t_R)
     2    1.58   11.03   37.50 1669.24 v _2153_/Y (AND2x2_ASAP7_75t_R)
                                         net397 (net)
                 11.03    0.04 1669.28 v _2154_/C1 (AO222x2_ASAP7_75t_R)
     1    1.09   12.41   28.84 1698.12 v _2154_/Y (AO222x2_ASAP7_75t_R)
                                         _0436_ (net)
                 12.41    0.02 1698.14 v _2155_/B (AO31x2_ASAP7_75t_R)
     2    1.30    9.52   16.50 1714.64 v _2155_/Y (AO31x2_ASAP7_75t_R)
                                         _0437_ (net)
                  9.52    0.01 1714.65 v _2228_/B (OR3x1_ASAP7_75t_R)
     1    0.59    8.88   23.25 1737.90 v _2228_/Y (OR3x1_ASAP7_75t_R)
                                         _0494_ (net)
                  8.88    0.01 1737.91 v _2236_/A2 (AO32x1_ASAP7_75t_R)
     1    0.62   11.56   20.78 1758.69 v _2236_/Y (AO32x1_ASAP7_75t_R)
                                         net314 (net)
                 11.56    0.00 1758.70 v output314/A (BUFx2_ASAP7_75t_R)
     1    0.07    3.82   13.41 1772.11 v output314/Y (BUFx2_ASAP7_75t_R)
                                         result[126] (net)
                  3.82    0.00 1772.11 v result[126] (out)
                               1772.11   data arrival time

                  0.00 5000.00 5000.00   clock clk (rise edge)
                          0.00 5000.00   clock network delay (ideal)
                          0.00 5000.00   clock reconvergence pessimism
                       -1000.00 4000.00   output external delay
                               4000.00   data required time
-----------------------------------------------------------------------------
                               4000.00   data required time
                               -1772.11   data arrival time
-----------------------------------------------------------------------------
                               2227.89   slack (MET)



==========================================================================
detailed place report_checks -unconstrained
--------------------------------------------------------------------------
Startpoint: is_reduct (input port clocked by clk)
Endpoint: result[126] (output port clocked by clk)
Path Group: clk
Path Type: max

Fanout     Cap    Slew   Delay    Time   Description
-----------------------------------------------------------------------------
                  0.00    0.00    0.00   clock clk (rise edge)
                          0.00    0.00   clock network delay (ideal)
                       1000.00 1000.00 v input external delay
     1    2.64    0.00    0.00 1000.00 v is_reduct (in)
                                         is_reduct (net)
                  0.05    0.01 1000.01 v input7/A (BUFx16f_ASAP7_75t_R)
    35   37.77   20.63   14.16 1014.18 v input7/Y (BUFx16f_ASAP7_75t_R)
                                         net7 (net)
                 61.40   19.12 1033.30 v wire498/A (BUFx16f_ASAP7_75t_R)
     6   25.77    9.63   28.11 1061.41 v wire498/Y (BUFx16f_ASAP7_75t_R)
                                         net498 (net)
                109.10   34.47 1095.88 v _1115_/A (AND2x6_ASAP7_75t_R)
     3   18.61   25.93   53.26 1149.13 v _1115_/Y (AND2x6_ASAP7_75t_R)
                                         _0565_ (net)
                 26.38    1.70 1150.83 v wire474/A (BUFx16f_ASAP7_75t_R)
    46   49.31    8.65   21.24 1172.07 v wire474/Y (BUFx16f_ASAP7_75t_R)
                                         net474 (net)
                248.32   77.98 1250.05 v load_slew473/A (BUFx16f_ASAP7_75t_R)
    44   33.00   25.97   54.86 1304.92 v load_slew473/Y (BUFx16f_ASAP7_75t_R)
                                         net473 (net)
                 25.99    0.47 1305.38 v _1386_/B (AO21x1_ASAP7_75t_R)
     2    2.01   14.20   22.87 1328.26 v _1386_/Y (AO21x1_ASAP7_75t_R)
                                         _0818_ (net)
                 14.20    0.05 1328.30 v _1387_/B2 (OA22x2_ASAP7_75t_R)
     6    4.54   19.64   26.48 1354.79 v _1387_/Y (OA22x2_ASAP7_75t_R)
                                         _0819_ (net)
                 19.64    0.07 1354.85 v _1398_/C (NAND3x1_ASAP7_75t_R)
     1    1.08   19.69   18.58 1373.43 ^ _1398_/Y (NAND3x1_ASAP7_75t_R)
                                         _0829_ (net)
                 19.69    0.02 1373.46 ^ _1432_/A1 (AOI221x1_ASAP7_75t_R)
     7    6.91   73.98   41.99 1415.44 v _1432_/Y (AOI221x1_ASAP7_75t_R)
                                         net353 (net)
                 73.99    0.42 1415.86 v _1443_/B (OR3x1_ASAP7_75t_R)
     3    2.34   20.17   41.92 1457.78 v _1443_/Y (OR3x1_ASAP7_75t_R)
                                         _0873_ (net)
                 20.17    0.03 1457.81 v _1446_/A (AND2x6_ASAP7_75t_R)
     4   23.89   20.12   30.43 1488.24 v _1446_/Y (AND2x6_ASAP7_75t_R)
                                         net371 (net)
                 20.23    0.71 1488.94 v _1472_/A1 (AO221x2_ASAP7_75t_R)
     1   21.33   61.04   45.39 1534.33 v _1472_/Y (AO221x2_ASAP7_75t_R)
                                         _0900_ (net)
                124.41   34.80 1569.13 v wire430/A (BUFx16f_ASAP7_75t_R)
     4   19.09   12.99   37.94 1607.07 v wire430/Y (BUFx16f_ASAP7_75t_R)
                                         net430 (net)
                 79.28   24.67 1631.74 v _2153_/A (AND2x2_ASAP7_75t_R)
     2    1.58   11.03   37.50 1669.24 v _2153_/Y (AND2x2_ASAP7_75t_R)
                                         net397 (net)
                 11.03    0.04 1669.28 v _2154_/C1 (AO222x2_ASAP7_75t_R)
     1    1.09   12.41   28.84 1698.12 v _2154_/Y (AO222x2_ASAP7_75t_R)
                                         _0436_ (net)
                 12.41    0.02 1698.14 v _2155_/B (AO31x2_ASAP7_75t_R)
     2    1.30    9.52   16.50 1714.64 v _2155_/Y (AO31x2_ASAP7_75t_R)
                                         _0437_ (net)
                  9.52    0.01 1714.65 v _2228_/B (OR3x1_ASAP7_75t_R)
     1    0.59    8.88   23.25 1737.90 v _2228_/Y (OR3x1_ASAP7_75t_R)
                                         _0494_ (net)
                  8.88    0.01 1737.91 v _2236_/A2 (AO32x1_ASAP7_75t_R)
     1    0.62   11.56   20.78 1758.69 v _2236_/Y (AO32x1_ASAP7_75t_R)
                                         net314 (net)
                 11.56    0.00 1758.70 v output314/A (BUFx2_ASAP7_75t_R)
     1    0.07    3.82   13.41 1772.11 v output314/Y (BUFx2_ASAP7_75t_R)
                                         result[126] (net)
                  3.82    0.00 1772.11 v result[126] (out)
                               1772.11   data arrival time

                  0.00 5000.00 5000.00   clock clk (rise edge)
                          0.00 5000.00   clock network delay (ideal)
                          0.00 5000.00   clock reconvergence pessimism
                       -1000.00 4000.00   output external delay
                               4000.00   data required time
-----------------------------------------------------------------------------
                               4000.00   data required time
                               -1772.11   data arrival time
-----------------------------------------------------------------------------
                               2227.89   slack (MET)



==========================================================================
detailed place report_check_types -max_slew -max_cap -max_fanout -violators
--------------------------------------------------------------------------

==========================================================================
detailed place max_slew_check_slack
--------------------------------------------------------------------------
45.409759521484375

==========================================================================
detailed place max_slew_check_limit
--------------------------------------------------------------------------
320.0

==========================================================================
detailed place max_slew_check_slack_limit
--------------------------------------------------------------------------
0.1419

==========================================================================
detailed place max_fanout_check_slack
--------------------------------------------------------------------------
1.0000000150474662e+30

==========================================================================
detailed place max_fanout_check_limit
--------------------------------------------------------------------------
1.0000000150474662e+30

==========================================================================
detailed place max_capacitance_check_slack
--------------------------------------------------------------------------
20.409900665283203

==========================================================================
detailed place max_capacitance_check_limit
--------------------------------------------------------------------------
23.040000915527344

==========================================================================
detailed place max_capacitance_check_slack_limit
--------------------------------------------------------------------------
0.8858

==========================================================================
detailed place max_slew_violation_count
--------------------------------------------------------------------------
max slew violation count 0

==========================================================================
detailed place max_fanout_violation_count
--------------------------------------------------------------------------
max fanout violation count 0

==========================================================================
detailed place max_cap_violation_count
--------------------------------------------------------------------------
max cap violation count 0

==========================================================================
detailed place setup_violation_count
--------------------------------------------------------------------------
setup violation count 0

==========================================================================
detailed place hold_violation_count
--------------------------------------------------------------------------
hold violation count 0

==========================================================================
detailed place critical path delay
--------------------------------------------------------------------------
1772.1138

==========================================================================
detailed place critical path slack
--------------------------------------------------------------------------
2227.8860

==========================================================================
detailed place slack div critical path delay
--------------------------------------------------------------------------
125.719127

==========================================================================
detailed place report_power
--------------------------------------------------------------------------
Group                  Internal  Switching    Leakage      Total
                          Power      Power      Power      Power (Watts)
----------------------------------------------------------------
Sequential             0.00e+00   0.00e+00   0.00e+00   0.00e+00   0.0%
Combinational          3.85e-05   4.27e-05   1.73e-07   8.13e-05 100.0%
Clock                  0.00e+00   0.00e+00   0.00e+00   0.00e+00   0.0%
Macro                  0.00e+00   0.00e+00   0.00e+00   0.00e+00   0.0%
Pad                    0.00e+00   0.00e+00   0.00e+00   0.00e+00   0.0%
----------------------------------------------------------------
Total                  3.85e-05   4.27e-05   1.73e-07   8.13e-05 100.0%
                          47.3%      52.4%       0.2%
