
==========================================================================
cts final report_tns
--------------------------------------------------------------------------
tns 0.00

==========================================================================
cts final report_wns
--------------------------------------------------------------------------
wns 0.00

==========================================================================
cts final report_worst_slack
--------------------------------------------------------------------------
worst slack 6.05

==========================================================================
cts final report_clock_skew
--------------------------------------------------------------------------
Clock clk
No launch/capture paths found.


==========================================================================
cts final report_checks -path_delay min
--------------------------------------------------------------------------
Startpoint: srcb[119] (input port clocked by clk)
Endpoint: result[87] (output port clocked by clk)
Path Group: clk
Path Type: min

Fanout     Cap    Slew   Delay    Time   Description
-----------------------------------------------------------------------------
                  0.00    0.00    0.00   clock clk (rise edge)
                          0.00    0.00   clock network delay (ideal)
                          6.00    6.00 v input external delay
     1    1.51    0.00    0.00    6.00 v srcb[119] (in)
                                         srcb[119] (net)
                  0.00    0.00    6.00 v input203/A (BUF_X1)
     3    8.40    0.01    0.03    6.03 v input203/Z (BUF_X1)
                                         net203 (net)
                  0.01    0.00    6.03 v _13677_/A2 (NAND2_X1)
     1    2.39    0.01    0.02    6.05 ^ _13677_/ZN (NAND2_X1)
                                         _06466_ (net)
                  0.01    0.00    6.05 ^ _13678_/C1 (OAI221_X1)
     1    2.07    0.01    0.02    6.07 v _13678_/ZN (OAI221_X1)
                                         net473 (net)
                  0.01    0.00    6.07 v output473/A (BUF_X1)
     1    0.75    0.00    0.02    6.10 v output473/Z (BUF_X1)
                                         result[87] (net)
                  0.00    0.00    6.10 v result[87] (out)
                                  6.10   data arrival time

                  0.00    0.00    0.00   clock clk (rise edge)
                          0.00    0.00   clock network delay (ideal)
                          0.00    0.00   clock reconvergence pessimism
                         -6.00   -6.00   output external delay
                                 -6.00   data required time
-----------------------------------------------------------------------------
                                 -6.00   data required time
                                 -6.10   data arrival time
-----------------------------------------------------------------------------
                                 12.10   slack (MET)



==========================================================================
cts final report_checks -path_delay max
--------------------------------------------------------------------------
Startpoint: is_negate_srcb (input port clocked by clk)
Endpoint: result[10] (output port clocked by clk)
Path Group: clk
Path Type: max

Fanout     Cap    Slew   Delay    Time   Description
-----------------------------------------------------------------------------
                  0.00    0.00    0.00   clock clk (rise edge)
                          0.00    0.00   clock network delay (ideal)
                          6.00    6.00 v input external delay
     1   25.26    0.00    0.00    6.00 v is_negate_srcb (in)
                                         is_negate_srcb (net)
                  0.00    0.00    6.00 v input25/A (BUF_X32)
     1   58.23    0.00    0.02    6.02 v input25/Z (BUF_X32)
                                         net25 (net)
                  0.06    0.05    6.07 v wire1558/A (BUF_X16)
     1   55.39    0.01    0.04    6.11 v wire1558/Z (BUF_X16)
                                         net1558 (net)
                  0.05    0.04    6.16 v wire1557/A (BUF_X16)
     1   77.36    0.01    0.04    6.20 v wire1557/Z (BUF_X16)
                                         net1557 (net)
                  0.10    0.08    6.28 v wire1556/A (BUF_X32)
     1   79.12    0.01    0.05    6.33 v wire1556/Z (BUF_X32)
                                         net1556 (net)
                  0.10    0.08    6.41 v wire1555/A (BUF_X32)
     1   77.13    0.01    0.05    6.47 v wire1555/Z (BUF_X32)
                                         net1555 (net)
                  0.09    0.08    6.54 v wire1554/A (BUF_X32)
     1   77.87    0.01    0.05    6.59 v wire1554/Z (BUF_X32)
                                         net1554 (net)
                  0.10    0.08    6.67 v wire1553/A (BUF_X32)
    76  288.26    0.01    0.05    6.72 v wire1553/Z (BUF_X32)
                                         net1553 (net)
                  0.31    0.25    6.98 v _06989_/A2 (NOR4_X2)
     1    3.67    0.07    0.17    7.14 ^ _06989_/ZN (NOR4_X2)
                                         _06058_ (net)
                  0.07    0.00    7.14 ^ _06991_/A (AOI221_X2)
     3    5.83    0.04    0.03    7.17 v _06991_/ZN (AOI221_X2)
                                         _06075_ (net)
                  0.04    0.00    7.17 v _06992_/B2 (OAI33_X1)
     2    6.40    0.09    0.12    7.29 ^ _06992_/ZN (OAI33_X1)
                                         _06085_ (net)
                  0.09    0.00    7.29 ^ _06994_/B1 (OAI22_X2)
     1    3.37    0.02    0.03    7.32 v _06994_/ZN (OAI22_X2)
                                         _06107_ (net)
                  0.02    0.00    7.32 v _07020_/B1 (AOI221_X2)
     3   15.62    0.08    0.12    7.44 ^ _07020_/ZN (AOI221_X2)
                                         _06354_ (net)
                  0.08    0.00    7.44 ^ _07040_/A (OAI21_X4)
     5   20.38    0.03    0.04    7.49 v _07040_/ZN (OAI21_X4)
                                         _06534_ (net)
                  0.03    0.00    7.49 v _07243_/B2 (AOI221_X2)
    10   26.43    0.12    0.17    7.66 ^ _07243_/ZN (AOI221_X2)
                                         _06747_ (net)
                  0.12    0.00    7.66 ^ _07286_/S (MUX2_X2)
     7   16.24    0.02    0.10    7.76 v _07286_/Z (MUX2_X2)
                                         _06790_ (net)
                  0.02    0.00    7.76 v _07340_/B2 (OAI33_X1)
     1    3.78    0.07    0.10    7.86 ^ _07340_/ZN (OAI33_X1)
                                         _00046_ (net)
                  0.07    0.00    7.86 ^ _07341_/A (AOI221_X2)
     3    7.73    0.03    0.03    7.89 v _07341_/ZN (AOI221_X2)
                                         _00047_ (net)
                  0.03    0.00    7.89 v _07349_/A3 (OAI33_X1)
     2    8.61    0.11    0.12    8.00 ^ _07349_/ZN (OAI33_X1)
                                         _00055_ (net)
                  0.11    0.00    8.00 ^ max_cap1205/A (BUF_X1)
     2   11.83    0.03    0.06    8.06 ^ max_cap1205/Z (BUF_X1)
                                         net1205 (net)
                  0.03    0.00    8.06 ^ max_cap1204/A (BUF_X2)
     5   12.65    0.02    0.04    8.10 ^ max_cap1204/Z (BUF_X2)
                                         net1204 (net)
                  0.02    0.00    8.10 ^ _07390_/A3 (OAI33_X1)
     1    4.22    0.02    0.03    8.13 v _07390_/ZN (OAI33_X1)
                                         _00096_ (net)
                  0.02    0.00    8.13 v wire1202/A (BUF_X2)
     3   13.34    0.01    0.04    8.17 v wire1202/Z (BUF_X2)
                                         net1202 (net)
                  0.01    0.00    8.17 v max_cap1201/A (BUF_X2)
     4   12.28    0.01    0.03    8.20 v max_cap1201/Z (BUF_X2)
                                         net1201 (net)
                  0.01    0.00    8.20 v max_cap1200/A (BUF_X2)
     2    9.27    0.01    0.03    8.24 v max_cap1200/Z (BUF_X2)
                                         net1200 (net)
                  0.01    0.00    8.24 v max_cap1199/A (BUF_X2)
     3   10.27    0.01    0.03    8.27 v max_cap1199/Z (BUF_X2)
                                         net1199 (net)
                  0.01    0.00    8.27 v _07678_/A3 (AND4_X2)
     7   16.99    0.01    0.05    8.31 v _07678_/ZN (AND4_X2)
                                         _00384_ (net)
                  0.01    0.00    8.31 v _07920_/A2 (OR4_X1)
     1    3.43    0.02    0.11    8.42 v _07920_/ZN (OR4_X1)
                                         _00625_ (net)
                  0.02    0.00    8.42 v _07921_/B2 (OAI221_X2)
     2    9.30    0.05    0.07    8.49 ^ _07921_/ZN (OAI221_X2)
                                         _00626_ (net)
                  0.05    0.00    8.49 ^ _07951_/B2 (AOI22_X1)
     1    1.71    0.02    0.03    8.52 v _07951_/ZN (AOI22_X1)
                                         _00656_ (net)
                  0.02    0.00    8.52 v _07952_/A2 (NOR2_X1)
     1    2.66    0.02    0.04    8.56 ^ _07952_/ZN (NOR2_X1)
                                         _00657_ (net)
                  0.02    0.00    8.56 ^ _07953_/B2 (OAI33_X1)
     2   10.12    0.03    0.05    8.61 v _07953_/ZN (OAI33_X1)
                                         _00658_ (net)
                  0.03    0.00    8.61 v _07974_/A4 (NOR4_X4)
     9   35.55    0.11    0.17    8.78 ^ _07974_/ZN (NOR4_X4)
                                         _00679_ (net)
                  0.11    0.00    8.78 ^ _08004_/B2 (AOI21_X4)
     5    9.41    0.02    0.03    8.80 v _08004_/ZN (AOI21_X4)
                                         _00709_ (net)
                  0.02    0.00    8.80 v _08223_/B1 (OAI33_X1)
     4   11.56    0.13    0.15    8.95 ^ _08223_/ZN (OAI33_X1)
                                         _00928_ (net)
                  0.13    0.00    8.95 ^ _08227_/A (AOI21_X4)
     4   12.73    0.03    0.03    8.98 v _08227_/ZN (AOI21_X4)
                                         _00932_ (net)
                  0.03    0.00    8.98 v _08239_/A4 (AND4_X1)
     1    5.78    0.01    0.06    9.03 v _08239_/ZN (AND4_X1)
                                         _00944_ (net)
                  0.01    0.00    9.03 v _08259_/B1 (AOI21_X4)
     8   37.95    0.06    0.07    9.10 ^ _08259_/ZN (AOI21_X4)
                                         _00964_ (net)
                  0.06    0.00    9.10 ^ _08268_/S (MUX2_X2)
    15   66.71    0.04    0.13    9.23 v _08268_/Z (MUX2_X2)
                                         _00973_ (net)
                  0.04    0.01    9.24 v _08270_/B1 (OAI21_X4)
    17   52.83    0.07    0.10    9.33 ^ _08270_/ZN (OAI21_X4)
                                         _00975_ (net)
                  0.07    0.00    9.34 ^ _08353_/S (MUX2_X2)
     5   19.63    0.02    0.10    9.44 v _08353_/Z (MUX2_X2)
                                         _01058_ (net)
                  0.02    0.00    9.44 v _08365_/B1 (OAI33_X1)
     5   12.17    0.13    0.15    9.59 ^ _08365_/ZN (OAI33_X1)
                                         _01070_ (net)
                  0.13    0.00    9.59 ^ _08374_/A (OAI21_X1)
     2    5.15    0.03    0.05    9.64 v _08374_/ZN (OAI21_X1)
                                         _01079_ (net)
                  0.03    0.00    9.64 v _08544_/A1 (AND3_X1)
     1    3.87    0.01    0.04    9.68 v _08544_/ZN (AND3_X1)
                                         _01249_ (net)
                  0.01    0.00    9.68 v _08546_/B1 (OAI221_X2)
     4   13.11    0.06    0.07    9.75 ^ _08546_/ZN (OAI221_X2)
                                         _01251_ (net)
                  0.06    0.00    9.75 ^ _08731_/C1 (AOI211_X2)
     2    6.10    0.02    0.03    9.78 v _08731_/ZN (AOI211_X2)
                                         _01435_ (net)
                  0.02    0.00    9.78 v _08736_/A (AOI211_X2)
     4   21.93    0.10    0.14    9.92 ^ _08736_/ZN (AOI211_X2)
                                         _01440_ (net)
                  0.10    0.00    9.92 ^ max_cap1169/A (BUF_X4)
     9   29.81    0.02    0.05    9.97 ^ max_cap1169/Z (BUF_X4)
                                         net1169 (net)
                  0.02    0.00    9.97 ^ _08883_/C2 (OAI221_X2)
     4   12.25    0.03    0.04   10.01 v _08883_/ZN (OAI221_X2)
                                         _01587_ (net)
                  0.03    0.00   10.02 v _08925_/A2 (OR2_X2)
     4   13.47    0.01    0.07   10.08 v _08925_/ZN (OR2_X2)
                                         _01629_ (net)
                  0.01    0.00   10.08 v _08963_/B1 (AOI221_X2)
     3   10.60    0.07    0.10   10.18 ^ _08963_/ZN (AOI221_X2)
                                         _01667_ (net)
                  0.07    0.00   10.18 ^ _08964_/C2 (AOI211_X2)
     4   16.66    0.02    0.04   10.23 v _08964_/ZN (AOI211_X2)
                                         _01668_ (net)
                  0.02    0.00   10.23 v _09047_/A1 (AOI22_X2)
     2    6.06    0.03    0.04   10.27 ^ _09047_/ZN (AOI22_X2)
                                         _01751_ (net)
                  0.03    0.00   10.27 ^ _09048_/S (MUX2_X2)
    18   61.41    0.04    0.12   10.40 v _09048_/Z (MUX2_X2)
                                         _01752_ (net)
                  0.04    0.00   10.40 v _09132_/A4 (NOR4_X4)
     2   12.64    0.06    0.11   10.50 ^ _09132_/ZN (NOR4_X4)
                                         _01836_ (net)
                  0.06    0.00   10.50 ^ _09145_/A3 (NOR4_X4)
     2    8.35    0.02    0.02   10.53 v _09145_/ZN (NOR4_X4)
                                         _01849_ (net)
                  0.02    0.00   10.53 v _09246_/A2 (AND2_X1)
     1    2.22    0.01    0.04   10.56 v _09246_/ZN (AND2_X1)
                                         _01950_ (net)
                  0.01    0.00   10.56 v _09247_/B3 (OAI33_X1)
     3   14.29    0.15    0.18   10.74 ^ _09247_/ZN (OAI33_X1)
                                         _01951_ (net)
                  0.15    0.00   10.74 ^ _09260_/A1 (OAI22_X4)
     5   17.09    0.04    0.04   10.78 v _09260_/ZN (OAI22_X4)
                                         _01964_ (net)
                  0.04    0.00   10.78 v _09470_/S (MUX2_X1)
     3    5.77    0.01    0.07   10.85 v _09470_/Z (MUX2_X1)
                                         _02173_ (net)
                  0.01    0.00   10.85 v _09479_/B1 (OAI33_X1)
     3    6.03    0.09    0.10   10.96 ^ _09479_/ZN (OAI33_X1)
                                         _02182_ (net)
                  0.09    0.00   10.96 ^ wire1116/A (CLKBUF_X2)
     3   16.13    0.02    0.06   11.02 ^ wire1116/Z (CLKBUF_X2)
                                         net1116 (net)
                  0.02    0.00   11.02 ^ _09480_/S (MUX2_X2)
    11   31.72    0.02    0.10   11.12 v _09480_/Z (MUX2_X2)
                                         _02183_ (net)
                  0.02    0.00   11.12 v _09644_/S (MUX2_X1)
     2    6.02    0.01    0.06   11.19 v _09644_/Z (MUX2_X1)
                                         _02347_ (net)
                  0.01    0.00   11.19 v _09645_/C1 (AOI221_X2)
     9   27.80    0.13    0.14   11.33 ^ _09645_/ZN (AOI221_X2)
                                         _02348_ (net)
                  0.13    0.00   11.33 ^ _09726_/A2 (OR2_X1)
     3   15.00    0.04    0.07   11.40 ^ _09726_/ZN (OR2_X1)
                                         _02429_ (net)
                  0.04    0.00   11.41 ^ _09740_/B1 (AOI21_X1)
     2   10.28    0.02    0.04   11.45 v _09740_/ZN (AOI21_X1)
                                         _02443_ (net)
                  0.02    0.00   11.45 v _09754_/A2 (NOR2_X1)
     2    9.85    0.05    0.08   11.52 ^ _09754_/ZN (NOR2_X1)
                                         _02457_ (net)
                  0.05    0.00   11.52 ^ _09764_/A1 (NAND2_X1)
     1    5.88    0.02    0.03   11.56 v _09764_/ZN (NAND2_X1)
                                         _02467_ (net)
                  0.02    0.00   11.56 v _09768_/B2 (AOI221_X2)
     4   21.60    0.10    0.15   11.71 ^ _09768_/ZN (AOI221_X2)
                                         _02471_ (net)
                  0.10    0.00   11.71 ^ max_cap1102/A (BUF_X4)
     5   29.48    0.02    0.05   11.76 ^ max_cap1102/Z (BUF_X4)
                                         net1102 (net)
                  0.02    0.00   11.76 ^ max_cap1101/A (BUF_X4)
     7   33.57    0.02    0.04   11.80 ^ max_cap1101/Z (BUF_X4)
                                         net1101 (net)
                  0.02    0.00   11.80 ^ _09904_/A2 (NAND2_X4)
    55  145.20    0.07    0.08   11.89 v _09904_/ZN (NAND2_X4)
                                         _02607_ (net)
                  0.07    0.00   11.89 v _09905_/S (MUX2_X2)
     2   11.89    0.02    0.09   11.98 ^ _09905_/Z (MUX2_X2)
                                         _02608_ (net)
                  0.02    0.00   11.98 ^ _09908_/B1 (OAI221_X2)
     3   12.21    0.04    0.04   12.02 v _09908_/ZN (OAI221_X2)
                                         _02611_ (net)
                  0.04    0.00   12.03 v _09948_/A3 (OAI33_X1)
     4   10.46    0.12    0.14   12.16 ^ _09948_/ZN (OAI33_X1)
                                         _02651_ (net)
                  0.12    0.00   12.16 ^ _10067_/A2 (AND2_X1)
     2    7.74    0.02    0.07   12.23 ^ _10067_/ZN (AND2_X1)
                                         _02770_ (net)
                  0.02    0.00   12.23 ^ _10070_/B2 (OAI221_X2)
     4   16.33    0.03    0.06   12.28 v _10070_/ZN (OAI221_X2)
                                         _02773_ (net)
                  0.03    0.00   12.28 v _10154_/C1 (OAI221_X4)
     7   25.72    0.02    0.09   12.37 ^ _10154_/ZN (OAI221_X4)
                                         _02856_ (net)
                  0.02    0.00   12.38 ^ _10189_/B1 (AOI21_X4)
     6   20.10    0.02    0.02   12.40 v _10189_/ZN (AOI21_X4)
                                         _02891_ (net)
                  0.02    0.00   12.40 v _10268_/B3 (OAI33_X1)
     3   10.53    0.12    0.16   12.55 ^ _10268_/ZN (OAI33_X1)
                                         _02970_ (net)
                  0.12    0.00   12.56 ^ _10308_/A3 (OAI33_X1)
     1    1.96    0.03    0.05   12.60 v _10308_/ZN (OAI33_X1)
                                         _03010_ (net)
                  0.03    0.00   12.60 v _10309_/A4 (NOR4_X1)
     2    3.19    0.06    0.10   12.70 ^ _10309_/ZN (NOR4_X1)
                                         _03011_ (net)
                  0.06    0.00   12.70 ^ _10350_/C1 (AOI211_X4)
     7   22.82    0.01    0.06   12.77 v _10350_/ZN (AOI211_X4)
                                         _03052_ (net)
                  0.01    0.00   12.77 v _10409_/A1 (OR2_X2)
     3   12.86    0.01    0.05   12.82 v _10409_/ZN (OR2_X2)
                                         _03111_ (net)
                  0.01    0.00   12.82 v _10486_/B2 (AOI22_X4)
    10   40.07    0.06    0.09   12.91 ^ _10486_/ZN (AOI22_X4)
                                         _03188_ (net)
                  0.06    0.00   12.91 ^ _10487_/S (MUX2_X2)
     9   25.36    0.02    0.10   13.02 v _10487_/Z (MUX2_X2)
                                         _03189_ (net)
                  0.02    0.00   13.02 v _10500_/B2 (AOI221_X2)
     3   14.32    0.12    0.13   13.14 ^ _10500_/ZN (AOI221_X2)
                                         _03202_ (net)
                  0.12    0.00   13.14 ^ _10790_/B1 (AOI21_X4)
     3   10.83    0.03    0.03   13.17 v _10790_/ZN (AOI21_X4)
                                         _03492_ (net)
                  0.03    0.00   13.17 v _10791_/B1 (OAI33_X1)
     3    8.48    0.11    0.13   13.30 ^ _10791_/ZN (OAI33_X1)
                                         _03493_ (net)
                  0.11    0.00   13.30 ^ max_cap1062/A (BUF_X2)
     5   10.40    0.02    0.04   13.34 ^ max_cap1062/Z (BUF_X2)
                                         net1062 (net)
                  0.02    0.00   13.34 ^ max_cap1061/A (CLKBUF_X2)
     3   10.26    0.01    0.04   13.38 ^ max_cap1061/Z (CLKBUF_X2)
                                         net1061 (net)
                  0.01    0.00   13.38 ^ max_cap1060/A (BUF_X2)
     4   11.60    0.02    0.03   13.41 ^ max_cap1060/Z (BUF_X2)
                                         net1060 (net)
                  0.02    0.00   13.41 ^ _11020_/A1 (OR3_X1)
     1    4.37    0.01    0.03   13.44 ^ _11020_/ZN (OR3_X1)
                                         _03721_ (net)
                  0.01    0.00   13.44 ^ _11022_/A (OAI221_X2)
     1    6.22    0.02    0.04   13.48 v _11022_/ZN (OAI221_X2)
                                         _03723_ (net)
                  0.02    0.00   13.48 v _11024_/B1 (OAI21_X4)
     4   16.89    0.03    0.04   13.53 ^ _11024_/ZN (OAI21_X4)
                                         _03725_ (net)
                  0.03    0.00   13.53 ^ _11163_/B1 (AOI221_X2)
     1    4.26    0.02    0.03   13.56 v _11163_/ZN (AOI221_X2)
                                         _03864_ (net)
                  0.02    0.00   13.56 v _11164_/B (AOI211_X2)
     3   16.78    0.08    0.12   13.68 ^ _11164_/ZN (AOI211_X2)
                                         _03865_ (net)
                  0.08    0.00   13.68 ^ _11165_/B2 (OAI22_X4)
     4   18.37    0.08    0.04   13.72 v _11165_/ZN (OAI22_X4)
                                         _03866_ (net)
                  0.08    0.00   13.72 v _11170_/A2 (AND2_X1)
     4   16.15    0.02    0.08   13.81 v _11170_/ZN (AND2_X1)
                                         _03871_ (net)
                  0.02    0.00   13.81 v _11257_/A4 (OR4_X2)
     2   14.21    0.02    0.13   13.94 v _11257_/ZN (OR4_X2)
                                         _03958_ (net)
                  0.02    0.00   13.94 v _11258_/A2 (NOR2_X1)
     1    7.10    0.04    0.06   14.00 ^ _11258_/ZN (NOR2_X1)
                                         _03959_ (net)
                  0.04    0.00   14.00 ^ _11259_/C2 (OAI221_X4)
     6   24.76    0.01    0.08   14.08 v _11259_/ZN (OAI221_X4)
                                         _03960_ (net)
                  0.01    0.00   14.08 v _11355_/A1 (OR2_X2)
     6   19.48    0.02    0.06   14.14 v _11355_/ZN (OR2_X2)
                                         _04059_ (net)
                  0.02    0.00   14.14 v _11365_/A3 (NAND4_X2)
     2    6.27    0.02    0.03   14.17 ^ _11365_/ZN (NAND4_X2)
                                         _04070_ (net)
                  0.02    0.00   14.17 ^ _11368_/A3 (NAND4_X2)
     4   14.13    0.03    0.05   14.22 v _11368_/ZN (NAND4_X2)
                                         _04073_ (net)
                  0.03    0.00   14.22 v _11397_/B2 (OAI33_X1)
     3   10.72    0.15    0.16   14.38 ^ _11397_/ZN (OAI33_X1)
                                         _04105_ (net)
                  0.15    0.00   14.38 ^ max_cap1058/A (CLKBUF_X2)
     5   15.14    0.02    0.07   14.45 ^ max_cap1058/Z (CLKBUF_X2)
                                         net1058 (net)
                  0.02    0.00   14.45 ^ _11435_/A1 (NOR2_X1)
     2    7.86    0.04    0.02   14.47 v _11435_/ZN (NOR2_X1)
                                         _04147_ (net)
                  0.04    0.00   14.47 v _11486_/C1 (AOI211_X2)
     4   16.53    0.08    0.10   14.57 ^ _11486_/ZN (AOI211_X2)
                                         _04203_ (net)
                  0.08    0.00   14.57 ^ _11554_/A4 (NOR4_X4)
     5   14.50    0.02    0.03   14.60 v _11554_/ZN (NOR4_X4)
                                         _04278_ (net)
                  0.02    0.00   14.60 v _11556_/A2 (OR3_X2)
     3   11.12    0.02    0.09   14.69 v _11556_/ZN (OR3_X2)
                                         _04280_ (net)
                  0.02    0.00   14.69 v _11701_/A2 (NOR2_X1)
     2    7.75    0.04    0.06   14.75 ^ _11701_/ZN (NOR2_X1)
                                         _04438_ (net)
                  0.04    0.00   14.75 ^ _11799_/B2 (OAI33_X1)
     2    5.35    0.03    0.04   14.80 v _11799_/ZN (OAI33_X1)
                                         _04546_ (net)
                  0.03    0.00   14.80 v _11800_/A4 (OR4_X2)
     3   13.12    0.02    0.13   14.93 v _11800_/ZN (OR4_X2)
                                         _04547_ (net)
                  0.02    0.00   14.93 v _11801_/A2 (NAND2_X1)
     3   13.24    0.03    0.05   14.98 ^ _11801_/ZN (NAND2_X1)
                                         _04548_ (net)
                  0.03    0.00   14.98 ^ _11918_/S (MUX2_X1)
     2    7.47    0.02    0.07   15.05 v _11918_/Z (MUX2_X1)
                                         _04677_ (net)
                  0.02    0.00   15.05 v _11919_/C1 (AOI221_X2)
     5   13.70    0.10    0.09   15.14 ^ _11919_/ZN (AOI221_X2)
                                         _04678_ (net)
                  0.10    0.00   15.15 ^ _11923_/A1 (NOR2_X1)
     2    8.77    0.03    0.03   15.18 v _11923_/ZN (NOR2_X1)
                                         _04682_ (net)
                  0.03    0.00   15.18 v _11925_/B (AOI211_X2)
     3   10.48    0.06    0.10   15.28 ^ _11925_/ZN (AOI211_X2)
                                         _04685_ (net)
                  0.06    0.00   15.28 ^ _11941_/B2 (OAI21_X2)
     3   10.70    0.02    0.04   15.32 v _11941_/ZN (OAI21_X2)
                                         _04702_ (net)
                  0.02    0.00   15.32 v _11942_/A (OAI221_X2)
     5   20.80    0.08    0.05   15.37 ^ _11942_/ZN (OAI221_X2)
                                         _04703_ (net)
                  0.08    0.00   15.37 ^ _11947_/A3 (AND3_X2)
     5   17.19    0.02    0.07   15.44 ^ _11947_/ZN (AND3_X2)
                                         _04709_ (net)
                  0.02    0.00   15.44 ^ _11987_/A2 (OR3_X2)
     3   13.28    0.02    0.04   15.48 ^ _11987_/ZN (OR3_X2)
                                         _04753_ (net)
                  0.02    0.00   15.48 ^ _11990_/B1 (OAI221_X2)
     4   18.15    0.08    0.05   15.54 v _11990_/ZN (OAI221_X2)
                                         _04756_ (net)
                  0.08    0.00   15.54 v _12029_/B2 (OAI21_X4)
    17   46.61    0.06    0.11   15.64 ^ _12029_/ZN (OAI21_X4)
                                         _04799_ (net)
                  0.06    0.00   15.65 ^ _12083_/S (MUX2_X2)
     3   11.98    0.01    0.09   15.74 v _12083_/Z (MUX2_X2)
                                         _04858_ (net)
                  0.01    0.00   15.74 v _12099_/C2 (AOI221_X2)
     5   15.15    0.08    0.10   15.84 ^ _12099_/ZN (AOI221_X2)
                                         _04876_ (net)
                  0.08    0.00   15.84 ^ _12101_/A1 (NOR2_X1)
     1    4.82    0.02    0.02   15.86 v _12101_/ZN (NOR2_X1)
                                         _04878_ (net)
                  0.02    0.00   15.86 v _12185_/B1 (OAI33_X1)
     3   11.74    0.13    0.15   16.01 ^ _12185_/ZN (OAI33_X1)
                                         _04971_ (net)
                  0.13    0.00   16.01 ^ _12189_/C1 (AOI221_X2)
     3   10.08    0.04    0.04   16.05 v _12189_/ZN (AOI221_X2)
                                         _04975_ (net)
                  0.04    0.00   16.05 v _12221_/A2 (OAI33_X1)
     3   13.14    0.14    0.15   16.20 ^ _12221_/ZN (OAI33_X1)
                                         _05010_ (net)
                  0.14    0.00   16.20 ^ _12298_/A3 (NAND4_X4)
     4   17.79    0.04    0.06   16.27 v _12298_/ZN (NAND4_X4)
                                         _05088_ (net)
                  0.04    0.00   16.27 v _12330_/A1 (AND3_X2)
     5   20.26    0.01    0.06   16.32 v _12330_/ZN (AND3_X2)
                                         _05123_ (net)
                  0.01    0.00   16.32 v _12398_/B2 (OAI21_X4)
    13   37.10    0.05    0.07   16.40 ^ _12398_/ZN (OAI21_X4)
                                         _05198_ (net)
                  0.05    0.00   16.40 ^ _12633_/S (MUX2_X1)
     1    3.44    0.01    0.07   16.46 v _12633_/Z (MUX2_X1)
                                         _05440_ (net)
                  0.01    0.00   16.46 v _12634_/B2 (AOI221_X2)
     3   13.21    0.08    0.12   16.58 ^ _12634_/ZN (AOI221_X2)
                                         _05442_ (net)
                  0.08    0.00   16.58 ^ _12636_/B2 (OAI221_X2)
     5   20.93    0.04    0.07   16.65 v _12636_/ZN (OAI221_X2)
                                         _05444_ (net)
                  0.04    0.00   16.66 v _12644_/A1 (OAI22_X4)
     2    8.07    0.03    0.04   16.70 ^ _12644_/ZN (OAI22_X4)
                                         _05453_ (net)
                  0.03    0.00   16.70 ^ _12647_/A2 (NAND4_X4)
     6   17.70    0.03    0.05   16.74 v _12647_/ZN (NAND4_X4)
                                         _05456_ (net)
                  0.03    0.00   16.75 v _12912_/A3 (AND4_X1)
     1    4.42    0.01    0.05   16.80 v _12912_/ZN (AND4_X1)
                                         _05737_ (net)
                  0.01    0.00   16.80 v _12913_/A3 (OR3_X4)
     6   29.78    0.02    0.09   16.88 v _12913_/ZN (OR3_X4)
                                         _05738_ (net)
                  0.02    0.00   16.88 v _12922_/B1 (OAI21_X4)
    17   54.78    0.07    0.09   16.97 ^ _12922_/ZN (OAI21_X4)
                                         _05748_ (net)
                  0.07    0.00   16.97 ^ max_cap1057/A (BUF_X16)
    20   73.01    0.01    0.04   17.01 ^ max_cap1057/Z (BUF_X16)
                                         net1057 (net)
                  0.01    0.01   17.02 ^ max_cap1056/A (BUF_X16)
    39  102.25    0.02    0.03   17.05 ^ max_cap1056/Z (BUF_X16)
                                         net1056 (net)
                  0.02    0.00   17.05 ^ _13002_/S (MUX2_X1)
     1    5.49    0.01    0.07   17.12 v _13002_/Z (MUX2_X1)
                                         _05825_ (net)
                  0.01    0.00   17.12 v _13003_/A2 (NAND2_X1)
     1   10.42    0.03    0.04   17.16 ^ _13003_/ZN (NAND2_X1)
                                         _05826_ (net)
                  0.03    0.00   17.16 ^ _13004_/A4 (NAND4_X4)
     1   38.43    0.04    0.06   17.22 v _13004_/ZN (NAND4_X4)
                                         net371 (net)
                  0.05    0.03   17.24 v wire629/A (BUF_X8)
     1   39.00    0.01    0.04   17.29 v wire629/Z (BUF_X8)
                                         net629 (net)
                  0.03    0.02   17.31 v wire628/A (BUF_X16)
     1   77.64    0.01    0.03   17.34 v wire628/Z (BUF_X16)
                                         net628 (net)
                  0.10    0.08   17.42 v wire627/A (BUF_X32)
     1   77.08    0.01    0.05   17.47 v wire627/Z (BUF_X32)
                                         net627 (net)
                  0.09    0.08   17.55 v wire626/A (BUF_X32)
     1   77.45    0.01    0.05   17.60 v wire626/Z (BUF_X32)
                                         net626 (net)
                  0.09    0.08   17.68 v wire625/A (BUF_X32)
     1   77.23    0.01    0.05   17.73 v wire625/Z (BUF_X32)
                                         net625 (net)
                  0.09    0.08   17.81 v wire624/A (BUF_X32)
     1   53.34    0.01    0.05   17.86 v wire624/Z (BUF_X32)
                                         net624 (net)
                  0.05    0.04   17.90 v output371/A (BUF_X1)
     1    0.91    0.01    0.04   17.95 v output371/Z (BUF_X1)
                                         result[10] (net)
                  0.01    0.00   17.95 v result[10] (out)
                                 17.95   data arrival time

                  0.00   30.00   30.00   clock clk (rise edge)
                          0.00   30.00   clock network delay (ideal)
                          0.00   30.00   clock reconvergence pessimism
                         -6.00   24.00   output external delay
                                 24.00   data required time
-----------------------------------------------------------------------------
                                 24.00   data required time
                                -17.95   data arrival time
-----------------------------------------------------------------------------
                                  6.05   slack (MET)



==========================================================================
cts final report_checks -unconstrained
--------------------------------------------------------------------------
Startpoint: is_negate_srcb (input port clocked by clk)
Endpoint: result[10] (output port clocked by clk)
Path Group: clk
Path Type: max

Fanout     Cap    Slew   Delay    Time   Description
-----------------------------------------------------------------------------
                  0.00    0.00    0.00   clock clk (rise edge)
                          0.00    0.00   clock network delay (ideal)
                          6.00    6.00 v input external delay
     1   25.26    0.00    0.00    6.00 v is_negate_srcb (in)
                                         is_negate_srcb (net)
                  0.00    0.00    6.00 v input25/A (BUF_X32)
     1   58.23    0.00    0.02    6.02 v input25/Z (BUF_X32)
                                         net25 (net)
                  0.06    0.05    6.07 v wire1558/A (BUF_X16)
     1   55.39    0.01    0.04    6.11 v wire1558/Z (BUF_X16)
                                         net1558 (net)
                  0.05    0.04    6.16 v wire1557/A (BUF_X16)
     1   77.36    0.01    0.04    6.20 v wire1557/Z (BUF_X16)
                                         net1557 (net)
                  0.10    0.08    6.28 v wire1556/A (BUF_X32)
     1   79.12    0.01    0.05    6.33 v wire1556/Z (BUF_X32)
                                         net1556 (net)
                  0.10    0.08    6.41 v wire1555/A (BUF_X32)
     1   77.13    0.01    0.05    6.47 v wire1555/Z (BUF_X32)
                                         net1555 (net)
                  0.09    0.08    6.54 v wire1554/A (BUF_X32)
     1   77.87    0.01    0.05    6.59 v wire1554/Z (BUF_X32)
                                         net1554 (net)
                  0.10    0.08    6.67 v wire1553/A (BUF_X32)
    76  288.26    0.01    0.05    6.72 v wire1553/Z (BUF_X32)
                                         net1553 (net)
                  0.31    0.25    6.98 v _06989_/A2 (NOR4_X2)
     1    3.67    0.07    0.17    7.14 ^ _06989_/ZN (NOR4_X2)
                                         _06058_ (net)
                  0.07    0.00    7.14 ^ _06991_/A (AOI221_X2)
     3    5.83    0.04    0.03    7.17 v _06991_/ZN (AOI221_X2)
                                         _06075_ (net)
                  0.04    0.00    7.17 v _06992_/B2 (OAI33_X1)
     2    6.40    0.09    0.12    7.29 ^ _06992_/ZN (OAI33_X1)
                                         _06085_ (net)
                  0.09    0.00    7.29 ^ _06994_/B1 (OAI22_X2)
     1    3.37    0.02    0.03    7.32 v _06994_/ZN (OAI22_X2)
                                         _06107_ (net)
                  0.02    0.00    7.32 v _07020_/B1 (AOI221_X2)
     3   15.62    0.08    0.12    7.44 ^ _07020_/ZN (AOI221_X2)
                                         _06354_ (net)
                  0.08    0.00    7.44 ^ _07040_/A (OAI21_X4)
     5   20.38    0.03    0.04    7.49 v _07040_/ZN (OAI21_X4)
                                         _06534_ (net)
                  0.03    0.00    7.49 v _07243_/B2 (AOI221_X2)
    10   26.43    0.12    0.17    7.66 ^ _07243_/ZN (AOI221_X2)
                                         _06747_ (net)
                  0.12    0.00    7.66 ^ _07286_/S (MUX2_X2)
     7   16.24    0.02    0.10    7.76 v _07286_/Z (MUX2_X2)
                                         _06790_ (net)
                  0.02    0.00    7.76 v _07340_/B2 (OAI33_X1)
     1    3.78    0.07    0.10    7.86 ^ _07340_/ZN (OAI33_X1)
                                         _00046_ (net)
                  0.07    0.00    7.86 ^ _07341_/A (AOI221_X2)
     3    7.73    0.03    0.03    7.89 v _07341_/ZN (AOI221_X2)
                                         _00047_ (net)
                  0.03    0.00    7.89 v _07349_/A3 (OAI33_X1)
     2    8.61    0.11    0.12    8.00 ^ _07349_/ZN (OAI33_X1)
                                         _00055_ (net)
                  0.11    0.00    8.00 ^ max_cap1205/A (BUF_X1)
     2   11.83    0.03    0.06    8.06 ^ max_cap1205/Z (BUF_X1)
                                         net1205 (net)
                  0.03    0.00    8.06 ^ max_cap1204/A (BUF_X2)
     5   12.65    0.02    0.04    8.10 ^ max_cap1204/Z (BUF_X2)
                                         net1204 (net)
                  0.02    0.00    8.10 ^ _07390_/A3 (OAI33_X1)
     1    4.22    0.02    0.03    8.13 v _07390_/ZN (OAI33_X1)
                                         _00096_ (net)
                  0.02    0.00    8.13 v wire1202/A (BUF_X2)
     3   13.34    0.01    0.04    8.17 v wire1202/Z (BUF_X2)
                                         net1202 (net)
                  0.01    0.00    8.17 v max_cap1201/A (BUF_X2)
     4   12.28    0.01    0.03    8.20 v max_cap1201/Z (BUF_X2)
                                         net1201 (net)
                  0.01    0.00    8.20 v max_cap1200/A (BUF_X2)
     2    9.27    0.01    0.03    8.24 v max_cap1200/Z (BUF_X2)
                                         net1200 (net)
                  0.01    0.00    8.24 v max_cap1199/A (BUF_X2)
     3   10.27    0.01    0.03    8.27 v max_cap1199/Z (BUF_X2)
                                         net1199 (net)
                  0.01    0.00    8.27 v _07678_/A3 (AND4_X2)
     7   16.99    0.01    0.05    8.31 v _07678_/ZN (AND4_X2)
                                         _00384_ (net)
                  0.01    0.00    8.31 v _07920_/A2 (OR4_X1)
     1    3.43    0.02    0.11    8.42 v _07920_/ZN (OR4_X1)
                                         _00625_ (net)
                  0.02    0.00    8.42 v _07921_/B2 (OAI221_X2)
     2    9.30    0.05    0.07    8.49 ^ _07921_/ZN (OAI221_X2)
                                         _00626_ (net)
                  0.05    0.00    8.49 ^ _07951_/B2 (AOI22_X1)
     1    1.71    0.02    0.03    8.52 v _07951_/ZN (AOI22_X1)
                                         _00656_ (net)
                  0.02    0.00    8.52 v _07952_/A2 (NOR2_X1)
     1    2.66    0.02    0.04    8.56 ^ _07952_/ZN (NOR2_X1)
                                         _00657_ (net)
                  0.02    0.00    8.56 ^ _07953_/B2 (OAI33_X1)
     2   10.12    0.03    0.05    8.61 v _07953_/ZN (OAI33_X1)
                                         _00658_ (net)
                  0.03    0.00    8.61 v _07974_/A4 (NOR4_X4)
     9   35.55    0.11    0.17    8.78 ^ _07974_/ZN (NOR4_X4)
                                         _00679_ (net)
                  0.11    0.00    8.78 ^ _08004_/B2 (AOI21_X4)
     5    9.41    0.02    0.03    8.80 v _08004_/ZN (AOI21_X4)
                                         _00709_ (net)
                  0.02    0.00    8.80 v _08223_/B1 (OAI33_X1)
     4   11.56    0.13    0.15    8.95 ^ _08223_/ZN (OAI33_X1)
                                         _00928_ (net)
                  0.13    0.00    8.95 ^ _08227_/A (AOI21_X4)
     4   12.73    0.03    0.03    8.98 v _08227_/ZN (AOI21_X4)
                                         _00932_ (net)
                  0.03    0.00    8.98 v _08239_/A4 (AND4_X1)
     1    5.78    0.01    0.06    9.03 v _08239_/ZN (AND4_X1)
                                         _00944_ (net)
                  0.01    0.00    9.03 v _08259_/B1 (AOI21_X4)
     8   37.95    0.06    0.07    9.10 ^ _08259_/ZN (AOI21_X4)
                                         _00964_ (net)
                  0.06    0.00    9.10 ^ _08268_/S (MUX2_X2)
    15   66.71    0.04    0.13    9.23 v _08268_/Z (MUX2_X2)
                                         _00973_ (net)
                  0.04    0.01    9.24 v _08270_/B1 (OAI21_X4)
    17   52.83    0.07    0.10    9.33 ^ _08270_/ZN (OAI21_X4)
                                         _00975_ (net)
                  0.07    0.00    9.34 ^ _08353_/S (MUX2_X2)
     5   19.63    0.02    0.10    9.44 v _08353_/Z (MUX2_X2)
                                         _01058_ (net)
                  0.02    0.00    9.44 v _08365_/B1 (OAI33_X1)
     5   12.17    0.13    0.15    9.59 ^ _08365_/ZN (OAI33_X1)
                                         _01070_ (net)
                  0.13    0.00    9.59 ^ _08374_/A (OAI21_X1)
     2    5.15    0.03    0.05    9.64 v _08374_/ZN (OAI21_X1)
                                         _01079_ (net)
                  0.03    0.00    9.64 v _08544_/A1 (AND3_X1)
     1    3.87    0.01    0.04    9.68 v _08544_/ZN (AND3_X1)
                                         _01249_ (net)
                  0.01    0.00    9.68 v _08546_/B1 (OAI221_X2)
     4   13.11    0.06    0.07    9.75 ^ _08546_/ZN (OAI221_X2)
                                         _01251_ (net)
                  0.06    0.00    9.75 ^ _08731_/C1 (AOI211_X2)
     2    6.10    0.02    0.03    9.78 v _08731_/ZN (AOI211_X2)
                                         _01435_ (net)
                  0.02    0.00    9.78 v _08736_/A (AOI211_X2)
     4   21.93    0.10    0.14    9.92 ^ _08736_/ZN (AOI211_X2)
                                         _01440_ (net)
                  0.10    0.00    9.92 ^ max_cap1169/A (BUF_X4)
     9   29.81    0.02    0.05    9.97 ^ max_cap1169/Z (BUF_X4)
                                         net1169 (net)
                  0.02    0.00    9.97 ^ _08883_/C2 (OAI221_X2)
     4   12.25    0.03    0.04   10.01 v _08883_/ZN (OAI221_X2)
                                         _01587_ (net)
                  0.03    0.00   10.02 v _08925_/A2 (OR2_X2)
     4   13.47    0.01    0.07   10.08 v _08925_/ZN (OR2_X2)
                                         _01629_ (net)
                  0.01    0.00   10.08 v _08963_/B1 (AOI221_X2)
     3   10.60    0.07    0.10   10.18 ^ _08963_/ZN (AOI221_X2)
                                         _01667_ (net)
                  0.07    0.00   10.18 ^ _08964_/C2 (AOI211_X2)
     4   16.66    0.02    0.04   10.23 v _08964_/ZN (AOI211_X2)
                                         _01668_ (net)
                  0.02    0.00   10.23 v _09047_/A1 (AOI22_X2)
     2    6.06    0.03    0.04   10.27 ^ _09047_/ZN (AOI22_X2)
                                         _01751_ (net)
                  0.03    0.00   10.27 ^ _09048_/S (MUX2_X2)
    18   61.41    0.04    0.12   10.40 v _09048_/Z (MUX2_X2)
                                         _01752_ (net)
                  0.04    0.00   10.40 v _09132_/A4 (NOR4_X4)
     2   12.64    0.06    0.11   10.50 ^ _09132_/ZN (NOR4_X4)
                                         _01836_ (net)
                  0.06    0.00   10.50 ^ _09145_/A3 (NOR4_X4)
     2    8.35    0.02    0.02   10.53 v _09145_/ZN (NOR4_X4)
                                         _01849_ (net)
                  0.02    0.00   10.53 v _09246_/A2 (AND2_X1)
     1    2.22    0.01    0.04   10.56 v _09246_/ZN (AND2_X1)
                                         _01950_ (net)
                  0.01    0.00   10.56 v _09247_/B3 (OAI33_X1)
     3   14.29    0.15    0.18   10.74 ^ _09247_/ZN (OAI33_X1)
                                         _01951_ (net)
                  0.15    0.00   10.74 ^ _09260_/A1 (OAI22_X4)
     5   17.09    0.04    0.04   10.78 v _09260_/ZN (OAI22_X4)
                                         _01964_ (net)
                  0.04    0.00   10.78 v _09470_/S (MUX2_X1)
     3    5.77    0.01    0.07   10.85 v _09470_/Z (MUX2_X1)
                                         _02173_ (net)
                  0.01    0.00   10.85 v _09479_/B1 (OAI33_X1)
     3    6.03    0.09    0.10   10.96 ^ _09479_/ZN (OAI33_X1)
                                         _02182_ (net)
                  0.09    0.00   10.96 ^ wire1116/A (CLKBUF_X2)
     3   16.13    0.02    0.06   11.02 ^ wire1116/Z (CLKBUF_X2)
                                         net1116 (net)
                  0.02    0.00   11.02 ^ _09480_/S (MUX2_X2)
    11   31.72    0.02    0.10   11.12 v _09480_/Z (MUX2_X2)
                                         _02183_ (net)
                  0.02    0.00   11.12 v _09644_/S (MUX2_X1)
     2    6.02    0.01    0.06   11.19 v _09644_/Z (MUX2_X1)
                                         _02347_ (net)
                  0.01    0.00   11.19 v _09645_/C1 (AOI221_X2)
     9   27.80    0.13    0.14   11.33 ^ _09645_/ZN (AOI221_X2)
                                         _02348_ (net)
                  0.13    0.00   11.33 ^ _09726_/A2 (OR2_X1)
     3   15.00    0.04    0.07   11.40 ^ _09726_/ZN (OR2_X1)
                                         _02429_ (net)
                  0.04    0.00   11.41 ^ _09740_/B1 (AOI21_X1)
     2   10.28    0.02    0.04   11.45 v _09740_/ZN (AOI21_X1)
                                         _02443_ (net)
                  0.02    0.00   11.45 v _09754_/A2 (NOR2_X1)
     2    9.85    0.05    0.08   11.52 ^ _09754_/ZN (NOR2_X1)
                                         _02457_ (net)
                  0.05    0.00   11.52 ^ _09764_/A1 (NAND2_X1)
     1    5.88    0.02    0.03   11.56 v _09764_/ZN (NAND2_X1)
                                         _02467_ (net)
                  0.02    0.00   11.56 v _09768_/B2 (AOI221_X2)
     4   21.60    0.10    0.15   11.71 ^ _09768_/ZN (AOI221_X2)
                                         _02471_ (net)
                  0.10    0.00   11.71 ^ max_cap1102/A (BUF_X4)
     5   29.48    0.02    0.05   11.76 ^ max_cap1102/Z (BUF_X4)
                                         net1102 (net)
                  0.02    0.00   11.76 ^ max_cap1101/A (BUF_X4)
     7   33.57    0.02    0.04   11.80 ^ max_cap1101/Z (BUF_X4)
                                         net1101 (net)
                  0.02    0.00   11.80 ^ _09904_/A2 (NAND2_X4)
    55  145.20    0.07    0.08   11.89 v _09904_/ZN (NAND2_X4)
                                         _02607_ (net)
                  0.07    0.00   11.89 v _09905_/S (MUX2_X2)
     2   11.89    0.02    0.09   11.98 ^ _09905_/Z (MUX2_X2)
                                         _02608_ (net)
                  0.02    0.00   11.98 ^ _09908_/B1 (OAI221_X2)
     3   12.21    0.04    0.04   12.02 v _09908_/ZN (OAI221_X2)
                                         _02611_ (net)
                  0.04    0.00   12.03 v _09948_/A3 (OAI33_X1)
     4   10.46    0.12    0.14   12.16 ^ _09948_/ZN (OAI33_X1)
                                         _02651_ (net)
                  0.12    0.00   12.16 ^ _10067_/A2 (AND2_X1)
     2    7.74    0.02    0.07   12.23 ^ _10067_/ZN (AND2_X1)
                                         _02770_ (net)
                  0.02    0.00   12.23 ^ _10070_/B2 (OAI221_X2)
     4   16.33    0.03    0.06   12.28 v _10070_/ZN (OAI221_X2)
                                         _02773_ (net)
                  0.03    0.00   12.28 v _10154_/C1 (OAI221_X4)
     7   25.72    0.02    0.09   12.37 ^ _10154_/ZN (OAI221_X4)
                                         _02856_ (net)
                  0.02    0.00   12.38 ^ _10189_/B1 (AOI21_X4)
     6   20.10    0.02    0.02   12.40 v _10189_/ZN (AOI21_X4)
                                         _02891_ (net)
                  0.02    0.00   12.40 v _10268_/B3 (OAI33_X1)
     3   10.53    0.12    0.16   12.55 ^ _10268_/ZN (OAI33_X1)
                                         _02970_ (net)
                  0.12    0.00   12.56 ^ _10308_/A3 (OAI33_X1)
     1    1.96    0.03    0.05   12.60 v _10308_/ZN (OAI33_X1)
                                         _03010_ (net)
                  0.03    0.00   12.60 v _10309_/A4 (NOR4_X1)
     2    3.19    0.06    0.10   12.70 ^ _10309_/ZN (NOR4_X1)
                                         _03011_ (net)
                  0.06    0.00   12.70 ^ _10350_/C1 (AOI211_X4)
     7   22.82    0.01    0.06   12.77 v _10350_/ZN (AOI211_X4)
                                         _03052_ (net)
                  0.01    0.00   12.77 v _10409_/A1 (OR2_X2)
     3   12.86    0.01    0.05   12.82 v _10409_/ZN (OR2_X2)
                                         _03111_ (net)
                  0.01    0.00   12.82 v _10486_/B2 (AOI22_X4)
    10   40.07    0.06    0.09   12.91 ^ _10486_/ZN (AOI22_X4)
                                         _03188_ (net)
                  0.06    0.00   12.91 ^ _10487_/S (MUX2_X2)
     9   25.36    0.02    0.10   13.02 v _10487_/Z (MUX2_X2)
                                         _03189_ (net)
                  0.02    0.00   13.02 v _10500_/B2 (AOI221_X2)
     3   14.32    0.12    0.13   13.14 ^ _10500_/ZN (AOI221_X2)
                                         _03202_ (net)
                  0.12    0.00   13.14 ^ _10790_/B1 (AOI21_X4)
     3   10.83    0.03    0.03   13.17 v _10790_/ZN (AOI21_X4)
                                         _03492_ (net)
                  0.03    0.00   13.17 v _10791_/B1 (OAI33_X1)
     3    8.48    0.11    0.13   13.30 ^ _10791_/ZN (OAI33_X1)
                                         _03493_ (net)
                  0.11    0.00   13.30 ^ max_cap1062/A (BUF_X2)
     5   10.40    0.02    0.04   13.34 ^ max_cap1062/Z (BUF_X2)
                                         net1062 (net)
                  0.02    0.00   13.34 ^ max_cap1061/A (CLKBUF_X2)
     3   10.26    0.01    0.04   13.38 ^ max_cap1061/Z (CLKBUF_X2)
                                         net1061 (net)
                  0.01    0.00   13.38 ^ max_cap1060/A (BUF_X2)
     4   11.60    0.02    0.03   13.41 ^ max_cap1060/Z (BUF_X2)
                                         net1060 (net)
                  0.02    0.00   13.41 ^ _11020_/A1 (OR3_X1)
     1    4.37    0.01    0.03   13.44 ^ _11020_/ZN (OR3_X1)
                                         _03721_ (net)
                  0.01    0.00   13.44 ^ _11022_/A (OAI221_X2)
     1    6.22    0.02    0.04   13.48 v _11022_/ZN (OAI221_X2)
                                         _03723_ (net)
                  0.02    0.00   13.48 v _11024_/B1 (OAI21_X4)
     4   16.89    0.03    0.04   13.53 ^ _11024_/ZN (OAI21_X4)
                                         _03725_ (net)
                  0.03    0.00   13.53 ^ _11163_/B1 (AOI221_X2)
     1    4.26    0.02    0.03   13.56 v _11163_/ZN (AOI221_X2)
                                         _03864_ (net)
                  0.02    0.00   13.56 v _11164_/B (AOI211_X2)
     3   16.78    0.08    0.12   13.68 ^ _11164_/ZN (AOI211_X2)
                                         _03865_ (net)
                  0.08    0.00   13.68 ^ _11165_/B2 (OAI22_X4)
     4   18.37    0.08    0.04   13.72 v _11165_/ZN (OAI22_X4)
                                         _03866_ (net)
                  0.08    0.00   13.72 v _11170_/A2 (AND2_X1)
     4   16.15    0.02    0.08   13.81 v _11170_/ZN (AND2_X1)
                                         _03871_ (net)
                  0.02    0.00   13.81 v _11257_/A4 (OR4_X2)
     2   14.21    0.02    0.13   13.94 v _11257_/ZN (OR4_X2)
                                         _03958_ (net)
                  0.02    0.00   13.94 v _11258_/A2 (NOR2_X1)
     1    7.10    0.04    0.06   14.00 ^ _11258_/ZN (NOR2_X1)
                                         _03959_ (net)
                  0.04    0.00   14.00 ^ _11259_/C2 (OAI221_X4)
     6   24.76    0.01    0.08   14.08 v _11259_/ZN (OAI221_X4)
                                         _03960_ (net)
                  0.01    0.00   14.08 v _11355_/A1 (OR2_X2)
     6   19.48    0.02    0.06   14.14 v _11355_/ZN (OR2_X2)
                                         _04059_ (net)
                  0.02    0.00   14.14 v _11365_/A3 (NAND4_X2)
     2    6.27    0.02    0.03   14.17 ^ _11365_/ZN (NAND4_X2)
                                         _04070_ (net)
                  0.02    0.00   14.17 ^ _11368_/A3 (NAND4_X2)
     4   14.13    0.03    0.05   14.22 v _11368_/ZN (NAND4_X2)
                                         _04073_ (net)
                  0.03    0.00   14.22 v _11397_/B2 (OAI33_X1)
     3   10.72    0.15    0.16   14.38 ^ _11397_/ZN (OAI33_X1)
                                         _04105_ (net)
                  0.15    0.00   14.38 ^ max_cap1058/A (CLKBUF_X2)
     5   15.14    0.02    0.07   14.45 ^ max_cap1058/Z (CLKBUF_X2)
                                         net1058 (net)
                  0.02    0.00   14.45 ^ _11435_/A1 (NOR2_X1)
     2    7.86    0.04    0.02   14.47 v _11435_/ZN (NOR2_X1)
                                         _04147_ (net)
                  0.04    0.00   14.47 v _11486_/C1 (AOI211_X2)
     4   16.53    0.08    0.10   14.57 ^ _11486_/ZN (AOI211_X2)
                                         _04203_ (net)
                  0.08    0.00   14.57 ^ _11554_/A4 (NOR4_X4)
     5   14.50    0.02    0.03   14.60 v _11554_/ZN (NOR4_X4)
                                         _04278_ (net)
                  0.02    0.00   14.60 v _11556_/A2 (OR3_X2)
     3   11.12    0.02    0.09   14.69 v _11556_/ZN (OR3_X2)
                                         _04280_ (net)
                  0.02    0.00   14.69 v _11701_/A2 (NOR2_X1)
     2    7.75    0.04    0.06   14.75 ^ _11701_/ZN (NOR2_X1)
                                         _04438_ (net)
                  0.04    0.00   14.75 ^ _11799_/B2 (OAI33_X1)
     2    5.35    0.03    0.04   14.80 v _11799_/ZN (OAI33_X1)
                                         _04546_ (net)
                  0.03    0.00   14.80 v _11800_/A4 (OR4_X2)
     3   13.12    0.02    0.13   14.93 v _11800_/ZN (OR4_X2)
                                         _04547_ (net)
                  0.02    0.00   14.93 v _11801_/A2 (NAND2_X1)
     3   13.24    0.03    0.05   14.98 ^ _11801_/ZN (NAND2_X1)
                                         _04548_ (net)
                  0.03    0.00   14.98 ^ _11918_/S (MUX2_X1)
     2    7.47    0.02    0.07   15.05 v _11918_/Z (MUX2_X1)
                                         _04677_ (net)
                  0.02    0.00   15.05 v _11919_/C1 (AOI221_X2)
     5   13.70    0.10    0.09   15.14 ^ _11919_/ZN (AOI221_X2)
                                         _04678_ (net)
                  0.10    0.00   15.15 ^ _11923_/A1 (NOR2_X1)
     2    8.77    0.03    0.03   15.18 v _11923_/ZN (NOR2_X1)
                                         _04682_ (net)
                  0.03    0.00   15.18 v _11925_/B (AOI211_X2)
     3   10.48    0.06    0.10   15.28 ^ _11925_/ZN (AOI211_X2)
                                         _04685_ (net)
                  0.06    0.00   15.28 ^ _11941_/B2 (OAI21_X2)
     3   10.70    0.02    0.04   15.32 v _11941_/ZN (OAI21_X2)
                                         _04702_ (net)
                  0.02    0.00   15.32 v _11942_/A (OAI221_X2)
     5   20.80    0.08    0.05   15.37 ^ _11942_/ZN (OAI221_X2)
                                         _04703_ (net)
                  0.08    0.00   15.37 ^ _11947_/A3 (AND3_X2)
     5   17.19    0.02    0.07   15.44 ^ _11947_/ZN (AND3_X2)
                                         _04709_ (net)
                  0.02    0.00   15.44 ^ _11987_/A2 (OR3_X2)
     3   13.28    0.02    0.04   15.48 ^ _11987_/ZN (OR3_X2)
                                         _04753_ (net)
                  0.02    0.00   15.48 ^ _11990_/B1 (OAI221_X2)
     4   18.15    0.08    0.05   15.54 v _11990_/ZN (OAI221_X2)
                                         _04756_ (net)
                  0.08    0.00   15.54 v _12029_/B2 (OAI21_X4)
    17   46.61    0.06    0.11   15.64 ^ _12029_/ZN (OAI21_X4)
                                         _04799_ (net)
                  0.06    0.00   15.65 ^ _12083_/S (MUX2_X2)
     3   11.98    0.01    0.09   15.74 v _12083_/Z (MUX2_X2)
                                         _04858_ (net)
                  0.01    0.00   15.74 v _12099_/C2 (AOI221_X2)
     5   15.15    0.08    0.10   15.84 ^ _12099_/ZN (AOI221_X2)
                                         _04876_ (net)
                  0.08    0.00   15.84 ^ _12101_/A1 (NOR2_X1)
     1    4.82    0.02    0.02   15.86 v _12101_/ZN (NOR2_X1)
                                         _04878_ (net)
                  0.02    0.00   15.86 v _12185_/B1 (OAI33_X1)
     3   11.74    0.13    0.15   16.01 ^ _12185_/ZN (OAI33_X1)
                                         _04971_ (net)
                  0.13    0.00   16.01 ^ _12189_/C1 (AOI221_X2)
     3   10.08    0.04    0.04   16.05 v _12189_/ZN (AOI221_X2)
                                         _04975_ (net)
                  0.04    0.00   16.05 v _12221_/A2 (OAI33_X1)
     3   13.14    0.14    0.15   16.20 ^ _12221_/ZN (OAI33_X1)
                                         _05010_ (net)
                  0.14    0.00   16.20 ^ _12298_/A3 (NAND4_X4)
     4   17.79    0.04    0.06   16.27 v _12298_/ZN (NAND4_X4)
                                         _05088_ (net)
                  0.04    0.00   16.27 v _12330_/A1 (AND3_X2)
     5   20.26    0.01    0.06   16.32 v _12330_/ZN (AND3_X2)
                                         _05123_ (net)
                  0.01    0.00   16.32 v _12398_/B2 (OAI21_X4)
    13   37.10    0.05    0.07   16.40 ^ _12398_/ZN (OAI21_X4)
                                         _05198_ (net)
                  0.05    0.00   16.40 ^ _12633_/S (MUX2_X1)
     1    3.44    0.01    0.07   16.46 v _12633_/Z (MUX2_X1)
                                         _05440_ (net)
                  0.01    0.00   16.46 v _12634_/B2 (AOI221_X2)
     3   13.21    0.08    0.12   16.58 ^ _12634_/ZN (AOI221_X2)
                                         _05442_ (net)
                  0.08    0.00   16.58 ^ _12636_/B2 (OAI221_X2)
     5   20.93    0.04    0.07   16.65 v _12636_/ZN (OAI221_X2)
                                         _05444_ (net)
                  0.04    0.00   16.66 v _12644_/A1 (OAI22_X4)
     2    8.07    0.03    0.04   16.70 ^ _12644_/ZN (OAI22_X4)
                                         _05453_ (net)
                  0.03    0.00   16.70 ^ _12647_/A2 (NAND4_X4)
     6   17.70    0.03    0.05   16.74 v _12647_/ZN (NAND4_X4)
                                         _05456_ (net)
                  0.03    0.00   16.75 v _12912_/A3 (AND4_X1)
     1    4.42    0.01    0.05   16.80 v _12912_/ZN (AND4_X1)
                                         _05737_ (net)
                  0.01    0.00   16.80 v _12913_/A3 (OR3_X4)
     6   29.78    0.02    0.09   16.88 v _12913_/ZN (OR3_X4)
                                         _05738_ (net)
                  0.02    0.00   16.88 v _12922_/B1 (OAI21_X4)
    17   54.78    0.07    0.09   16.97 ^ _12922_/ZN (OAI21_X4)
                                         _05748_ (net)
                  0.07    0.00   16.97 ^ max_cap1057/A (BUF_X16)
    20   73.01    0.01    0.04   17.01 ^ max_cap1057/Z (BUF_X16)
                                         net1057 (net)
                  0.01    0.01   17.02 ^ max_cap1056/A (BUF_X16)
    39  102.25    0.02    0.03   17.05 ^ max_cap1056/Z (BUF_X16)
                                         net1056 (net)
                  0.02    0.00   17.05 ^ _13002_/S (MUX2_X1)
     1    5.49    0.01    0.07   17.12 v _13002_/Z (MUX2_X1)
                                         _05825_ (net)
                  0.01    0.00   17.12 v _13003_/A2 (NAND2_X1)
     1   10.42    0.03    0.04   17.16 ^ _13003_/ZN (NAND2_X1)
                                         _05826_ (net)
                  0.03    0.00   17.16 ^ _13004_/A4 (NAND4_X4)
     1   38.43    0.04    0.06   17.22 v _13004_/ZN (NAND4_X4)
                                         net371 (net)
                  0.05    0.03   17.24 v wire629/A (BUF_X8)
     1   39.00    0.01    0.04   17.29 v wire629/Z (BUF_X8)
                                         net629 (net)
                  0.03    0.02   17.31 v wire628/A (BUF_X16)
     1   77.64    0.01    0.03   17.34 v wire628/Z (BUF_X16)
                                         net628 (net)
                  0.10    0.08   17.42 v wire627/A (BUF_X32)
     1   77.08    0.01    0.05   17.47 v wire627/Z (BUF_X32)
                                         net627 (net)
                  0.09    0.08   17.55 v wire626/A (BUF_X32)
     1   77.45    0.01    0.05   17.60 v wire626/Z (BUF_X32)
                                         net626 (net)
                  0.09    0.08   17.68 v wire625/A (BUF_X32)
     1   77.23    0.01    0.05   17.73 v wire625/Z (BUF_X32)
                                         net625 (net)
                  0.09    0.08   17.81 v wire624/A (BUF_X32)
     1   53.34    0.01    0.05   17.86 v wire624/Z (BUF_X32)
                                         net624 (net)
                  0.05    0.04   17.90 v output371/A (BUF_X1)
     1    0.91    0.01    0.04   17.95 v output371/Z (BUF_X1)
                                         result[10] (net)
                  0.01    0.00   17.95 v result[10] (out)
                                 17.95   data arrival time

                  0.00   30.00   30.00   clock clk (rise edge)
                          0.00   30.00   clock network delay (ideal)
                          0.00   30.00   clock reconvergence pessimism
                         -6.00   24.00   output external delay
                                 24.00   data required time
-----------------------------------------------------------------------------
                                 24.00   data required time
                                -17.95   data arrival time
-----------------------------------------------------------------------------
                                  6.05   slack (MET)



==========================================================================
cts final report_check_types -max_slew -max_cap -max_fanout -violators
--------------------------------------------------------------------------
max capacitance

Pin                                    Limit     Cap   Slack
------------------------------------------------------------
_11358_/ZN                             28.99   32.99   -4.00 (VIOLATED)
_12179_/ZN                             11.48   14.34   -2.86 (VIOLATED)
_07691_/ZN                            106.81  109.64   -2.83 (VIOLATED)
_09247_/ZN                             11.48   14.29   -2.80 (VIOLATED)
_12221_/ZN                             11.48   13.14   -1.66 (VIOLATED)
_12241_/ZN                             27.62   28.63   -1.01 (VIOLATED)
_08365_/ZN                             11.48   12.17   -0.69 (VIOLATED)
_07400_/ZN                             27.62   28.03   -0.41 (VIOLATED)
_07161_/ZN                             27.62   27.98   -0.36 (VIOLATED)
_12185_/ZN                             11.48   11.74   -0.26 (VIOLATED)
_09645_/ZN                             27.62   27.80   -0.18 (VIOLATED)
_08223_/ZN                             11.48   11.56   -0.07 (VIOLATED)
_11702_/ZN                             11.48   11.50   -0.02 (VIOLATED)


==========================================================================
cts final max_slew_check_slack
--------------------------------------------------------------------------
0.04799170792102814

==========================================================================
cts final max_slew_check_limit
--------------------------------------------------------------------------
0.1985349953174591

==========================================================================
cts final max_slew_check_slack_limit
--------------------------------------------------------------------------
0.2417

==========================================================================
cts final max_fanout_check_slack
--------------------------------------------------------------------------
1.0000000150474662e+30

==========================================================================
cts final max_fanout_check_limit
--------------------------------------------------------------------------
1.0000000150474662e+30

==========================================================================
cts final max_capacitance_check_slack
--------------------------------------------------------------------------
-3.995335817337036

==========================================================================
cts final max_capacitance_check_limit
--------------------------------------------------------------------------
28.991697311401367

==========================================================================
cts final max_capacitance_check_slack_limit
--------------------------------------------------------------------------
-0.1378

==========================================================================
cts final max_slew_violation_count
--------------------------------------------------------------------------
max slew violation count 0

==========================================================================
cts final max_fanout_violation_count
--------------------------------------------------------------------------
max fanout violation count 0

==========================================================================
cts final max_cap_violation_count
--------------------------------------------------------------------------
max cap violation count 13

==========================================================================
cts final setup_violation_count
--------------------------------------------------------------------------
setup violation count 0

==========================================================================
cts final hold_violation_count
--------------------------------------------------------------------------
hold violation count 0

==========================================================================
cts final critical path delay
--------------------------------------------------------------------------
17.9459

==========================================================================
cts final critical path slack
--------------------------------------------------------------------------
6.0541

==========================================================================
cts final slack div critical path delay
--------------------------------------------------------------------------
33.735282

==========================================================================
cts final report_power
--------------------------------------------------------------------------
Group                  Internal  Switching    Leakage      Total
                          Power      Power      Power      Power (Watts)
----------------------------------------------------------------
Sequential             0.00e+00   0.00e+00   0.00e+00   0.00e+00   0.0%
Combinational          1.47e-03   1.09e-03   1.13e-03   3.68e-03 100.0%
Clock                  0.00e+00   0.00e+00   0.00e+00   0.00e+00   0.0%
Macro                  0.00e+00   0.00e+00   0.00e+00   0.00e+00   0.0%
Pad                    0.00e+00   0.00e+00   0.00e+00   0.00e+00   0.0%
----------------------------------------------------------------
Total                  1.47e-03   1.09e-03   1.13e-03   3.68e-03 100.0%
                          39.8%      29.5%      30.7%
