
==========================================================================
floorplan final report_tns
--------------------------------------------------------------------------
tns -711.37

==========================================================================
floorplan final report_wns
--------------------------------------------------------------------------
wns -5.75

==========================================================================
floorplan final report_worst_slack
--------------------------------------------------------------------------
worst slack -5.75

==========================================================================
floorplan final report_checks -path_delay min
--------------------------------------------------------------------------
Startpoint: is_mask_exe (input port clocked by clk)
Endpoint: alu_result_exe[0] (output port clocked by clk)
Path Group: clk
Path Type: min

Fanout     Cap    Slew   Delay    Time   Description
-----------------------------------------------------------------------------
                  0.00    0.00    0.00   clock clk (rise edge)
                          0.00    0.00   clock network delay (ideal)
                          6.00    6.00 ^ input external delay
    31   52.18    0.00    0.00    6.00 ^ is_mask_exe (in)
                                         is_mask_exe (net)
                  0.00    0.00    6.00 ^ _184025_/A (AOI21_X1)
     1    1.55    0.01    0.01    6.01 v _184025_/ZN (AOI21_X1)
                                         _178940_ (net)
                  0.01    0.00    6.01 v _184026_/A (INV_X1)
     1    0.00    0.00    0.01    6.01 ^ _184026_/ZN (INV_X1)
                                         alu_result_exe[0] (net)
                  0.00    0.00    6.01 ^ alu_result_exe[0] (out)
                                  6.01   data arrival time

                  0.00    0.00    0.00   clock clk (rise edge)
                          0.00    0.00   clock network delay (ideal)
                          0.00    0.00   clock reconvergence pessimism
                         -6.00   -6.00   output external delay
                                 -6.00   data required time
-----------------------------------------------------------------------------
                                 -6.00   data required time
                                 -6.01   data arrival time
-----------------------------------------------------------------------------
                                 12.01   slack (MET)



==========================================================================
floorplan final report_checks -path_delay max
--------------------------------------------------------------------------
Startpoint: vtype_exe[4] (input port clocked by clk)
Endpoint: alu_result_exe[37] (output port clocked by clk)
Path Group: clk
Path Type: max

Fanout     Cap    Slew   Delay    Time   Description
-----------------------------------------------------------------------------
                  0.00    0.00    0.00   clock clk (rise edge)
                          0.00    0.00   clock network delay (ideal)
                          6.00    6.00 ^ input external delay
   375  661.12    0.00    0.00    6.00 ^ vtype_exe[4] (in)
                                         vtype_exe[4] (net)
                  0.00    0.00    6.00 ^ _184135_/A2 (NOR2_X4)
    15   27.46    0.01    0.01    6.01 v _184135_/ZN (NOR2_X4)
                                         _007215_ (net)
                  0.01    0.00    6.01 v _184192_/A2 (NAND2_X1)
   226  368.48    0.85    0.90    6.91 ^ _184192_/ZN (NAND2_X1)
                                         _013542_ (net)
                  0.85    0.00    6.91 ^ _184260_/A1 (NAND2_X1)
   115  166.77    0.29    1.17    8.08 v _184260_/ZN (NAND2_X1)
                                         _021090_ (net)
                  0.29    0.00    8.08 v _184261_/B2 (AOI21_X1)
     3    4.18    0.07    0.14    8.22 ^ _184261_/ZN (AOI21_X1)
                                         _021201_ (net)
                  0.07    0.00    8.22 ^ _184262_/A2 (NAND2_X1)
    10   14.61    0.05    0.06    8.28 v _184262_/ZN (NAND2_X1)
                                         _021312_ (net)
                  0.05    0.00    8.28 v _184263_/A (INV_X1)
     1    1.67    0.01    0.03    8.31 ^ _184263_/ZN (INV_X1)
                                         _021423_ (net)
                  0.01    0.00    8.31 ^ _184270_/B1 (OAI22_X1)
     1    0.90    0.01    0.02    8.33 v _184270_/ZN (OAI22_X1)
                                         _022200_ (net)
                  0.01    0.00    8.33 v _184271_/B (MUX2_X1)
     5    8.34    0.02    0.07    8.40 v _184271_/Z (MUX2_X1)
                                         _022311_ (net)
                  0.02    0.00    8.40 v _184272_/B1 (AOI22_X1)
     5   10.41    0.07    0.09    8.49 ^ _184272_/ZN (AOI22_X1)
                                         _022422_ (net)
                  0.07    0.00    8.49 ^ _184587_/A (OAI21_X1)
    18   39.23    0.12    0.12    8.61 v _184587_/ZN (OAI21_X1)
                                         _057387_ (net)
                  0.12    0.00    8.61 v _184864_/A (XOR2_X1)
    29   49.94    0.25    0.32    8.93 ^ _184864_/Z (XOR2_X1)
                                         _088115_ (net)
                  0.25    0.00    8.93 ^ _185178_/A2 (NAND2_X2)
     9   15.18    0.05    0.05    8.98 v _185178_/ZN (NAND2_X2)
                                         _096987_ (net)
                  0.05    0.00    8.98 v _185201_/A1 (NOR4_X2)
     9   21.75    0.13    0.16    9.14 ^ _185201_/ZN (NOR4_X2)
                                         _097240_ (net)
                  0.13    0.00    9.14 ^ _185704_/B1 (AOI21_X4)
    10   22.26    0.04    0.04    9.18 v _185704_/ZN (AOI21_X4)
                                         _102773_ (net)
                  0.04    0.00    9.18 v _185878_/A3 (NOR4_X4)
    12   25.96    0.09    0.14    9.32 ^ _185878_/ZN (NOR4_X4)
                                         _104687_ (net)
                  0.09    0.00    9.32 ^ _195469_/A3 (NAND4_X4)
    10   18.76    0.04    0.06    9.38 v _195469_/ZN (NAND4_X4)
                                         _026629_ (net)
                  0.04    0.00    9.38 v _195576_/C2 (AOI211_X4)
     9   20.86    0.02    0.12    9.49 ^ _195576_/ZN (AOI211_X4)
                                         _027817_ (net)
                  0.02    0.00    9.49 ^ _195920_/A3 (NAND4_X2)
     4    8.72    0.05    0.04    9.54 v _195920_/ZN (NAND4_X2)
                                         _031636_ (net)
                  0.05    0.00    9.54 v _195921_/C1 (AOI211_X4)
    24   42.11    0.03    0.12    9.66 ^ _195921_/ZN (AOI211_X4)
                                         _031647_ (net)
                  0.03    0.00    9.66 ^ _197193_/A1 (NAND4_X4)
     6   11.46    0.02    0.03    9.69 v _197193_/ZN (NAND4_X4)
                                         _045766_ (net)
                  0.02    0.00    9.69 v _199900_/C2 (AOI211_X4)
    23   40.35    0.03    0.12    9.81 ^ _199900_/ZN (AOI211_X4)
                                         _075814_ (net)
                  0.03    0.00    9.81 ^ _218278_/A2 (NAND4_X2)
    11   20.09    0.09    0.07    9.87 v _218278_/ZN (NAND4_X2)
                                         _112528_ (net)
                  0.09    0.00    9.87 v _218386_/C2 (AOI211_X2)
    12   20.93    0.10    0.15   10.02 ^ _218386_/ZN (AOI211_X2)
                                         _112647_ (net)
                  0.10    0.00   10.02 ^ _227205_/A1 (AND3_X2)
     5   17.41    0.03    0.08   10.10 ^ _227205_/ZN (AND3_X2)
                                         _122348_ (net)
                  0.03    0.00   10.10 ^ _227278_/C1 (OAI211_X4)
    55   90.85    0.07    0.09   10.19 v _227278_/ZN (OAI211_X4)
                                         _122428_ (net)
                  0.07    0.00   10.19 v _227290_/B2 (OAI33_X1)
    90  145.23    1.15    1.23   11.42 ^ _227290_/ZN (OAI33_X1)
                                         _122442_ (net)
                  1.15    0.00   11.42 ^ _227308_/B1 (AOI21_X4)
    82  108.00    0.32    0.32   11.75 v _227308_/ZN (AOI21_X4)
                                         _122461_ (net)
                  0.32    0.00   11.75 v _235602_/B2 (OAI33_X1)
   174  272.47    2.12    2.74   14.49 ^ _235602_/ZN (OAI33_X1)
                                         _131585_ (net)
                  2.12    0.00   14.49 ^ _242289_/C1 (AOI221_X1)
   181  276.99    2.80    7.40   21.89 v _242289_/ZN (AOI221_X1)
                                         _138940_ (net)
                  2.80    0.00   21.89 v _242351_/A1 (NOR2_X1)
    21   32.97    0.40    1.77   23.66 ^ _242351_/ZN (NOR2_X1)
                                         _139009_ (net)
                  0.40    0.00   23.66 ^ _245428_/B1 (AOI21_X1)
     1    1.41    0.20    0.00   23.66 v _245428_/ZN (AOI21_X1)
                                         _142393_ (net)
                  0.20    0.00   23.66 v _245431_/B1 (OAI221_X1)
     2    3.29    0.11    0.13   23.79 ^ _245431_/ZN (OAI221_X1)
                                         _142397_ (net)
                  0.11    0.00   23.79 ^ _245449_/A3 (NOR3_X1)
     2    2.97    0.03    0.02   23.81 v _245449_/ZN (NOR3_X1)
                                         _142416_ (net)
                  0.03    0.00   23.81 v _245483_/B1 (OAI221_X1)
     2    3.22    0.07    0.06   23.87 ^ _245483_/ZN (OAI221_X1)
                                         _142454_ (net)
                  0.07    0.00   23.87 ^ _245485_/B1 (AOI22_X1)
     2    3.10    0.03    0.04   23.91 v _245485_/ZN (AOI22_X1)
                                         _142456_ (net)
                  0.03    0.00   23.91 v _245516_/A (AOI21_X1)
     3    5.86    0.04    0.07   23.98 ^ _245516_/ZN (AOI21_X1)
                                         _142490_ (net)
                  0.04    0.00   23.98 ^ _245517_/B (XNOR2_X1)
     6   11.36    0.03    0.05   24.03 v _245517_/ZN (XNOR2_X1)
                                         _142491_ (net)
                  0.03    0.00   24.03 v _245836_/A3 (NAND4_X1)
     1    1.63    0.05    0.03   24.06 ^ _245836_/ZN (NAND4_X1)
                                         _142842_ (net)
                  0.05    0.00   24.06 ^ _245839_/A (OAI221_X1)
     2    2.09    0.25    0.04   24.10 v _245839_/ZN (OAI221_X1)
                                         _142845_ (net)
                  0.25    0.00   24.10 v _245854_/A1 (OR4_X1)
     3    3.74    0.03    0.19   24.29 v _245854_/ZN (OR4_X1)
                                         _142862_ (net)
                  0.03    0.00   24.29 v _245855_/B2 (AOI21_X1)
     2    5.23    0.04    0.06   24.35 ^ _245855_/ZN (AOI21_X1)
                                         _142863_ (net)
                  0.04    0.00   24.35 ^ _245862_/C1 (OAI211_X2)
     4    8.81    0.02    0.04   24.39 v _245862_/ZN (OAI211_X2)
                                         _142871_ (net)
                  0.02    0.00   24.39 v _245863_/C2 (AOI221_X1)
     2    2.49    0.05    0.07   24.45 ^ _245863_/ZN (AOI221_X1)
                                         _142872_ (net)
                  0.05    0.00   24.45 ^ _246078_/A3 (OAI33_X1)
     1    3.14    0.02    0.04   24.49 v _246078_/ZN (OAI33_X1)
                                         _143108_ (net)
                  0.02    0.00   24.49 v _246086_/A (AOI221_X2)
     3    9.84    0.06    0.10   24.60 ^ _246086_/ZN (AOI221_X2)
                                         _143117_ (net)
                  0.06    0.00   24.60 ^ _246099_/A (OAI211_X2)
     4    9.05    0.03    0.05   24.65 v _246099_/ZN (OAI211_X2)
                                         _143131_ (net)
                  0.03    0.00   24.65 v _246100_/A2 (NOR2_X2)
     9   15.70    0.04    0.07   24.72 ^ _246100_/ZN (NOR2_X2)
                                         _143133_ (net)
                  0.04    0.00   24.72 ^ _246168_/A2 (NOR2_X1)
     1    1.45    0.01    0.01   24.73 v _246168_/ZN (NOR2_X1)
                                         _143207_ (net)
                  0.01    0.00   24.73 v _246169_/B2 (AOI222_X1)
     2    3.23    0.06    0.10   24.83 ^ _246169_/ZN (AOI222_X1)
                                         _143208_ (net)
                  0.06    0.00   24.83 ^ _246170_/A1 (NAND2_X1)
     2    3.05    0.02    0.02   24.85 v _246170_/ZN (NAND2_X1)
                                         _143210_ (net)
                  0.02    0.00   24.85 v _246171_/B3 (OAI33_X1)
     8   13.75    0.15    0.18   25.03 ^ _246171_/ZN (OAI33_X1)
                                         _143211_ (net)
                  0.15    0.00   25.03 ^ _246745_/B2 (AOI21_X1)
     3    3.92    0.03    0.03   25.06 v _246745_/ZN (AOI21_X1)
                                         _143842_ (net)
                  0.03    0.00   25.06 v _246754_/A2 (OR2_X1)
     2    3.80    0.01    0.06   25.13 v _246754_/ZN (OR2_X1)
                                         _143852_ (net)
                  0.01    0.00   25.13 v _246764_/B (XNOR2_X1)
     3    4.95    0.03    0.05   25.18 ^ _246764_/ZN (XNOR2_X1)
                                         _143863_ (net)
                  0.03    0.00   25.18 ^ _246863_/B2 (AOI221_X1)
     1    1.51    0.02    0.03   25.20 v _246863_/ZN (AOI221_X1)
                                         _143972_ (net)
                  0.02    0.00   25.20 v _246864_/C2 (OAI222_X1)
     2    5.10    0.06    0.08   25.28 ^ _246864_/ZN (OAI222_X1)
                                         _143973_ (net)
                  0.06    0.00   25.28 ^ _246865_/B2 (AOI22_X2)
     6    8.97    0.03    0.04   25.32 v _246865_/ZN (AOI22_X2)
                                         _143974_ (net)
                  0.03    0.00   25.32 v _246879_/A1 (AOI22_X1)
     1    3.13    0.03    0.05   25.37 ^ _246879_/ZN (AOI22_X1)
                                         _143989_ (net)
                  0.03    0.00   25.37 ^ _246883_/B1 (AOI21_X2)
     7   11.26    0.02    0.03   25.40 v _246883_/ZN (AOI21_X2)
                                         _143994_ (net)
                  0.02    0.00   25.40 v _292370_/A1 (OR3_X2)
     3    4.49    0.01    0.07   25.46 v _292370_/ZN (OR3_X2)
                                         _010325_ (net)
                  0.01    0.00   25.46 v _294049_/B2 (AOI221_X1)
    12   18.74    0.16    0.21   25.67 ^ _294049_/ZN (AOI221_X1)
                                         _012187_ (net)
                  0.16    0.00   25.67 ^ _296130_/A1 (AND2_X2)
     2    6.02    0.02    0.06   25.73 ^ _296130_/ZN (AND2_X2)
                                         _014498_ (net)
                  0.02    0.00   25.73 ^ _297667_/A2 (NAND2_X2)
     7   10.24    0.01    0.02   25.75 v _297667_/ZN (NAND2_X2)
                                         _016203_ (net)
                  0.01    0.00   25.75 v _297792_/A (XOR2_X1)
     4    7.00    0.02    0.06   25.81 v _297792_/Z (XOR2_X1)
                                         _016343_ (net)
                  0.02    0.00   25.81 v _297793_/B (XNOR2_X1)
     2    4.54    0.02    0.05   25.87 v _297793_/ZN (XNOR2_X1)
                                         _016344_ (net)
                  0.02    0.00   25.87 v _297794_/B (XOR2_X1)
     2    3.11    0.01    0.06   25.93 v _297794_/Z (XOR2_X1)
                                         _016345_ (net)
                  0.01    0.00   25.93 v _297795_/A (INV_X1)
     4    7.44    0.02    0.03   25.96 ^ _297795_/ZN (INV_X1)
                                         _016346_ (net)
                  0.02    0.00   25.96 ^ _299810_/A (AOI21_X1)
     1    0.89    0.01    0.01   25.97 v _299810_/ZN (AOI21_X1)
                                         _018583_ (net)
                  0.01    0.00   25.97 v _299811_/A4 (OR4_X1)
     1    1.42    0.02    0.12   26.09 v _299811_/ZN (OR4_X1)
                                         _018584_ (net)
                  0.02    0.00   26.09 v _299812_/C1 (OAI221_X1)
     2    3.28    0.04    0.04   26.13 ^ _299812_/ZN (OAI221_X1)
                                         _018585_ (net)
                  0.04    0.00   26.13 ^ _299815_/A2 (NOR3_X1)
     1    3.32    0.01    0.02   26.15 v _299815_/ZN (NOR3_X1)
                                         _018588_ (net)
                  0.01    0.00   26.15 v _299816_/A3 (NOR3_X2)
     5    8.10    0.04    0.07   26.22 ^ _299816_/ZN (NOR3_X2)
                                         _018589_ (net)
                  0.04    0.00   26.22 ^ _301160_/A (XNOR2_X1)
     3    5.44    0.04    0.06   26.28 ^ _301160_/ZN (XNOR2_X1)
                                         _020081_ (net)
                  0.04    0.00   26.28 ^ _301165_/A2 (AND2_X1)
     1    1.66    0.01    0.04   26.31 ^ _301165_/ZN (AND2_X1)
                                         _020086_ (net)
                  0.01    0.00   26.31 ^ _301166_/A4 (NAND4_X1)
     3    6.23    0.04    0.05   26.36 v _301166_/ZN (NAND4_X1)
                                         _020087_ (net)
                  0.04    0.00   26.36 v _301347_/A3 (NOR4_X2)
     5    7.38    0.06    0.11   26.47 ^ _301347_/ZN (NOR4_X2)
                                         _020288_ (net)
                  0.06    0.00   26.47 ^ _303054_/A1 (AND2_X1)
     9   18.37    0.05    0.09   26.55 ^ _303054_/ZN (AND2_X1)
                                         _022183_ (net)
                  0.05    0.00   26.55 ^ _306181_/A2 (AND4_X4)
    10   19.80    0.02    0.07   26.63 ^ _306181_/ZN (AND4_X4)
                                         _025655_ (net)
                  0.02    0.00   26.63 ^ _307386_/A1 (NAND2_X4)
     5    9.81    0.01    0.02   26.64 v _307386_/ZN (NAND2_X4)
                                         _026992_ (net)
                  0.01    0.00   26.64 v _327679_/A2 (NOR4_X2)
     7   17.12    0.11    0.14   26.78 ^ _327679_/ZN (NOR4_X2)
                                         _049517_ (net)
                  0.11    0.00   26.78 ^ _327680_/A4 (NAND4_X4)
     3   10.35    0.02    0.04   26.83 v _327680_/ZN (NAND4_X4)
                                         _049519_ (net)
                  0.02    0.00   26.83 v _327730_/A1 (NOR4_X4)
     8   14.54    0.06    0.07   26.90 ^ _327730_/ZN (NOR4_X4)
                                         _049574_ (net)
                  0.06    0.00   26.90 ^ _327754_/A1 (NAND2_X2)
     1    2.70    0.02    0.02   26.92 v _327754_/ZN (NAND2_X2)
                                         _049600_ (net)
                  0.02    0.00   26.92 v _327757_/A1 (NOR2_X2)
     5   12.09    0.04    0.05   26.96 ^ _327757_/ZN (NOR2_X2)
                                         _049603_ (net)
                  0.04    0.00   26.96 ^ _327772_/C1 (AOI211_X2)
     1    3.32    0.02    0.02   26.99 v _327772_/ZN (AOI211_X2)
                                         _049621_ (net)
                  0.02    0.00   26.99 v _327773_/A3 (NOR3_X2)
     2    3.26    0.03    0.05   27.04 ^ _327773_/ZN (NOR3_X2)
                                         _049622_ (net)
                  0.03    0.00   27.04 ^ _327782_/A1 (NAND2_X1)
     1    4.24    0.01    0.02   27.06 v _327782_/ZN (NAND2_X1)
                                         _049632_ (net)
                  0.01    0.00   27.06 v _327784_/A (XOR2_X2)
     4    5.66    0.01    0.06   27.12 v _327784_/Z (XOR2_X2)
                                         _049634_ (net)
                  0.01    0.00   27.12 v _327962_/A2 (OR2_X1)
     1    3.10    0.01    0.05   27.17 v _327962_/ZN (OR2_X1)
                                         _049831_ (net)
                  0.01    0.00   27.17 v _327968_/A2 (NAND3_X2)
     4    7.31    0.02    0.02   27.20 ^ _327968_/ZN (NAND3_X2)
                                         _049837_ (net)
                  0.02    0.00   27.20 ^ _327970_/B1 (OAI21_X2)
     6    7.33    0.01    0.02   27.22 v _327970_/ZN (OAI21_X2)
                                         _049841_ (net)
                  0.01    0.00   27.22 v _329074_/A1 (OR3_X2)
     7   15.15    0.02    0.08   27.30 v _329074_/ZN (OR3_X2)
                                         _051066_ (net)
                  0.02    0.00   27.30 v _329092_/A (XNOR2_X1)
     1    0.90    0.01    0.04   27.34 v _329092_/ZN (XNOR2_X1)
                                         _051086_ (net)
                  0.01    0.00   27.34 v _329093_/B (MUX2_X1)
     1    1.56    0.01    0.06   27.40 v _329093_/Z (MUX2_X1)
                                         _051087_ (net)
                  0.01    0.00   27.40 v _329100_/A (MUX2_X2)
     2    4.95    0.01    0.06   27.45 v _329100_/Z (MUX2_X2)
                                         _051095_ (net)
                  0.01    0.00   27.45 v _329101_/A4 (NOR4_X2)
     5    6.99    0.06    0.10   27.55 ^ _329101_/ZN (NOR4_X2)
                                         _051096_ (net)
                  0.06    0.00   27.55 ^ _329424_/A1 (OR2_X1)
     3   10.16    0.03    0.05   27.61 ^ _329424_/ZN (OR2_X1)
                                         _051454_ (net)
                  0.03    0.00   27.61 ^ _329425_/C1 (OAI211_X2)
     2    6.41    0.02    0.03   27.63 v _329425_/ZN (OAI211_X2)
                                         _051455_ (net)
                  0.02    0.00   27.63 v _329428_/A2 (OR3_X1)
     2    5.79    0.02    0.09   27.73 v _329428_/ZN (OR3_X1)
                                         _051458_ (net)
                  0.02    0.00   27.73 v _329429_/A2 (NAND2_X2)
     8   16.68    0.02    0.04   27.76 ^ _329429_/ZN (NAND2_X2)
                                         _051459_ (net)
                  0.02    0.00   27.76 ^ _329632_/A (XNOR2_X2)
     4    8.37    0.03    0.05   27.81 ^ _329632_/ZN (XNOR2_X2)
                                         _051685_ (net)
                  0.03    0.00   27.81 ^ _329722_/B (XNOR2_X1)
     1    1.61    0.02    0.02   27.83 v _329722_/ZN (XNOR2_X1)
                                         _051785_ (net)
                  0.02    0.00   27.83 v _329723_/A3 (OR3_X2)
     3    4.47    0.01    0.08   27.91 v _329723_/ZN (OR3_X2)
                                         _051786_ (net)
                  0.01    0.00   27.91 v _329735_/A1 (OR2_X2)
     3    3.96    0.01    0.04   27.96 v _329735_/ZN (OR2_X2)
                                         _051799_ (net)
                  0.01    0.00   27.96 v _329942_/B (AOI211_X4)
     3    9.72    0.01    0.11   28.07 ^ _329942_/ZN (AOI211_X4)
                                         _052029_ (net)
                  0.01    0.00   28.07 ^ _351938_/B2 (OAI21_X1)
     1    1.81    0.01    0.02   28.08 v _351938_/ZN (OAI21_X1)
                                         _076444_ (net)
                  0.01    0.00   28.08 v _351939_/S (MUX2_X1)
     1    1.65    0.01    0.05   28.13 ^ _351939_/Z (MUX2_X1)
                                         _076445_ (net)
                  0.01    0.00   28.13 ^ _351942_/B1 (AOI21_X1)
     1    1.54    0.14    0.01   28.15 v _351942_/ZN (AOI21_X1)
                                         _076449_ (net)
                  0.14    0.00   28.15 v _351948_/A (AOI21_X1)
     1    2.57    0.05    0.08   28.23 ^ _351948_/ZN (AOI21_X1)
                                         _076455_ (net)
                  0.05    0.00   28.23 ^ _351949_/B (XNOR2_X1)
     2    3.08    0.02    0.03   28.26 v _351949_/ZN (XNOR2_X1)
                                         _076456_ (net)
                  0.02    0.00   28.26 v _351950_/A3 (OR3_X1)
     1    3.51    0.02    0.09   28.35 v _351950_/ZN (OR3_X1)
                                         _076458_ (net)
                  0.02    0.00   28.35 v _351951_/A4 (OR4_X4)
     1    1.55    0.02    0.10   28.46 v _351951_/ZN (OR4_X4)
                                         _076459_ (net)
                  0.02    0.00   28.46 v _351952_/B3 (OAI33_X1)
     4    8.04    0.11    0.14   28.59 ^ _351952_/ZN (OAI33_X1)
                                         _076460_ (net)
                  0.11    0.00   28.59 ^ _352082_/A1 (NAND4_X2)
     4    7.88    0.04    0.06   28.65 v _352082_/ZN (NAND4_X2)
                                         _076605_ (net)
                  0.04    0.00   28.65 v _352158_/A2 (NOR4_X2)
     3    6.43    0.06    0.09   28.74 ^ _352158_/ZN (NOR4_X2)
                                         _076688_ (net)
                  0.06    0.00   28.74 ^ _352191_/A2 (NAND4_X2)
     2    2.89    0.06    0.04   28.78 v _352191_/ZN (NAND4_X2)
                                         _076726_ (net)
                  0.06    0.00   28.78 v _352192_/C1 (AOI211_X4)
     3    9.40    0.01    0.11   28.89 ^ _352192_/ZN (AOI211_X4)
                                         _076727_ (net)
                  0.01    0.00   28.89 ^ _352259_/A1 (NAND3_X4)
     5    6.49    0.02    0.02   28.91 v _352259_/ZN (NAND3_X4)
                                         _076800_ (net)
                  0.02    0.00   28.91 v _352331_/B1 (OAI33_X1)
     6   10.94    0.13    0.14   29.05 ^ _352331_/ZN (OAI33_X1)
                                         _076881_ (net)
                  0.13    0.00   29.05 ^ _358347_/A1 (AND4_X4)
     4    8.34    0.02    0.08   29.13 ^ _358347_/ZN (AND4_X4)
                                         _083549_ (net)
                  0.02    0.00   29.13 ^ _360235_/A1 (NAND4_X2)
     3    5.60    0.02    0.03   29.16 v _360235_/ZN (NAND4_X2)
                                         _085641_ (net)
                  0.02    0.00   29.16 v _360908_/C1 (AOI211_X2)
     4    8.42    0.06    0.06   29.22 ^ _360908_/ZN (AOI211_X2)
                                         _086386_ (net)
                  0.06    0.00   29.22 ^ _362627_/A1 (NAND4_X1)
     4    6.76    0.04    0.06   29.28 v _362627_/ZN (NAND4_X1)
                                         _088289_ (net)
                  0.04    0.00   29.28 v _363926_/A1 (NOR4_X2)
     3    4.74    0.05    0.07   29.34 ^ _363926_/ZN (NOR4_X2)
                                         _089726_ (net)
                  0.05    0.00   29.34 ^ _364408_/A1 (NAND3_X1)
     1    2.18    0.02    0.03   29.37 v _364408_/ZN (NAND3_X1)
                                         _090259_ (net)
                  0.02    0.00   29.37 v _364578_/A (XOR2_X1)
     3    4.64    0.02    0.06   29.43 v _364578_/Z (XOR2_X1)
                                         _090448_ (net)
                  0.02    0.00   29.43 v _366032_/A2 (NAND2_X1)
     1    1.65    0.01    0.02   29.45 ^ _366032_/ZN (NAND2_X1)
                                         _092053_ (net)
                  0.01    0.00   29.45 ^ _366034_/B1 (AOI21_X1)
     1    0.85    0.03    0.01   29.46 v _366034_/ZN (AOI21_X1)
                                         _092055_ (net)
                  0.03    0.00   29.46 v _366147_/A3 (OR4_X1)
     1    3.14    0.02    0.12   29.59 v _366147_/ZN (OR4_X1)
                                         _092180_ (net)
                  0.02    0.00   29.59 v _366149_/A (AOI221_X2)
     5    6.88    0.05    0.09   29.68 ^ _366149_/ZN (AOI221_X2)
                                         _092182_ (net)
                  0.05    0.00   29.68 ^ _367744_/B (MUX2_X1)
     1    1.66    0.02    0.05   29.72 ^ _367744_/Z (MUX2_X1)
                                         _093916_ (net)
                  0.02    0.00   29.72 ^ _367745_/B1 (OAI221_X1)
     1    0.00    0.14    0.02   29.75 v _367745_/ZN (OAI221_X1)
                                         alu_result_exe[37] (net)
                  0.14    0.00   29.75 v alu_result_exe[37] (out)
                                 29.75   data arrival time

                  0.00   30.00   30.00   clock clk (rise edge)
                          0.00   30.00   clock network delay (ideal)
                          0.00   30.00   clock reconvergence pessimism
                         -6.00   24.00   output external delay
                                 24.00   data required time
-----------------------------------------------------------------------------
                                 24.00   data required time
                                -29.75   data arrival time
-----------------------------------------------------------------------------
                                 -5.75   slack (VIOLATED)



==========================================================================
floorplan final report_checks -unconstrained
--------------------------------------------------------------------------
Startpoint: vtype_exe[4] (input port clocked by clk)
Endpoint: alu_result_exe[37] (output port clocked by clk)
Path Group: clk
Path Type: max

Fanout     Cap    Slew   Delay    Time   Description
-----------------------------------------------------------------------------
                  0.00    0.00    0.00   clock clk (rise edge)
                          0.00    0.00   clock network delay (ideal)
                          6.00    6.00 ^ input external delay
   375  661.12    0.00    0.00    6.00 ^ vtype_exe[4] (in)
                                         vtype_exe[4] (net)
                  0.00    0.00    6.00 ^ _184135_/A2 (NOR2_X4)
    15   27.46    0.01    0.01    6.01 v _184135_/ZN (NOR2_X4)
                                         _007215_ (net)
                  0.01    0.00    6.01 v _184192_/A2 (NAND2_X1)
   226  368.48    0.85    0.90    6.91 ^ _184192_/ZN (NAND2_X1)
                                         _013542_ (net)
                  0.85    0.00    6.91 ^ _184260_/A1 (NAND2_X1)
   115  166.77    0.29    1.17    8.08 v _184260_/ZN (NAND2_X1)
                                         _021090_ (net)
                  0.29    0.00    8.08 v _184261_/B2 (AOI21_X1)
     3    4.18    0.07    0.14    8.22 ^ _184261_/ZN (AOI21_X1)
                                         _021201_ (net)
                  0.07    0.00    8.22 ^ _184262_/A2 (NAND2_X1)
    10   14.61    0.05    0.06    8.28 v _184262_/ZN (NAND2_X1)
                                         _021312_ (net)
                  0.05    0.00    8.28 v _184263_/A (INV_X1)
     1    1.67    0.01    0.03    8.31 ^ _184263_/ZN (INV_X1)
                                         _021423_ (net)
                  0.01    0.00    8.31 ^ _184270_/B1 (OAI22_X1)
     1    0.90    0.01    0.02    8.33 v _184270_/ZN (OAI22_X1)
                                         _022200_ (net)
                  0.01    0.00    8.33 v _184271_/B (MUX2_X1)
     5    8.34    0.02    0.07    8.40 v _184271_/Z (MUX2_X1)
                                         _022311_ (net)
                  0.02    0.00    8.40 v _184272_/B1 (AOI22_X1)
     5   10.41    0.07    0.09    8.49 ^ _184272_/ZN (AOI22_X1)
                                         _022422_ (net)
                  0.07    0.00    8.49 ^ _184587_/A (OAI21_X1)
    18   39.23    0.12    0.12    8.61 v _184587_/ZN (OAI21_X1)
                                         _057387_ (net)
                  0.12    0.00    8.61 v _184864_/A (XOR2_X1)
    29   49.94    0.25    0.32    8.93 ^ _184864_/Z (XOR2_X1)
                                         _088115_ (net)
                  0.25    0.00    8.93 ^ _185178_/A2 (NAND2_X2)
     9   15.18    0.05    0.05    8.98 v _185178_/ZN (NAND2_X2)
                                         _096987_ (net)
                  0.05    0.00    8.98 v _185201_/A1 (NOR4_X2)
     9   21.75    0.13    0.16    9.14 ^ _185201_/ZN (NOR4_X2)
                                         _097240_ (net)
                  0.13    0.00    9.14 ^ _185704_/B1 (AOI21_X4)
    10   22.26    0.04    0.04    9.18 v _185704_/ZN (AOI21_X4)
                                         _102773_ (net)
                  0.04    0.00    9.18 v _185878_/A3 (NOR4_X4)
    12   25.96    0.09    0.14    9.32 ^ _185878_/ZN (NOR4_X4)
                                         _104687_ (net)
                  0.09    0.00    9.32 ^ _195469_/A3 (NAND4_X4)
    10   18.76    0.04    0.06    9.38 v _195469_/ZN (NAND4_X4)
                                         _026629_ (net)
                  0.04    0.00    9.38 v _195576_/C2 (AOI211_X4)
     9   20.86    0.02    0.12    9.49 ^ _195576_/ZN (AOI211_X4)
                                         _027817_ (net)
                  0.02    0.00    9.49 ^ _195920_/A3 (NAND4_X2)
     4    8.72    0.05    0.04    9.54 v _195920_/ZN (NAND4_X2)
                                         _031636_ (net)
                  0.05    0.00    9.54 v _195921_/C1 (AOI211_X4)
    24   42.11    0.03    0.12    9.66 ^ _195921_/ZN (AOI211_X4)
                                         _031647_ (net)
                  0.03    0.00    9.66 ^ _197193_/A1 (NAND4_X4)
     6   11.46    0.02    0.03    9.69 v _197193_/ZN (NAND4_X4)
                                         _045766_ (net)
                  0.02    0.00    9.69 v _199900_/C2 (AOI211_X4)
    23   40.35    0.03    0.12    9.81 ^ _199900_/ZN (AOI211_X4)
                                         _075814_ (net)
                  0.03    0.00    9.81 ^ _218278_/A2 (NAND4_X2)
    11   20.09    0.09    0.07    9.87 v _218278_/ZN (NAND4_X2)
                                         _112528_ (net)
                  0.09    0.00    9.87 v _218386_/C2 (AOI211_X2)
    12   20.93    0.10    0.15   10.02 ^ _218386_/ZN (AOI211_X2)
                                         _112647_ (net)
                  0.10    0.00   10.02 ^ _227205_/A1 (AND3_X2)
     5   17.41    0.03    0.08   10.10 ^ _227205_/ZN (AND3_X2)
                                         _122348_ (net)
                  0.03    0.00   10.10 ^ _227278_/C1 (OAI211_X4)
    55   90.85    0.07    0.09   10.19 v _227278_/ZN (OAI211_X4)
                                         _122428_ (net)
                  0.07    0.00   10.19 v _227290_/B2 (OAI33_X1)
    90  145.23    1.15    1.23   11.42 ^ _227290_/ZN (OAI33_X1)
                                         _122442_ (net)
                  1.15    0.00   11.42 ^ _227308_/B1 (AOI21_X4)
    82  108.00    0.32    0.32   11.75 v _227308_/ZN (AOI21_X4)
                                         _122461_ (net)
                  0.32    0.00   11.75 v _235602_/B2 (OAI33_X1)
   174  272.47    2.12    2.74   14.49 ^ _235602_/ZN (OAI33_X1)
                                         _131585_ (net)
                  2.12    0.00   14.49 ^ _242289_/C1 (AOI221_X1)
   181  276.99    2.80    7.40   21.89 v _242289_/ZN (AOI221_X1)
                                         _138940_ (net)
                  2.80    0.00   21.89 v _242351_/A1 (NOR2_X1)
    21   32.97    0.40    1.77   23.66 ^ _242351_/ZN (NOR2_X1)
                                         _139009_ (net)
                  0.40    0.00   23.66 ^ _245428_/B1 (AOI21_X1)
     1    1.41    0.20    0.00   23.66 v _245428_/ZN (AOI21_X1)
                                         _142393_ (net)
                  0.20    0.00   23.66 v _245431_/B1 (OAI221_X1)
     2    3.29    0.11    0.13   23.79 ^ _245431_/ZN (OAI221_X1)
                                         _142397_ (net)
                  0.11    0.00   23.79 ^ _245449_/A3 (NOR3_X1)
     2    2.97    0.03    0.02   23.81 v _245449_/ZN (NOR3_X1)
                                         _142416_ (net)
                  0.03    0.00   23.81 v _245483_/B1 (OAI221_X1)
     2    3.22    0.07    0.06   23.87 ^ _245483_/ZN (OAI221_X1)
                                         _142454_ (net)
                  0.07    0.00   23.87 ^ _245485_/B1 (AOI22_X1)
     2    3.10    0.03    0.04   23.91 v _245485_/ZN (AOI22_X1)
                                         _142456_ (net)
                  0.03    0.00   23.91 v _245516_/A (AOI21_X1)
     3    5.86    0.04    0.07   23.98 ^ _245516_/ZN (AOI21_X1)
                                         _142490_ (net)
                  0.04    0.00   23.98 ^ _245517_/B (XNOR2_X1)
     6   11.36    0.03    0.05   24.03 v _245517_/ZN (XNOR2_X1)
                                         _142491_ (net)
                  0.03    0.00   24.03 v _245836_/A3 (NAND4_X1)
     1    1.63    0.05    0.03   24.06 ^ _245836_/ZN (NAND4_X1)
                                         _142842_ (net)
                  0.05    0.00   24.06 ^ _245839_/A (OAI221_X1)
     2    2.09    0.25    0.04   24.10 v _245839_/ZN (OAI221_X1)
                                         _142845_ (net)
                  0.25    0.00   24.10 v _245854_/A1 (OR4_X1)
     3    3.74    0.03    0.19   24.29 v _245854_/ZN (OR4_X1)
                                         _142862_ (net)
                  0.03    0.00   24.29 v _245855_/B2 (AOI21_X1)
     2    5.23    0.04    0.06   24.35 ^ _245855_/ZN (AOI21_X1)
                                         _142863_ (net)
                  0.04    0.00   24.35 ^ _245862_/C1 (OAI211_X2)
     4    8.81    0.02    0.04   24.39 v _245862_/ZN (OAI211_X2)
                                         _142871_ (net)
                  0.02    0.00   24.39 v _245863_/C2 (AOI221_X1)
     2    2.49    0.05    0.07   24.45 ^ _245863_/ZN (AOI221_X1)
                                         _142872_ (net)
                  0.05    0.00   24.45 ^ _246078_/A3 (OAI33_X1)
     1    3.14    0.02    0.04   24.49 v _246078_/ZN (OAI33_X1)
                                         _143108_ (net)
                  0.02    0.00   24.49 v _246086_/A (AOI221_X2)
     3    9.84    0.06    0.10   24.60 ^ _246086_/ZN (AOI221_X2)
                                         _143117_ (net)
                  0.06    0.00   24.60 ^ _246099_/A (OAI211_X2)
     4    9.05    0.03    0.05   24.65 v _246099_/ZN (OAI211_X2)
                                         _143131_ (net)
                  0.03    0.00   24.65 v _246100_/A2 (NOR2_X2)
     9   15.70    0.04    0.07   24.72 ^ _246100_/ZN (NOR2_X2)
                                         _143133_ (net)
                  0.04    0.00   24.72 ^ _246168_/A2 (NOR2_X1)
     1    1.45    0.01    0.01   24.73 v _246168_/ZN (NOR2_X1)
                                         _143207_ (net)
                  0.01    0.00   24.73 v _246169_/B2 (AOI222_X1)
     2    3.23    0.06    0.10   24.83 ^ _246169_/ZN (AOI222_X1)
                                         _143208_ (net)
                  0.06    0.00   24.83 ^ _246170_/A1 (NAND2_X1)
     2    3.05    0.02    0.02   24.85 v _246170_/ZN (NAND2_X1)
                                         _143210_ (net)
                  0.02    0.00   24.85 v _246171_/B3 (OAI33_X1)
     8   13.75    0.15    0.18   25.03 ^ _246171_/ZN (OAI33_X1)
                                         _143211_ (net)
                  0.15    0.00   25.03 ^ _246745_/B2 (AOI21_X1)
     3    3.92    0.03    0.03   25.06 v _246745_/ZN (AOI21_X1)
                                         _143842_ (net)
                  0.03    0.00   25.06 v _246754_/A2 (OR2_X1)
     2    3.80    0.01    0.06   25.13 v _246754_/ZN (OR2_X1)
                                         _143852_ (net)
                  0.01    0.00   25.13 v _246764_/B (XNOR2_X1)
     3    4.95    0.03    0.05   25.18 ^ _246764_/ZN (XNOR2_X1)
                                         _143863_ (net)
                  0.03    0.00   25.18 ^ _246863_/B2 (AOI221_X1)
     1    1.51    0.02    0.03   25.20 v _246863_/ZN (AOI221_X1)
                                         _143972_ (net)
                  0.02    0.00   25.20 v _246864_/C2 (OAI222_X1)
     2    5.10    0.06    0.08   25.28 ^ _246864_/ZN (OAI222_X1)
                                         _143973_ (net)
                  0.06    0.00   25.28 ^ _246865_/B2 (AOI22_X2)
     6    8.97    0.03    0.04   25.32 v _246865_/ZN (AOI22_X2)
                                         _143974_ (net)
                  0.03    0.00   25.32 v _246879_/A1 (AOI22_X1)
     1    3.13    0.03    0.05   25.37 ^ _246879_/ZN (AOI22_X1)
                                         _143989_ (net)
                  0.03    0.00   25.37 ^ _246883_/B1 (AOI21_X2)
     7   11.26    0.02    0.03   25.40 v _246883_/ZN (AOI21_X2)
                                         _143994_ (net)
                  0.02    0.00   25.40 v _292370_/A1 (OR3_X2)
     3    4.49    0.01    0.07   25.46 v _292370_/ZN (OR3_X2)
                                         _010325_ (net)
                  0.01    0.00   25.46 v _294049_/B2 (AOI221_X1)
    12   18.74    0.16    0.21   25.67 ^ _294049_/ZN (AOI221_X1)
                                         _012187_ (net)
                  0.16    0.00   25.67 ^ _296130_/A1 (AND2_X2)
     2    6.02    0.02    0.06   25.73 ^ _296130_/ZN (AND2_X2)
                                         _014498_ (net)
                  0.02    0.00   25.73 ^ _297667_/A2 (NAND2_X2)
     7   10.24    0.01    0.02   25.75 v _297667_/ZN (NAND2_X2)
                                         _016203_ (net)
                  0.01    0.00   25.75 v _297792_/A (XOR2_X1)
     4    7.00    0.02    0.06   25.81 v _297792_/Z (XOR2_X1)
                                         _016343_ (net)
                  0.02    0.00   25.81 v _297793_/B (XNOR2_X1)
     2    4.54    0.02    0.05   25.87 v _297793_/ZN (XNOR2_X1)
                                         _016344_ (net)
                  0.02    0.00   25.87 v _297794_/B (XOR2_X1)
     2    3.11    0.01    0.06   25.93 v _297794_/Z (XOR2_X1)
                                         _016345_ (net)
                  0.01    0.00   25.93 v _297795_/A (INV_X1)
     4    7.44    0.02    0.03   25.96 ^ _297795_/ZN (INV_X1)
                                         _016346_ (net)
                  0.02    0.00   25.96 ^ _299810_/A (AOI21_X1)
     1    0.89    0.01    0.01   25.97 v _299810_/ZN (AOI21_X1)
                                         _018583_ (net)
                  0.01    0.00   25.97 v _299811_/A4 (OR4_X1)
     1    1.42    0.02    0.12   26.09 v _299811_/ZN (OR4_X1)
                                         _018584_ (net)
                  0.02    0.00   26.09 v _299812_/C1 (OAI221_X1)
     2    3.28    0.04    0.04   26.13 ^ _299812_/ZN (OAI221_X1)
                                         _018585_ (net)
                  0.04    0.00   26.13 ^ _299815_/A2 (NOR3_X1)
     1    3.32    0.01    0.02   26.15 v _299815_/ZN (NOR3_X1)
                                         _018588_ (net)
                  0.01    0.00   26.15 v _299816_/A3 (NOR3_X2)
     5    8.10    0.04    0.07   26.22 ^ _299816_/ZN (NOR3_X2)
                                         _018589_ (net)
                  0.04    0.00   26.22 ^ _301160_/A (XNOR2_X1)
     3    5.44    0.04    0.06   26.28 ^ _301160_/ZN (XNOR2_X1)
                                         _020081_ (net)
                  0.04    0.00   26.28 ^ _301165_/A2 (AND2_X1)
     1    1.66    0.01    0.04   26.31 ^ _301165_/ZN (AND2_X1)
                                         _020086_ (net)
                  0.01    0.00   26.31 ^ _301166_/A4 (NAND4_X1)
     3    6.23    0.04    0.05   26.36 v _301166_/ZN (NAND4_X1)
                                         _020087_ (net)
                  0.04    0.00   26.36 v _301347_/A3 (NOR4_X2)
     5    7.38    0.06    0.11   26.47 ^ _301347_/ZN (NOR4_X2)
                                         _020288_ (net)
                  0.06    0.00   26.47 ^ _303054_/A1 (AND2_X1)
     9   18.37    0.05    0.09   26.55 ^ _303054_/ZN (AND2_X1)
                                         _022183_ (net)
                  0.05    0.00   26.55 ^ _306181_/A2 (AND4_X4)
    10   19.80    0.02    0.07   26.63 ^ _306181_/ZN (AND4_X4)
                                         _025655_ (net)
                  0.02    0.00   26.63 ^ _307386_/A1 (NAND2_X4)
     5    9.81    0.01    0.02   26.64 v _307386_/ZN (NAND2_X4)
                                         _026992_ (net)
                  0.01    0.00   26.64 v _327679_/A2 (NOR4_X2)
     7   17.12    0.11    0.14   26.78 ^ _327679_/ZN (NOR4_X2)
                                         _049517_ (net)
                  0.11    0.00   26.78 ^ _327680_/A4 (NAND4_X4)
     3   10.35    0.02    0.04   26.83 v _327680_/ZN (NAND4_X4)
                                         _049519_ (net)
                  0.02    0.00   26.83 v _327730_/A1 (NOR4_X4)
     8   14.54    0.06    0.07   26.90 ^ _327730_/ZN (NOR4_X4)
                                         _049574_ (net)
                  0.06    0.00   26.90 ^ _327754_/A1 (NAND2_X2)
     1    2.70    0.02    0.02   26.92 v _327754_/ZN (NAND2_X2)
                                         _049600_ (net)
                  0.02    0.00   26.92 v _327757_/A1 (NOR2_X2)
     5   12.09    0.04    0.05   26.96 ^ _327757_/ZN (NOR2_X2)
                                         _049603_ (net)
                  0.04    0.00   26.96 ^ _327772_/C1 (AOI211_X2)
     1    3.32    0.02    0.02   26.99 v _327772_/ZN (AOI211_X2)
                                         _049621_ (net)
                  0.02    0.00   26.99 v _327773_/A3 (NOR3_X2)
     2    3.26    0.03    0.05   27.04 ^ _327773_/ZN (NOR3_X2)
                                         _049622_ (net)
                  0.03    0.00   27.04 ^ _327782_/A1 (NAND2_X1)
     1    4.24    0.01    0.02   27.06 v _327782_/ZN (NAND2_X1)
                                         _049632_ (net)
                  0.01    0.00   27.06 v _327784_/A (XOR2_X2)
     4    5.66    0.01    0.06   27.12 v _327784_/Z (XOR2_X2)
                                         _049634_ (net)
                  0.01    0.00   27.12 v _327962_/A2 (OR2_X1)
     1    3.10    0.01    0.05   27.17 v _327962_/ZN (OR2_X1)
                                         _049831_ (net)
                  0.01    0.00   27.17 v _327968_/A2 (NAND3_X2)
     4    7.31    0.02    0.02   27.20 ^ _327968_/ZN (NAND3_X2)
                                         _049837_ (net)
                  0.02    0.00   27.20 ^ _327970_/B1 (OAI21_X2)
     6    7.33    0.01    0.02   27.22 v _327970_/ZN (OAI21_X2)
                                         _049841_ (net)
                  0.01    0.00   27.22 v _329074_/A1 (OR3_X2)
     7   15.15    0.02    0.08   27.30 v _329074_/ZN (OR3_X2)
                                         _051066_ (net)
                  0.02    0.00   27.30 v _329092_/A (XNOR2_X1)
     1    0.90    0.01    0.04   27.34 v _329092_/ZN (XNOR2_X1)
                                         _051086_ (net)
                  0.01    0.00   27.34 v _329093_/B (MUX2_X1)
     1    1.56    0.01    0.06   27.40 v _329093_/Z (MUX2_X1)
                                         _051087_ (net)
                  0.01    0.00   27.40 v _329100_/A (MUX2_X2)
     2    4.95    0.01    0.06   27.45 v _329100_/Z (MUX2_X2)
                                         _051095_ (net)
                  0.01    0.00   27.45 v _329101_/A4 (NOR4_X2)
     5    6.99    0.06    0.10   27.55 ^ _329101_/ZN (NOR4_X2)
                                         _051096_ (net)
                  0.06    0.00   27.55 ^ _329424_/A1 (OR2_X1)
     3   10.16    0.03    0.05   27.61 ^ _329424_/ZN (OR2_X1)
                                         _051454_ (net)
                  0.03    0.00   27.61 ^ _329425_/C1 (OAI211_X2)
     2    6.41    0.02    0.03   27.63 v _329425_/ZN (OAI211_X2)
                                         _051455_ (net)
                  0.02    0.00   27.63 v _329428_/A2 (OR3_X1)
     2    5.79    0.02    0.09   27.73 v _329428_/ZN (OR3_X1)
                                         _051458_ (net)
                  0.02    0.00   27.73 v _329429_/A2 (NAND2_X2)
     8   16.68    0.02    0.04   27.76 ^ _329429_/ZN (NAND2_X2)
                                         _051459_ (net)
                  0.02    0.00   27.76 ^ _329632_/A (XNOR2_X2)
     4    8.37    0.03    0.05   27.81 ^ _329632_/ZN (XNOR2_X2)
                                         _051685_ (net)
                  0.03    0.00   27.81 ^ _329722_/B (XNOR2_X1)
     1    1.61    0.02    0.02   27.83 v _329722_/ZN (XNOR2_X1)
                                         _051785_ (net)
                  0.02    0.00   27.83 v _329723_/A3 (OR3_X2)
     3    4.47    0.01    0.08   27.91 v _329723_/ZN (OR3_X2)
                                         _051786_ (net)
                  0.01    0.00   27.91 v _329735_/A1 (OR2_X2)
     3    3.96    0.01    0.04   27.96 v _329735_/ZN (OR2_X2)
                                         _051799_ (net)
                  0.01    0.00   27.96 v _329942_/B (AOI211_X4)
     3    9.72    0.01    0.11   28.07 ^ _329942_/ZN (AOI211_X4)
                                         _052029_ (net)
                  0.01    0.00   28.07 ^ _351938_/B2 (OAI21_X1)
     1    1.81    0.01    0.02   28.08 v _351938_/ZN (OAI21_X1)
                                         _076444_ (net)
                  0.01    0.00   28.08 v _351939_/S (MUX2_X1)
     1    1.65    0.01    0.05   28.13 ^ _351939_/Z (MUX2_X1)
                                         _076445_ (net)
                  0.01    0.00   28.13 ^ _351942_/B1 (AOI21_X1)
     1    1.54    0.14    0.01   28.15 v _351942_/ZN (AOI21_X1)
                                         _076449_ (net)
                  0.14    0.00   28.15 v _351948_/A (AOI21_X1)
     1    2.57    0.05    0.08   28.23 ^ _351948_/ZN (AOI21_X1)
                                         _076455_ (net)
                  0.05    0.00   28.23 ^ _351949_/B (XNOR2_X1)
     2    3.08    0.02    0.03   28.26 v _351949_/ZN (XNOR2_X1)
                                         _076456_ (net)
                  0.02    0.00   28.26 v _351950_/A3 (OR3_X1)
     1    3.51    0.02    0.09   28.35 v _351950_/ZN (OR3_X1)
                                         _076458_ (net)
                  0.02    0.00   28.35 v _351951_/A4 (OR4_X4)
     1    1.55    0.02    0.10   28.46 v _351951_/ZN (OR4_X4)
                                         _076459_ (net)
                  0.02    0.00   28.46 v _351952_/B3 (OAI33_X1)
     4    8.04    0.11    0.14   28.59 ^ _351952_/ZN (OAI33_X1)
                                         _076460_ (net)
                  0.11    0.00   28.59 ^ _352082_/A1 (NAND4_X2)
     4    7.88    0.04    0.06   28.65 v _352082_/ZN (NAND4_X2)
                                         _076605_ (net)
                  0.04    0.00   28.65 v _352158_/A2 (NOR4_X2)
     3    6.43    0.06    0.09   28.74 ^ _352158_/ZN (NOR4_X2)
                                         _076688_ (net)
                  0.06    0.00   28.74 ^ _352191_/A2 (NAND4_X2)
     2    2.89    0.06    0.04   28.78 v _352191_/ZN (NAND4_X2)
                                         _076726_ (net)
                  0.06    0.00   28.78 v _352192_/C1 (AOI211_X4)
     3    9.40    0.01    0.11   28.89 ^ _352192_/ZN (AOI211_X4)
                                         _076727_ (net)
                  0.01    0.00   28.89 ^ _352259_/A1 (NAND3_X4)
     5    6.49    0.02    0.02   28.91 v _352259_/ZN (NAND3_X4)
                                         _076800_ (net)
                  0.02    0.00   28.91 v _352331_/B1 (OAI33_X1)
     6   10.94    0.13    0.14   29.05 ^ _352331_/ZN (OAI33_X1)
                                         _076881_ (net)
                  0.13    0.00   29.05 ^ _358347_/A1 (AND4_X4)
     4    8.34    0.02    0.08   29.13 ^ _358347_/ZN (AND4_X4)
                                         _083549_ (net)
                  0.02    0.00   29.13 ^ _360235_/A1 (NAND4_X2)
     3    5.60    0.02    0.03   29.16 v _360235_/ZN (NAND4_X2)
                                         _085641_ (net)
                  0.02    0.00   29.16 v _360908_/C1 (AOI211_X2)
     4    8.42    0.06    0.06   29.22 ^ _360908_/ZN (AOI211_X2)
                                         _086386_ (net)
                  0.06    0.00   29.22 ^ _362627_/A1 (NAND4_X1)
     4    6.76    0.04    0.06   29.28 v _362627_/ZN (NAND4_X1)
                                         _088289_ (net)
                  0.04    0.00   29.28 v _363926_/A1 (NOR4_X2)
     3    4.74    0.05    0.07   29.34 ^ _363926_/ZN (NOR4_X2)
                                         _089726_ (net)
                  0.05    0.00   29.34 ^ _364408_/A1 (NAND3_X1)
     1    2.18    0.02    0.03   29.37 v _364408_/ZN (NAND3_X1)
                                         _090259_ (net)
                  0.02    0.00   29.37 v _364578_/A (XOR2_X1)
     3    4.64    0.02    0.06   29.43 v _364578_/Z (XOR2_X1)
                                         _090448_ (net)
                  0.02    0.00   29.43 v _366032_/A2 (NAND2_X1)
     1    1.65    0.01    0.02   29.45 ^ _366032_/ZN (NAND2_X1)
                                         _092053_ (net)
                  0.01    0.00   29.45 ^ _366034_/B1 (AOI21_X1)
     1    0.85    0.03    0.01   29.46 v _366034_/ZN (AOI21_X1)
                                         _092055_ (net)
                  0.03    0.00   29.46 v _366147_/A3 (OR4_X1)
     1    3.14    0.02    0.12   29.59 v _366147_/ZN (OR4_X1)
                                         _092180_ (net)
                  0.02    0.00   29.59 v _366149_/A (AOI221_X2)
     5    6.88    0.05    0.09   29.68 ^ _366149_/ZN (AOI221_X2)
                                         _092182_ (net)
                  0.05    0.00   29.68 ^ _367744_/B (MUX2_X1)
     1    1.66    0.02    0.05   29.72 ^ _367744_/Z (MUX2_X1)
                                         _093916_ (net)
                  0.02    0.00   29.72 ^ _367745_/B1 (OAI221_X1)
     1    0.00    0.14    0.02   29.75 v _367745_/ZN (OAI221_X1)
                                         alu_result_exe[37] (net)
                  0.14    0.00   29.75 v alu_result_exe[37] (out)
                                 29.75   data arrival time

                  0.00   30.00   30.00   clock clk (rise edge)
                          0.00   30.00   clock network delay (ideal)
                          0.00   30.00   clock reconvergence pessimism
                         -6.00   24.00   output external delay
                                 24.00   data required time
-----------------------------------------------------------------------------
                                 24.00   data required time
                                -29.75   data arrival time
-----------------------------------------------------------------------------
                                 -5.75   slack (VIOLATED)



==========================================================================
floorplan final report_power
--------------------------------------------------------------------------
Group                  Internal  Switching    Leakage      Total
                          Power      Power      Power      Power (Watts)
----------------------------------------------------------------
Sequential             0.00e+00   0.00e+00   0.00e+00   0.00e+00   0.0%
Combinational          4.10e-01   3.64e-01   4.80e-03   7.79e-01 100.0%
Clock                  0.00e+00   0.00e+00   0.00e+00   0.00e+00   0.0%
Macro                  0.00e+00   0.00e+00   0.00e+00   0.00e+00   0.0%
Pad                    0.00e+00   0.00e+00   0.00e+00   0.00e+00   0.0%
----------------------------------------------------------------
Total                  4.10e-01   3.64e-01   4.80e-03   7.79e-01 100.0%
                          52.7%      46.7%       0.6%
