
==========================================================================
global route report_tns
--------------------------------------------------------------------------
tns 0.00

==========================================================================
global route report_wns
--------------------------------------------------------------------------
wns 0.00

==========================================================================
global route report_worst_slack
--------------------------------------------------------------------------
worst slack 2293.21

==========================================================================
global route report_clock_skew
--------------------------------------------------------------------------
Clock clk
No launch/capture paths found.


==========================================================================
global route report_checks -path_delay min
--------------------------------------------------------------------------
Startpoint: rf_wr_data_mem[109] (input port clocked by clk)
Endpoint: srcb_byp[109] (output port clocked by clk)
Path Group: clk
Path Type: min

Fanout     Cap    Slew   Delay    Time   Description
-----------------------------------------------------------------------------
                  0.00    0.00    0.00   clock clk (rise edge)
                          0.00    0.00   clock network delay (ideal)
                       1000.00 1000.00 ^ input external delay
     1    0.79    0.00    0.00 1000.00 ^ rf_wr_data_mem[109] (in)
                                         rf_wr_data_mem[109] (net)
                  0.13    0.04 1000.04 ^ input114/A (BUFx2_ASAP7_75t_R)
     2    1.55    7.86   11.48 1011.52 ^ input114/Y (BUFx2_ASAP7_75t_R)
                                         net114 (net)
                  7.87    0.05 1011.57 ^ _3010_/A1 (OA21x2_ASAP7_75t_R)
     1    0.65    5.61   15.22 1026.79 ^ _3010_/Y (OA21x2_ASAP7_75t_R)
                                         net818 (net)
                  5.61    0.06 1026.85 ^ output818/A (BUFx2_ASAP7_75t_R)
     1    0.12    3.88   10.90 1037.75 ^ output818/Y (BUFx2_ASAP7_75t_R)
                                         srcb_byp[109] (net)
                  3.88    0.01 1037.76 ^ srcb_byp[109] (out)
                               1037.76   data arrival time

                  0.00    0.00    0.00   clock clk (rise edge)
                          0.00    0.00   clock network delay (ideal)
                          0.00    0.00   clock reconvergence pessimism
                       -1000.00 -1000.00   output external delay
                               -1000.00   data required time
-----------------------------------------------------------------------------
                               -1000.00   data required time
                               -1037.76   data arrival time
-----------------------------------------------------------------------------
                               2037.76   slack (MET)



==========================================================================
global route report_checks -path_delay max
--------------------------------------------------------------------------
Startpoint: rf_wr_addr_mem[0] (input port clocked by clk)
Endpoint: srca_byp[63] (output port clocked by clk)
Path Group: clk
Path Type: max

Fanout     Cap    Slew   Delay    Time   Description
-----------------------------------------------------------------------------
                  0.00    0.00    0.00   clock clk (rise edge)
                          0.00    0.00   clock network delay (ideal)
                       1000.00 1000.00 v input external delay
     1    1.45    0.00    0.00 1000.00 v rf_wr_addr_mem[0] (in)
                                         rf_wr_addr_mem[0] (net)
                  0.34    0.11 1000.11 v input94/A (BUFx4f_ASAP7_75t_R)
     6   10.30   18.82   14.40 1014.51 v input94/Y (BUFx4f_ASAP7_75t_R)
                                         net94 (net)
                 21.38    3.60 1018.10 v _1740_/B (XOR2x2_ASAP7_75t_R)
     2    3.45   17.43   36.77 1054.87 ^ _1740_/Y (XOR2x2_ASAP7_75t_R)
                                         _0093_ (net)
                 17.45    0.30 1055.17 ^ _1742_/B (NOR3x2_ASAP7_75t_R)
     9   29.72  102.72   36.14 1091.31 v _1742_/Y (NOR3x2_ASAP7_75t_R)
                                         _0095_ (net)
                157.42   41.01 1132.32 v wire1089/A (BUFx16f_ASAP7_75t_R)
     6   26.23   13.10   41.29 1173.61 v wire1089/Y (BUFx16f_ASAP7_75t_R)
                                         net1089 (net)
                 79.71   24.08 1197.70 v _1826_/A (AND2x6_ASAP7_75t_R)
     2   16.32   22.69   45.79 1243.49 v _1826_/Y (AND2x6_ASAP7_75t_R)
                                         _0178_ (net)
                 23.59    2.14 1245.63 v wire1058/A (BUFx16f_ASAP7_75t_R)
    52   54.03    7.73   20.07 1265.70 v wire1058/Y (BUFx16f_ASAP7_75t_R)
                                         net1058 (net)
                280.53   88.52 1354.22 v _2471_/A2 (AO221x1_ASAP7_75t_R)
     1    0.76   12.94   44.21 1398.44 v _2471_/Y (AO221x1_ASAP7_75t_R)
                                         _0794_ (net)
                 12.94    0.07 1398.50 v _2472_/B (OA21x2_ASAP7_75t_R)
     2   10.93   36.36   23.58 1422.08 v _2472_/Y (OA21x2_ASAP7_75t_R)
                                         _0795_ (net)
                 44.46    8.85 1430.94 v wire1018/A (BUFx6f_ASAP7_75t_R)
     1    3.60    8.17   21.78 1452.71 v wire1018/Y (BUFx6f_ASAP7_75t_R)
                                         net1018 (net)
                  8.43    0.75 1453.47 v wire1/A (BUFx12f_ASAP7_75t_R)
     2   21.59    8.39   14.23 1467.70 v wire1/Y (BUFx12f_ASAP7_75t_R)
                                         net1154 (net)
                 97.79   30.82 1498.52 v _2677_/C (OR4x2_ASAP7_75t_R)
     1   19.99   74.87   74.02 1572.54 v _2677_/Y (OR4x2_ASAP7_75t_R)
                                         _0943_ (net)
                123.76   32.43 1604.97 v _2679_/B (OA211x2_ASAP7_75t_R)
     1   10.49   40.72   69.66 1674.63 v _2679_/Y (OA211x2_ASAP7_75t_R)
                                         net767 (net)
                 49.15    9.51 1684.14 v output767/A (BUFx2_ASAP7_75t_R)
     1    0.36    6.12   22.62 1706.77 v output767/Y (BUFx2_ASAP7_75t_R)
                                         srca_byp[63] (net)
                  6.12    0.02 1706.79 v srca_byp[63] (out)
                               1706.79   data arrival time

                  0.00 5000.00 5000.00   clock clk (rise edge)
                          0.00 5000.00   clock network delay (ideal)
                          0.00 5000.00   clock reconvergence pessimism
                       -1000.00 4000.00   output external delay
                               4000.00   data required time
-----------------------------------------------------------------------------
                               4000.00   data required time
                               -1706.79   data arrival time
-----------------------------------------------------------------------------
                               2293.21   slack (MET)



==========================================================================
global route report_checks -unconstrained
--------------------------------------------------------------------------
Startpoint: rf_wr_addr_mem[0] (input port clocked by clk)
Endpoint: srca_byp[63] (output port clocked by clk)
Path Group: clk
Path Type: max

Fanout     Cap    Slew   Delay    Time   Description
-----------------------------------------------------------------------------
                  0.00    0.00    0.00   clock clk (rise edge)
                          0.00    0.00   clock network delay (ideal)
                       1000.00 1000.00 v input external delay
     1    1.45    0.00    0.00 1000.00 v rf_wr_addr_mem[0] (in)
                                         rf_wr_addr_mem[0] (net)
                  0.34    0.11 1000.11 v input94/A (BUFx4f_ASAP7_75t_R)
     6   10.30   18.82   14.40 1014.51 v input94/Y (BUFx4f_ASAP7_75t_R)
                                         net94 (net)
                 21.38    3.60 1018.10 v _1740_/B (XOR2x2_ASAP7_75t_R)
     2    3.45   17.43   36.77 1054.87 ^ _1740_/Y (XOR2x2_ASAP7_75t_R)
                                         _0093_ (net)
                 17.45    0.30 1055.17 ^ _1742_/B (NOR3x2_ASAP7_75t_R)
     9   29.72  102.72   36.14 1091.31 v _1742_/Y (NOR3x2_ASAP7_75t_R)
                                         _0095_ (net)
                157.42   41.01 1132.32 v wire1089/A (BUFx16f_ASAP7_75t_R)
     6   26.23   13.10   41.29 1173.61 v wire1089/Y (BUFx16f_ASAP7_75t_R)
                                         net1089 (net)
                 79.71   24.08 1197.70 v _1826_/A (AND2x6_ASAP7_75t_R)
     2   16.32   22.69   45.79 1243.49 v _1826_/Y (AND2x6_ASAP7_75t_R)
                                         _0178_ (net)
                 23.59    2.14 1245.63 v wire1058/A (BUFx16f_ASAP7_75t_R)
    52   54.03    7.73   20.07 1265.70 v wire1058/Y (BUFx16f_ASAP7_75t_R)
                                         net1058 (net)
                280.53   88.52 1354.22 v _2471_/A2 (AO221x1_ASAP7_75t_R)
     1    0.76   12.94   44.21 1398.44 v _2471_/Y (AO221x1_ASAP7_75t_R)
                                         _0794_ (net)
                 12.94    0.07 1398.50 v _2472_/B (OA21x2_ASAP7_75t_R)
     2   10.93   36.36   23.58 1422.08 v _2472_/Y (OA21x2_ASAP7_75t_R)
                                         _0795_ (net)
                 44.46    8.85 1430.94 v wire1018/A (BUFx6f_ASAP7_75t_R)
     1    3.60    8.17   21.78 1452.71 v wire1018/Y (BUFx6f_ASAP7_75t_R)
                                         net1018 (net)
                  8.43    0.75 1453.47 v wire1/A (BUFx12f_ASAP7_75t_R)
     2   21.59    8.39   14.23 1467.70 v wire1/Y (BUFx12f_ASAP7_75t_R)
                                         net1154 (net)
                 97.79   30.82 1498.52 v _2677_/C (OR4x2_ASAP7_75t_R)
     1   19.99   74.87   74.02 1572.54 v _2677_/Y (OR4x2_ASAP7_75t_R)
                                         _0943_ (net)
                123.76   32.43 1604.97 v _2679_/B (OA211x2_ASAP7_75t_R)
     1   10.49   40.72   69.66 1674.63 v _2679_/Y (OA211x2_ASAP7_75t_R)
                                         net767 (net)
                 49.15    9.51 1684.14 v output767/A (BUFx2_ASAP7_75t_R)
     1    0.36    6.12   22.62 1706.77 v output767/Y (BUFx2_ASAP7_75t_R)
                                         srca_byp[63] (net)
                  6.12    0.02 1706.79 v srca_byp[63] (out)
                               1706.79   data arrival time

                  0.00 5000.00 5000.00   clock clk (rise edge)
                          0.00 5000.00   clock network delay (ideal)
                          0.00 5000.00   clock reconvergence pessimism
                       -1000.00 4000.00   output external delay
                               4000.00   data required time
-----------------------------------------------------------------------------
                               4000.00   data required time
                               -1706.79   data arrival time
-----------------------------------------------------------------------------
                               2293.21   slack (MET)



==========================================================================
global route report_check_types -max_slew -max_cap -max_fanout -violators
--------------------------------------------------------------------------

==========================================================================
global route max_slew_check_slack
--------------------------------------------------------------------------
13.511775016784668

==========================================================================
global route max_slew_check_limit
--------------------------------------------------------------------------
320.0

==========================================================================
global route max_slew_check_slack_limit
--------------------------------------------------------------------------
0.0422

==========================================================================
global route max_fanout_check_slack
--------------------------------------------------------------------------
1.0000000150474662e+30

==========================================================================
global route max_fanout_check_limit
--------------------------------------------------------------------------
1.0000000150474662e+30

==========================================================================
global route max_capacitance_check_slack
--------------------------------------------------------------------------
1.1138194799423218

==========================================================================
global route max_capacitance_check_limit
--------------------------------------------------------------------------
23.040000915527344

==========================================================================
global route max_capacitance_check_slack_limit
--------------------------------------------------------------------------
0.0483

==========================================================================
global route max_slew_violation_count
--------------------------------------------------------------------------
max slew violation count 0

==========================================================================
global route max_fanout_violation_count
--------------------------------------------------------------------------
max fanout violation count 0

==========================================================================
global route max_cap_violation_count
--------------------------------------------------------------------------
max cap violation count 0

==========================================================================
global route setup_violation_count
--------------------------------------------------------------------------
setup violation count 0

==========================================================================
global route hold_violation_count
--------------------------------------------------------------------------
hold violation count 0

==========================================================================
global route critical path delay
--------------------------------------------------------------------------
1706.7897

==========================================================================
global route critical path slack
--------------------------------------------------------------------------
2293.2100

==========================================================================
global route slack div critical path delay
--------------------------------------------------------------------------
134.358088

==========================================================================
global route report_power
--------------------------------------------------------------------------
Group                  Internal  Switching    Leakage      Total
                          Power      Power      Power      Power (Watts)
----------------------------------------------------------------
Sequential             0.00e+00   0.00e+00   0.00e+00   0.00e+00   0.0%
Combinational          7.93e-05   1.07e-04   2.79e-07   1.86e-04 100.0%
Clock                  0.00e+00   0.00e+00   0.00e+00   0.00e+00   0.0%
Macro                  0.00e+00   0.00e+00   0.00e+00   0.00e+00   0.0%
Pad                    0.00e+00   0.00e+00   0.00e+00   0.00e+00   0.0%
----------------------------------------------------------------
Total                  7.93e-05   1.07e-04   2.79e-07   1.86e-04 100.0%
                          42.6%      57.3%       0.1%
