
==========================================================================
global route report_tns
--------------------------------------------------------------------------
tns 0.00

==========================================================================
global route report_wns
--------------------------------------------------------------------------
wns 0.00

==========================================================================
global route report_worst_slack
--------------------------------------------------------------------------
worst slack 7.80

==========================================================================
global route report_clock_skew
--------------------------------------------------------------------------
Clock clk
No launch/capture paths found.


==========================================================================
global route report_checks -path_delay min
--------------------------------------------------------------------------
Startpoint: srcb[110] (input port clocked by clk)
Endpoint: srcb_alu[142] (output port clocked by clk)
Path Group: clk
Path Type: min

Fanout     Cap    Slew   Delay    Time   Description
-----------------------------------------------------------------------------
                  0.00    0.00    0.00   clock clk (rise edge)
                          0.00    0.00   clock network delay (ideal)
                          3.00    3.00 ^ input external delay
     1    1.75    0.00    0.00    3.00 ^ srcb[110] (in)
                                         srcb[110] (net)
                  0.00    0.00    3.00 ^ _891_/A (BUF_X1)
     1    1.24    0.01    0.02    3.02 ^ _891_/Z (BUF_X1)
                                         net332 (net)
                  0.01    0.00    3.02 ^ output332/A (BUF_X1)
     1    0.40    0.00    0.02    3.03 ^ output332/Z (BUF_X1)
                                         srcb_alu[142] (net)
                  0.00    0.00    3.03 ^ srcb_alu[142] (out)
                                  3.03   data arrival time

                  0.00    0.00    0.00   clock clk (rise edge)
                          0.00    0.00   clock network delay (ideal)
                          0.00    0.00   clock reconvergence pessimism
                         -3.00   -3.00   output external delay
                                 -3.00   data required time
-----------------------------------------------------------------------------
                                 -3.00   data required time
                                 -3.03   data arrival time
-----------------------------------------------------------------------------
                                  6.03   slack (MET)



==========================================================================
global route report_checks -path_delay max
--------------------------------------------------------------------------
Startpoint: vstart[4] (input port clocked by clk)
Endpoint: srca_alu[5] (output port clocked by clk)
Path Group: clk
Path Type: max

Fanout     Cap    Slew   Delay    Time   Description
-----------------------------------------------------------------------------
                  0.00    0.00    0.00   clock clk (rise edge)
                          0.00    0.00   clock network delay (ideal)
                          3.00    3.00 v input external delay
     1    1.98    0.00    0.00    3.00 v vstart[4] (in)
                                         vstart[4] (net)
                  0.00    0.00    3.00 v input54/A (CLKBUF_X3)
     4   19.70    0.02    0.04    3.04 v input54/Z (CLKBUF_X3)
                                         net54 (net)
                  0.02    0.00    3.04 v _370_/A3 (NOR4_X4)
     7   24.21    0.08    0.13    3.17 ^ _370_/ZN (NOR4_X4)
                                         _082_ (net)
                  0.08    0.00    3.17 ^ _394_/A4 (NAND4_X2)
     2    4.69    0.02    0.04    3.21 v _394_/ZN (NAND4_X2)
                                         _105_ (net)
                  0.02    0.00    3.21 v _587_/B1 (OAI33_X1)
     2    9.88    0.12    0.14    3.35 ^ _587_/ZN (OAI33_X1)
                                         _247_ (net)
                  0.12    0.00    3.35 ^ max_cap744/A (BUF_X2)
     1    6.81    0.01    0.04    3.38 ^ max_cap744/Z (BUF_X2)
                                         net744 (net)
                  0.01    0.00    3.39 ^ _590_/A3 (NOR3_X4)
     2    7.86    0.01    0.01    3.40 v _590_/ZN (NOR3_X4)
                                         _250_ (net)
                  0.01    0.00    3.40 v _592_/A3 (NOR4_X4)
     1   23.33    0.08    0.12    3.52 ^ _592_/ZN (NOR4_X4)
                                         net240 (net)
                  0.08    0.01    3.53 ^ wire501/A (BUF_X8)
     1   35.85    0.01    0.03    3.56 ^ wire501/Z (BUF_X8)
                                         net501 (net)
                  0.03    0.02    3.58 ^ wire500/A (BUF_X8)
     1   36.80    0.01    0.03    3.61 ^ wire500/Z (BUF_X8)
                                         net500 (net)
                  0.03    0.02    3.63 ^ wire499/A (BUF_X16)
     1   37.42    0.01    0.02    3.66 ^ wire499/Z (BUF_X16)
                                         net499 (net)
                  0.03    0.02    3.68 ^ wire498/A (BUF_X16)
     1   37.63    0.01    0.02    3.70 ^ wire498/Z (BUF_X16)
                                         net498 (net)
                  0.03    0.02    3.72 ^ wire497/A (BUF_X16)
     1   39.37    0.01    0.02    3.75 ^ wire497/Z (BUF_X16)
                                         net497 (net)
                  0.02    0.02    3.76 ^ wire496/A (BUF_X32)
     1   39.84    0.01    0.02    3.79 ^ wire496/Z (BUF_X32)
                                         net496 (net)
                  0.02    0.02    3.80 ^ wire495/A (BUF_X32)
     1   39.12    0.01    0.02    3.82 ^ wire495/Z (BUF_X32)
                                         net495 (net)
                  0.02    0.01    3.84 ^ wire494/A (BUF_X32)
     1   40.44    0.01    0.02    3.86 ^ wire494/Z (BUF_X32)
                                         net494 (net)
                  0.02    0.02    3.88 ^ wire493/A (BUF_X32)
     1   39.36    0.01    0.02    3.90 ^ wire493/Z (BUF_X32)
                                         net493 (net)
                  0.02    0.01    3.91 ^ wire492/A (BUF_X32)
     1   39.50    0.01    0.02    3.93 ^ wire492/Z (BUF_X32)
                                         net492 (net)
                  0.02    0.02    3.95 ^ wire491/A (BUF_X32)
     1   40.66    0.01    0.02    3.97 ^ wire491/Z (BUF_X32)
                                         net491 (net)
                  0.02    0.02    3.99 ^ wire490/A (BUF_X32)
     1   39.27    0.01    0.02    4.01 ^ wire490/Z (BUF_X32)
                                         net490 (net)
                  0.02    0.01    4.02 ^ wire489/A (BUF_X32)
     1   40.20    0.01    0.02    4.04 ^ wire489/Z (BUF_X32)
                                         net489 (net)
                  0.02    0.02    4.06 ^ wire488/A (BUF_X32)
     1   39.94    0.01    0.02    4.08 ^ wire488/Z (BUF_X32)
                                         net488 (net)
                  0.02    0.02    4.10 ^ wire487/A (BUF_X32)
     1   39.71    0.01    0.02    4.12 ^ wire487/Z (BUF_X32)
                                         net487 (net)
                  0.02    0.02    4.13 ^ wire486/A (BUF_X32)
     1   34.63    0.01    0.02    4.16 ^ wire486/Z (BUF_X32)
                                         net486 (net)
                  0.02    0.02    4.17 ^ output240/A (BUF_X1)
     1    1.30    0.01    0.03    4.20 ^ output240/Z (BUF_X1)
                                         srca_alu[5] (net)
                  0.01    0.00    4.20 ^ srca_alu[5] (out)
                                  4.20   data arrival time

                  0.00   15.00   15.00   clock clk (rise edge)
                          0.00   15.00   clock network delay (ideal)
                          0.00   15.00   clock reconvergence pessimism
                         -3.00   12.00   output external delay
                                 12.00   data required time
-----------------------------------------------------------------------------
                                 12.00   data required time
                                 -4.20   data arrival time
-----------------------------------------------------------------------------
                                  7.80   slack (MET)



==========================================================================
global route report_checks -unconstrained
--------------------------------------------------------------------------
Startpoint: vstart[4] (input port clocked by clk)
Endpoint: srca_alu[5] (output port clocked by clk)
Path Group: clk
Path Type: max

Fanout     Cap    Slew   Delay    Time   Description
-----------------------------------------------------------------------------
                  0.00    0.00    0.00   clock clk (rise edge)
                          0.00    0.00   clock network delay (ideal)
                          3.00    3.00 v input external delay
     1    1.98    0.00    0.00    3.00 v vstart[4] (in)
                                         vstart[4] (net)
                  0.00    0.00    3.00 v input54/A (CLKBUF_X3)
     4   19.70    0.02    0.04    3.04 v input54/Z (CLKBUF_X3)
                                         net54 (net)
                  0.02    0.00    3.04 v _370_/A3 (NOR4_X4)
     7   24.21    0.08    0.13    3.17 ^ _370_/ZN (NOR4_X4)
                                         _082_ (net)
                  0.08    0.00    3.17 ^ _394_/A4 (NAND4_X2)
     2    4.69    0.02    0.04    3.21 v _394_/ZN (NAND4_X2)
                                         _105_ (net)
                  0.02    0.00    3.21 v _587_/B1 (OAI33_X1)
     2    9.88    0.12    0.14    3.35 ^ _587_/ZN (OAI33_X1)
                                         _247_ (net)
                  0.12    0.00    3.35 ^ max_cap744/A (BUF_X2)
     1    6.81    0.01    0.04    3.38 ^ max_cap744/Z (BUF_X2)
                                         net744 (net)
                  0.01    0.00    3.39 ^ _590_/A3 (NOR3_X4)
     2    7.86    0.01    0.01    3.40 v _590_/ZN (NOR3_X4)
                                         _250_ (net)
                  0.01    0.00    3.40 v _592_/A3 (NOR4_X4)
     1   23.33    0.08    0.12    3.52 ^ _592_/ZN (NOR4_X4)
                                         net240 (net)
                  0.08    0.01    3.53 ^ wire501/A (BUF_X8)
     1   35.85    0.01    0.03    3.56 ^ wire501/Z (BUF_X8)
                                         net501 (net)
                  0.03    0.02    3.58 ^ wire500/A (BUF_X8)
     1   36.80    0.01    0.03    3.61 ^ wire500/Z (BUF_X8)
                                         net500 (net)
                  0.03    0.02    3.63 ^ wire499/A (BUF_X16)
     1   37.42    0.01    0.02    3.66 ^ wire499/Z (BUF_X16)
                                         net499 (net)
                  0.03    0.02    3.68 ^ wire498/A (BUF_X16)
     1   37.63    0.01    0.02    3.70 ^ wire498/Z (BUF_X16)
                                         net498 (net)
                  0.03    0.02    3.72 ^ wire497/A (BUF_X16)
     1   39.37    0.01    0.02    3.75 ^ wire497/Z (BUF_X16)
                                         net497 (net)
                  0.02    0.02    3.76 ^ wire496/A (BUF_X32)
     1   39.84    0.01    0.02    3.79 ^ wire496/Z (BUF_X32)
                                         net496 (net)
                  0.02    0.02    3.80 ^ wire495/A (BUF_X32)
     1   39.12    0.01    0.02    3.82 ^ wire495/Z (BUF_X32)
                                         net495 (net)
                  0.02    0.01    3.84 ^ wire494/A (BUF_X32)
     1   40.44    0.01    0.02    3.86 ^ wire494/Z (BUF_X32)
                                         net494 (net)
                  0.02    0.02    3.88 ^ wire493/A (BUF_X32)
     1   39.36    0.01    0.02    3.90 ^ wire493/Z (BUF_X32)
                                         net493 (net)
                  0.02    0.01    3.91 ^ wire492/A (BUF_X32)
     1   39.50    0.01    0.02    3.93 ^ wire492/Z (BUF_X32)
                                         net492 (net)
                  0.02    0.02    3.95 ^ wire491/A (BUF_X32)
     1   40.66    0.01    0.02    3.97 ^ wire491/Z (BUF_X32)
                                         net491 (net)
                  0.02    0.02    3.99 ^ wire490/A (BUF_X32)
     1   39.27    0.01    0.02    4.01 ^ wire490/Z (BUF_X32)
                                         net490 (net)
                  0.02    0.01    4.02 ^ wire489/A (BUF_X32)
     1   40.20    0.01    0.02    4.04 ^ wire489/Z (BUF_X32)
                                         net489 (net)
                  0.02    0.02    4.06 ^ wire488/A (BUF_X32)
     1   39.94    0.01    0.02    4.08 ^ wire488/Z (BUF_X32)
                                         net488 (net)
                  0.02    0.02    4.10 ^ wire487/A (BUF_X32)
     1   39.71    0.01    0.02    4.12 ^ wire487/Z (BUF_X32)
                                         net487 (net)
                  0.02    0.02    4.13 ^ wire486/A (BUF_X32)
     1   34.63    0.01    0.02    4.16 ^ wire486/Z (BUF_X32)
                                         net486 (net)
                  0.02    0.02    4.17 ^ output240/A (BUF_X1)
     1    1.30    0.01    0.03    4.20 ^ output240/Z (BUF_X1)
                                         srca_alu[5] (net)
                  0.01    0.00    4.20 ^ srca_alu[5] (out)
                                  4.20   data arrival time

                  0.00   15.00   15.00   clock clk (rise edge)
                          0.00   15.00   clock network delay (ideal)
                          0.00   15.00   clock reconvergence pessimism
                         -3.00   12.00   output external delay
                                 12.00   data required time
-----------------------------------------------------------------------------
                                 12.00   data required time
                                 -4.20   data arrival time
-----------------------------------------------------------------------------
                                  7.80   slack (MET)



==========================================================================
global route report_check_types -max_slew -max_cap -max_fanout -violators
--------------------------------------------------------------------------

==========================================================================
global route max_slew_check_slack
--------------------------------------------------------------------------
0.08066991716623306

==========================================================================
global route max_slew_check_limit
--------------------------------------------------------------------------
0.1985349953174591

==========================================================================
global route max_slew_check_slack_limit
--------------------------------------------------------------------------
0.4063

==========================================================================
global route max_fanout_check_slack
--------------------------------------------------------------------------
1.0000000150474662e+30

==========================================================================
global route max_fanout_check_limit
--------------------------------------------------------------------------
1.0000000150474662e+30

==========================================================================
global route max_capacitance_check_slack
--------------------------------------------------------------------------
1.5974736213684082

==========================================================================
global route max_capacitance_check_limit
--------------------------------------------------------------------------
11.482199668884277

==========================================================================
global route max_capacitance_check_slack_limit
--------------------------------------------------------------------------
0.1391

==========================================================================
global route max_slew_violation_count
--------------------------------------------------------------------------
max slew violation count 0

==========================================================================
global route max_fanout_violation_count
--------------------------------------------------------------------------
max fanout violation count 0

==========================================================================
global route max_cap_violation_count
--------------------------------------------------------------------------
max cap violation count 0

==========================================================================
global route setup_violation_count
--------------------------------------------------------------------------
setup violation count 0

==========================================================================
global route hold_violation_count
--------------------------------------------------------------------------
hold violation count 0

==========================================================================
global route critical path delay
--------------------------------------------------------------------------
4.1998

==========================================================================
global route critical path slack
--------------------------------------------------------------------------
7.8002

==========================================================================
global route slack div critical path delay
--------------------------------------------------------------------------
185.727892

==========================================================================
global route report_power
--------------------------------------------------------------------------
Group                  Internal  Switching    Leakage      Total
                          Power      Power      Power      Power (Watts)
----------------------------------------------------------------
Sequential             0.00e+00   0.00e+00   0.00e+00   0.00e+00   0.0%
Combinational          2.91e-04   2.44e-04   4.84e-04   1.02e-03 100.0%
Clock                  0.00e+00   0.00e+00   0.00e+00   0.00e+00   0.0%
Macro                  0.00e+00   0.00e+00   0.00e+00   0.00e+00   0.0%
Pad                    0.00e+00   0.00e+00   0.00e+00   0.00e+00   0.0%
----------------------------------------------------------------
Total                  2.91e-04   2.44e-04   4.84e-04   1.02e-03 100.0%
                          28.5%      24.0%      47.5%
