
==========================================================================
global route report_tns
--------------------------------------------------------------------------
tns 0.00

==========================================================================
global route report_wns
--------------------------------------------------------------------------
wns 0.00

==========================================================================
global route report_worst_slack
--------------------------------------------------------------------------
worst slack 7.43

==========================================================================
global route report_clock_skew
--------------------------------------------------------------------------
Clock clk
No launch/capture paths found.


==========================================================================
global route report_checks -path_delay min
--------------------------------------------------------------------------
Startpoint: src_data[49] (input port clocked by clk)
Endpoint: result[49] (output port clocked by clk)
Path Group: clk
Path Type: min

Fanout     Cap    Slew   Delay    Time   Description
-----------------------------------------------------------------------------
                  0.00    0.00    0.00   clock clk (rise edge)
                          0.00    0.00   clock network delay (ideal)
                          3.00    3.00 v input external delay
     1    2.07    0.00    0.00    3.00 v src_data[49] (in)
                                         src_data[49] (net)
                  0.00    0.00    3.00 v input78/A (BUF_X2)
     5   13.41    0.01    0.03    3.03 v input78/Z (BUF_X2)
                                         net78 (net)
                  0.01    0.00    3.03 v _1279_/A (INV_X1)
     1    1.94    0.01    0.01    3.04 ^ _1279_/ZN (INV_X1)
                                         _0575_ (net)
                  0.01    0.00    3.04 ^ _1284_/A1 (OAI22_X1)
     1    1.21    0.01    0.01    3.05 v _1284_/ZN (OAI22_X1)
                                         net206 (net)
                  0.01    0.00    3.05 v output206/A (BUF_X1)
     1    0.39    0.00    0.02    3.08 v output206/Z (BUF_X1)
                                         result[49] (net)
                  0.00    0.00    3.08 v result[49] (out)
                                  3.08   data arrival time

                  0.00    0.00    0.00   clock clk (rise edge)
                          0.00    0.00   clock network delay (ideal)
                          0.00    0.00   clock reconvergence pessimism
                         -3.00   -3.00   output external delay
                                 -3.00   data required time
-----------------------------------------------------------------------------
                                 -3.00   data required time
                                 -3.08   data arrival time
-----------------------------------------------------------------------------
                                  6.08   slack (MET)



==========================================================================
global route report_checks -path_delay max
--------------------------------------------------------------------------
Startpoint: invert (input port clocked by clk)
Endpoint: result[118] (output port clocked by clk)
Path Group: clk
Path Type: max

Fanout     Cap    Slew   Delay    Time   Description
-----------------------------------------------------------------------------
                  0.00    0.00    0.00   clock clk (rise edge)
                          0.00    0.00   clock network delay (ideal)
                          3.00    3.00 ^ input external delay
     1    7.21    0.00    0.00    3.00 ^ invert (in)
                                         invert (net)
                  0.00    0.00    3.00 ^ input1/A (BUF_X8)
     1   49.71    0.02    0.03    3.03 ^ input1/Z (BUF_X8)
                                         net1 (net)
                  0.02    0.00    3.03 ^ _0730_/A (INV_X32)
    88  192.32    0.01    0.01    3.04 v _0730_/ZN (INV_X32)
                                         _0097_ (net)
                  0.05    0.04    3.08 v max_length357/A (BUF_X16)
    11   91.62    0.01    0.04    3.12 v max_length357/Z (BUF_X16)
                                         net357 (net)
                  0.08    0.06    3.18 v wire356/A (BUF_X16)
     1   60.30    0.01    0.05    3.24 v wire356/Z (BUF_X16)
                                         net356 (net)
                  0.06    0.05    3.29 v wire355/A (BUF_X16)
     1   77.79    0.01    0.05    3.33 v wire355/Z (BUF_X16)
                                         net355 (net)
                  0.10    0.08    3.41 v wire354/A (BUF_X32)
    17  158.25    0.01    0.05    3.47 v wire354/Z (BUF_X32)
                                         net354 (net)
                  0.09    0.08    3.55 v wire353/A (BUF_X16)
     1   52.72    0.01    0.05    3.60 v wire353/Z (BUF_X16)
                                         net353 (net)
                  0.05    0.04    3.64 v wire352/A (BUF_X32)
    16  142.16    0.01    0.04    3.68 v wire352/Z (BUF_X32)
                                         net352 (net)
                  0.20    0.17    3.85 v _0943_/B2 (OAI22_X4)
     1   54.53    0.10    0.16    4.01 ^ _0943_/ZN (OAI22_X4)
                                         net155 (net)
                  0.11    0.06    4.07 ^ wire329/A (BUF_X16)
     1   51.04    0.01    0.03    4.10 ^ wire329/Z (BUF_X16)
                                         net329 (net)
                  0.05    0.04    4.14 ^ wire328/A (BUF_X16)
     1   74.87    0.01    0.03    4.17 ^ wire328/Z (BUF_X16)
                                         net328 (net)
                  0.10    0.08    4.25 ^ wire327/A (BUF_X32)
     1   74.82    0.01    0.03    4.28 ^ wire327/Z (BUF_X32)
                                         net327 (net)
                  0.10    0.08    4.36 ^ wire326/A (BUF_X32)
     1   74.47    0.01    0.03    4.39 ^ wire326/Z (BUF_X32)
                                         net326 (net)
                  0.10    0.08    4.47 ^ wire325/A (BUF_X32)
     1   48.35    0.01    0.03    4.50 ^ wire325/Z (BUF_X32)
                                         net325 (net)
                  0.05    0.04    4.54 ^ output155/A (BUF_X1)
     1    0.37    0.01    0.03    4.57 ^ output155/Z (BUF_X1)
                                         result[118] (net)
                  0.01    0.00    4.57 ^ result[118] (out)
                                  4.57   data arrival time

                  0.00   15.00   15.00   clock clk (rise edge)
                          0.00   15.00   clock network delay (ideal)
                          0.00   15.00   clock reconvergence pessimism
                         -3.00   12.00   output external delay
                                 12.00   data required time
-----------------------------------------------------------------------------
                                 12.00   data required time
                                 -4.57   data arrival time
-----------------------------------------------------------------------------
                                  7.43   slack (MET)



==========================================================================
global route report_checks -unconstrained
--------------------------------------------------------------------------
Startpoint: invert (input port clocked by clk)
Endpoint: result[118] (output port clocked by clk)
Path Group: clk
Path Type: max

Fanout     Cap    Slew   Delay    Time   Description
-----------------------------------------------------------------------------
                  0.00    0.00    0.00   clock clk (rise edge)
                          0.00    0.00   clock network delay (ideal)
                          3.00    3.00 ^ input external delay
     1    7.21    0.00    0.00    3.00 ^ invert (in)
                                         invert (net)
                  0.00    0.00    3.00 ^ input1/A (BUF_X8)
     1   49.71    0.02    0.03    3.03 ^ input1/Z (BUF_X8)
                                         net1 (net)
                  0.02    0.00    3.03 ^ _0730_/A (INV_X32)
    88  192.32    0.01    0.01    3.04 v _0730_/ZN (INV_X32)
                                         _0097_ (net)
                  0.05    0.04    3.08 v max_length357/A (BUF_X16)
    11   91.62    0.01    0.04    3.12 v max_length357/Z (BUF_X16)
                                         net357 (net)
                  0.08    0.06    3.18 v wire356/A (BUF_X16)
     1   60.30    0.01    0.05    3.24 v wire356/Z (BUF_X16)
                                         net356 (net)
                  0.06    0.05    3.29 v wire355/A (BUF_X16)
     1   77.79    0.01    0.05    3.33 v wire355/Z (BUF_X16)
                                         net355 (net)
                  0.10    0.08    3.41 v wire354/A (BUF_X32)
    17  158.25    0.01    0.05    3.47 v wire354/Z (BUF_X32)
                                         net354 (net)
                  0.09    0.08    3.55 v wire353/A (BUF_X16)
     1   52.72    0.01    0.05    3.60 v wire353/Z (BUF_X16)
                                         net353 (net)
                  0.05    0.04    3.64 v wire352/A (BUF_X32)
    16  142.16    0.01    0.04    3.68 v wire352/Z (BUF_X32)
                                         net352 (net)
                  0.20    0.17    3.85 v _0943_/B2 (OAI22_X4)
     1   54.53    0.10    0.16    4.01 ^ _0943_/ZN (OAI22_X4)
                                         net155 (net)
                  0.11    0.06    4.07 ^ wire329/A (BUF_X16)
     1   51.04    0.01    0.03    4.10 ^ wire329/Z (BUF_X16)
                                         net329 (net)
                  0.05    0.04    4.14 ^ wire328/A (BUF_X16)
     1   74.87    0.01    0.03    4.17 ^ wire328/Z (BUF_X16)
                                         net328 (net)
                  0.10    0.08    4.25 ^ wire327/A (BUF_X32)
     1   74.82    0.01    0.03    4.28 ^ wire327/Z (BUF_X32)
                                         net327 (net)
                  0.10    0.08    4.36 ^ wire326/A (BUF_X32)
     1   74.47    0.01    0.03    4.39 ^ wire326/Z (BUF_X32)
                                         net326 (net)
                  0.10    0.08    4.47 ^ wire325/A (BUF_X32)
     1   48.35    0.01    0.03    4.50 ^ wire325/Z (BUF_X32)
                                         net325 (net)
                  0.05    0.04    4.54 ^ output155/A (BUF_X1)
     1    0.37    0.01    0.03    4.57 ^ output155/Z (BUF_X1)
                                         result[118] (net)
                  0.01    0.00    4.57 ^ result[118] (out)
                                  4.57   data arrival time

                  0.00   15.00   15.00   clock clk (rise edge)
                          0.00   15.00   clock network delay (ideal)
                          0.00   15.00   clock reconvergence pessimism
                         -3.00   12.00   output external delay
                                 12.00   data required time
-----------------------------------------------------------------------------
                                 12.00   data required time
                                 -4.57   data arrival time
-----------------------------------------------------------------------------
                                  7.43   slack (MET)



==========================================================================
global route report_check_types -max_slew -max_cap -max_fanout -violators
--------------------------------------------------------------------------

==========================================================================
global route max_slew_check_slack
--------------------------------------------------------------------------
0.09867443144321442

==========================================================================
global route max_slew_check_limit
--------------------------------------------------------------------------
0.1985349953174591

==========================================================================
global route max_slew_check_slack_limit
--------------------------------------------------------------------------
0.4970

==========================================================================
global route max_fanout_check_slack
--------------------------------------------------------------------------
1.0000000150474662e+30

==========================================================================
global route max_fanout_check_limit
--------------------------------------------------------------------------
1.0000000150474662e+30

==========================================================================
global route max_capacitance_check_slack
--------------------------------------------------------------------------
18.719898223876953

==========================================================================
global route max_capacitance_check_limit
--------------------------------------------------------------------------
23.23150062561035

==========================================================================
global route max_capacitance_check_slack_limit
--------------------------------------------------------------------------
0.8058

==========================================================================
global route max_slew_violation_count
--------------------------------------------------------------------------
max slew violation count 0

==========================================================================
global route max_fanout_violation_count
--------------------------------------------------------------------------
max fanout violation count 0

==========================================================================
global route max_cap_violation_count
--------------------------------------------------------------------------
max cap violation count 0

==========================================================================
global route setup_violation_count
--------------------------------------------------------------------------
setup violation count 0

==========================================================================
global route hold_violation_count
--------------------------------------------------------------------------
hold violation count 0

==========================================================================
global route critical path delay
--------------------------------------------------------------------------
4.5681

==========================================================================
global route critical path slack
--------------------------------------------------------------------------
7.4319

==========================================================================
global route slack div critical path delay
--------------------------------------------------------------------------
162.691272

==========================================================================
global route report_power
--------------------------------------------------------------------------
Group                  Internal  Switching    Leakage      Total
                          Power      Power      Power      Power (Watts)
----------------------------------------------------------------
Sequential             0.00e+00   0.00e+00   0.00e+00   0.00e+00   0.0%
Combinational          1.91e-04   1.35e-04   2.06e-04   5.31e-04 100.0%
Clock                  0.00e+00   0.00e+00   0.00e+00   0.00e+00   0.0%
Macro                  0.00e+00   0.00e+00   0.00e+00   0.00e+00   0.0%
Pad                    0.00e+00   0.00e+00   0.00e+00   0.00e+00   0.0%
----------------------------------------------------------------
Total                  1.91e-04   1.35e-04   2.06e-04   5.31e-04 100.0%
                          35.9%      25.4%      38.7%
