
==========================================================================
global route report_tns
--------------------------------------------------------------------------
tns 0.00

==========================================================================
global route report_wns
--------------------------------------------------------------------------
wns 0.00

==========================================================================
global route report_worst_slack
--------------------------------------------------------------------------
worst slack 6.56

==========================================================================
global route report_clock_skew
--------------------------------------------------------------------------
Clock clk
No launch/capture paths found.


==========================================================================
global route report_checks -path_delay min
--------------------------------------------------------------------------
Startpoint: rf_wr_data_mem[0] (input port clocked by clk)
Endpoint: mask_byp[0] (output port clocked by clk)
Path Group: clk
Path Type: min

Fanout     Cap    Slew   Delay    Time   Description
-----------------------------------------------------------------------------
                  0.00    0.00    0.00   clock clk (rise edge)
                          0.00    0.00   clock network delay (ideal)
                          3.00    3.00 ^ input external delay
     1   13.36    0.00    0.00    3.00 ^ rf_wr_data_mem[0] (in)
                                         rf_wr_data_mem[0] (net)
                  0.00    0.00    3.00 ^ input104/A (BUF_X16)
     3   17.36    0.01    0.02    3.02 ^ input104/Z (BUF_X16)
                                         net104 (net)
                  0.01    0.00    3.02 ^ _1368_/A (MUX2_X1)
     1    1.28    0.01    0.03    3.05 ^ _1368_/Z (MUX2_X1)
                                         net648 (net)
                  0.01    0.00    3.05 ^ output648/A (BUF_X1)
     1    1.81    0.01    0.02    3.07 ^ output648/Z (BUF_X1)
                                         mask_byp[0] (net)
                  0.01    0.00    3.07 ^ mask_byp[0] (out)
                                  3.07   data arrival time

                  0.00    0.00    0.00   clock clk (rise edge)
                          0.00    0.00   clock network delay (ideal)
                          0.00    0.00   clock reconvergence pessimism
                         -3.00   -3.00   output external delay
                                 -3.00   data required time
-----------------------------------------------------------------------------
                                 -3.00   data required time
                                 -3.07   data arrival time
-----------------------------------------------------------------------------
                                  6.07   slack (MET)



==========================================================================
global route report_checks -path_delay max
--------------------------------------------------------------------------
Startpoint: rf_wr_addr_wb[4] (input port clocked by clk)
Endpoint: srca_byp[58] (output port clocked by clk)
Path Group: clk
Path Type: max

Fanout     Cap    Slew   Delay    Time   Description
-----------------------------------------------------------------------------
                  0.00    0.00    0.00   clock clk (rise edge)
                          0.00    0.00   clock network delay (ideal)
                          3.00    3.00 v input external delay
     1    2.03    0.00    0.00    3.00 v rf_wr_addr_wb[4] (in)
                                         rf_wr_addr_wb[4] (net)
                  0.00    0.00    3.00 v input103/A (CLKBUF_X3)
     4   17.91    0.02    0.04    3.04 v input103/Z (CLKBUF_X3)
                                         net103 (net)
                  0.02    0.00    3.04 v _1470_/B (XNOR2_X2)
     2   11.69    0.04    0.06    3.10 ^ _1470_/ZN (XNOR2_X2)
                                         _0041_ (net)
                  0.04    0.00    3.10 ^ _1472_/A2 (AND3_X4)
    27  147.25    0.07    0.11    3.21 ^ _1472_/ZN (AND3_X4)
                                         _0043_ (net)
                  0.10    0.06    3.27 ^ wire1705/A (BUF_X8)
     2   65.21    0.01    0.04    3.30 ^ wire1705/Z (BUF_X8)
                                         net1705 (net)
                  0.08    0.06    3.36 ^ wire1704/A (BUF_X16)
     1   68.45    0.01    0.03    3.40 ^ wire1704/Z (BUF_X16)
                                         net1704 (net)
                  0.09    0.07    3.47 ^ wire1703/A (BUF_X32)
     1   70.45    0.01    0.03    3.50 ^ wire1703/Z (BUF_X32)
                                         net1703 (net)
                  0.09    0.08    3.57 ^ wire1702/A (BUF_X32)
     9   94.94    0.01    0.03    3.60 ^ wire1702/Z (BUF_X32)
                                         net1702 (net)
                  0.06    0.05    3.65 ^ _1720_/B1 (AOI21_X4)
     1   22.53    0.02    0.03    3.69 v _1720_/ZN (AOI21_X4)
                                         _0284_ (net)
                  0.03    0.01    3.70 v _1721_/A (AOI221_X2)
     1   13.94    0.08    0.12    3.81 ^ _1721_/ZN (AOI221_X2)
                                         _0285_ (net)
                  0.08    0.00    3.82 ^ wire1451/A (BUF_X4)
     1   31.28    0.02    0.04    3.86 ^ wire1451/Z (BUF_X4)
                                         net1451 (net)
                  0.02    0.01    3.87 ^ wire1450/A (BUF_X8)
     1   26.85    0.01    0.03    3.89 ^ wire1450/Z (BUF_X8)
                                         net1450 (net)
                  0.02    0.01    3.91 ^ wire1449/A (BUF_X8)
     1   26.57    0.01    0.02    3.93 ^ wire1449/Z (BUF_X8)
                                         net1449 (net)
                  0.02    0.01    3.94 ^ wire1448/A (BUF_X8)
     2   26.47    0.01    0.02    3.97 ^ wire1448/Z (BUF_X8)
                                         net1448 (net)
                  0.02    0.01    3.98 ^ _1722_/B2 (OAI21_X4)
     8   78.58    0.03    0.04    4.02 v _1722_/ZN (OAI21_X4)
                                         _0286_ (net)
                  0.06    0.04    4.06 v wire1307/A (BUF_X8)
     1   43.29    0.01    0.05    4.10 v wire1307/Z (BUF_X8)
                                         net1307 (net)
                  0.04    0.03    4.13 v wire1306/A (BUF_X16)
     1   71.53    0.01    0.04    4.17 v wire1306/Z (BUF_X16)
                                         net1306 (net)
                  0.09    0.07    4.24 v wire1305/A (BUF_X32)
     1   72.25    0.01    0.05    4.29 v wire1305/Z (BUF_X32)
                                         net1305 (net)
                  0.09    0.07    4.37 v wire1304/A (BUF_X32)
     1   72.93    0.01    0.05    4.42 v wire1304/Z (BUF_X32)
                                         net1304 (net)
                  0.09    0.07    4.49 v wire1303/A (BUF_X32)
     6   64.95    0.01    0.05    4.54 v wire1303/Z (BUF_X32)
                                         net1303 (net)
                  0.08    0.06    4.61 v _2082_/C1 (AOI221_X2)
     2   23.07    0.11    0.15    4.76 ^ _2082_/ZN (AOI221_X2)
                                         _0628_ (net)
                  0.11    0.00    4.76 ^ _2411_/B2 (AOI21_X4)
     1   52.44    0.03    0.04    4.80 v _2411_/ZN (AOI21_X4)
                                         net761 (net)
                  0.07    0.05    4.86 v wire992/A (BUF_X16)
     1   47.46    0.01    0.05    4.90 v wire992/Z (BUF_X16)
                                         net992 (net)
                  0.05    0.04    4.94 v wire991/A (BUF_X16)
     1   70.97    0.01    0.04    4.98 v wire991/Z (BUF_X16)
                                         net991 (net)
                  0.09    0.08    5.06 v wire990/A (BUF_X32)
     1   71.57    0.01    0.05    5.11 v wire990/Z (BUF_X32)
                                         net990 (net)
                  0.09    0.08    5.19 v wire989/A (BUF_X32)
     1   71.47    0.01    0.05    5.24 v wire989/Z (BUF_X32)
                                         net989 (net)
                  0.09    0.08    5.31 v wire988/A (BUF_X32)
     1   46.25    0.01    0.05    5.36 v wire988/Z (BUF_X32)
                                         net988 (net)
                  0.04    0.04    5.40 v output761/A (BUF_X1)
     1    2.07    0.01    0.04    5.44 v output761/Z (BUF_X1)
                                         srca_byp[58] (net)
                  0.01    0.00    5.44 v srca_byp[58] (out)
                                  5.44   data arrival time

                  0.00   15.00   15.00   clock clk (rise edge)
                          0.00   15.00   clock network delay (ideal)
                          0.00   15.00   clock reconvergence pessimism
                         -3.00   12.00   output external delay
                                 12.00   data required time
-----------------------------------------------------------------------------
                                 12.00   data required time
                                 -5.44   data arrival time
-----------------------------------------------------------------------------
                                  6.56   slack (MET)



==========================================================================
global route report_checks -unconstrained
--------------------------------------------------------------------------
Startpoint: rf_wr_addr_wb[4] (input port clocked by clk)
Endpoint: srca_byp[58] (output port clocked by clk)
Path Group: clk
Path Type: max

Fanout     Cap    Slew   Delay    Time   Description
-----------------------------------------------------------------------------
                  0.00    0.00    0.00   clock clk (rise edge)
                          0.00    0.00   clock network delay (ideal)
                          3.00    3.00 v input external delay
     1    2.03    0.00    0.00    3.00 v rf_wr_addr_wb[4] (in)
                                         rf_wr_addr_wb[4] (net)
                  0.00    0.00    3.00 v input103/A (CLKBUF_X3)
     4   17.91    0.02    0.04    3.04 v input103/Z (CLKBUF_X3)
                                         net103 (net)
                  0.02    0.00    3.04 v _1470_/B (XNOR2_X2)
     2   11.69    0.04    0.06    3.10 ^ _1470_/ZN (XNOR2_X2)
                                         _0041_ (net)
                  0.04    0.00    3.10 ^ _1472_/A2 (AND3_X4)
    27  147.25    0.07    0.11    3.21 ^ _1472_/ZN (AND3_X4)
                                         _0043_ (net)
                  0.10    0.06    3.27 ^ wire1705/A (BUF_X8)
     2   65.21    0.01    0.04    3.30 ^ wire1705/Z (BUF_X8)
                                         net1705 (net)
                  0.08    0.06    3.36 ^ wire1704/A (BUF_X16)
     1   68.45    0.01    0.03    3.40 ^ wire1704/Z (BUF_X16)
                                         net1704 (net)
                  0.09    0.07    3.47 ^ wire1703/A (BUF_X32)
     1   70.45    0.01    0.03    3.50 ^ wire1703/Z (BUF_X32)
                                         net1703 (net)
                  0.09    0.08    3.57 ^ wire1702/A (BUF_X32)
     9   94.94    0.01    0.03    3.60 ^ wire1702/Z (BUF_X32)
                                         net1702 (net)
                  0.06    0.05    3.65 ^ _1720_/B1 (AOI21_X4)
     1   22.53    0.02    0.03    3.69 v _1720_/ZN (AOI21_X4)
                                         _0284_ (net)
                  0.03    0.01    3.70 v _1721_/A (AOI221_X2)
     1   13.94    0.08    0.12    3.81 ^ _1721_/ZN (AOI221_X2)
                                         _0285_ (net)
                  0.08    0.00    3.82 ^ wire1451/A (BUF_X4)
     1   31.28    0.02    0.04    3.86 ^ wire1451/Z (BUF_X4)
                                         net1451 (net)
                  0.02    0.01    3.87 ^ wire1450/A (BUF_X8)
     1   26.85    0.01    0.03    3.89 ^ wire1450/Z (BUF_X8)
                                         net1450 (net)
                  0.02    0.01    3.91 ^ wire1449/A (BUF_X8)
     1   26.57    0.01    0.02    3.93 ^ wire1449/Z (BUF_X8)
                                         net1449 (net)
                  0.02    0.01    3.94 ^ wire1448/A (BUF_X8)
     2   26.47    0.01    0.02    3.97 ^ wire1448/Z (BUF_X8)
                                         net1448 (net)
                  0.02    0.01    3.98 ^ _1722_/B2 (OAI21_X4)
     8   78.58    0.03    0.04    4.02 v _1722_/ZN (OAI21_X4)
                                         _0286_ (net)
                  0.06    0.04    4.06 v wire1307/A (BUF_X8)
     1   43.29    0.01    0.05    4.10 v wire1307/Z (BUF_X8)
                                         net1307 (net)
                  0.04    0.03    4.13 v wire1306/A (BUF_X16)
     1   71.53    0.01    0.04    4.17 v wire1306/Z (BUF_X16)
                                         net1306 (net)
                  0.09    0.07    4.24 v wire1305/A (BUF_X32)
     1   72.25    0.01    0.05    4.29 v wire1305/Z (BUF_X32)
                                         net1305 (net)
                  0.09    0.07    4.37 v wire1304/A (BUF_X32)
     1   72.93    0.01    0.05    4.42 v wire1304/Z (BUF_X32)
                                         net1304 (net)
                  0.09    0.07    4.49 v wire1303/A (BUF_X32)
     6   64.95    0.01    0.05    4.54 v wire1303/Z (BUF_X32)
                                         net1303 (net)
                  0.08    0.06    4.61 v _2082_/C1 (AOI221_X2)
     2   23.07    0.11    0.15    4.76 ^ _2082_/ZN (AOI221_X2)
                                         _0628_ (net)
                  0.11    0.00    4.76 ^ _2411_/B2 (AOI21_X4)
     1   52.44    0.03    0.04    4.80 v _2411_/ZN (AOI21_X4)
                                         net761 (net)
                  0.07    0.05    4.86 v wire992/A (BUF_X16)
     1   47.46    0.01    0.05    4.90 v wire992/Z (BUF_X16)
                                         net992 (net)
                  0.05    0.04    4.94 v wire991/A (BUF_X16)
     1   70.97    0.01    0.04    4.98 v wire991/Z (BUF_X16)
                                         net991 (net)
                  0.09    0.08    5.06 v wire990/A (BUF_X32)
     1   71.57    0.01    0.05    5.11 v wire990/Z (BUF_X32)
                                         net990 (net)
                  0.09    0.08    5.19 v wire989/A (BUF_X32)
     1   71.47    0.01    0.05    5.24 v wire989/Z (BUF_X32)
                                         net989 (net)
                  0.09    0.08    5.31 v wire988/A (BUF_X32)
     1   46.25    0.01    0.05    5.36 v wire988/Z (BUF_X32)
                                         net988 (net)
                  0.04    0.04    5.40 v output761/A (BUF_X1)
     1    2.07    0.01    0.04    5.44 v output761/Z (BUF_X1)
                                         srca_byp[58] (net)
                  0.01    0.00    5.44 v srca_byp[58] (out)
                                  5.44   data arrival time

                  0.00   15.00   15.00   clock clk (rise edge)
                          0.00   15.00   clock network delay (ideal)
                          0.00   15.00   clock reconvergence pessimism
                         -3.00   12.00   output external delay
                                 12.00   data required time
-----------------------------------------------------------------------------
                                 12.00   data required time
                                 -5.44   data arrival time
-----------------------------------------------------------------------------
                                  6.56   slack (MET)



==========================================================================
global route report_check_types -max_slew -max_cap -max_fanout -violators
--------------------------------------------------------------------------

==========================================================================
global route max_slew_check_slack
--------------------------------------------------------------------------
0.07237276434898376

==========================================================================
global route max_slew_check_limit
--------------------------------------------------------------------------
0.1985349953174591

==========================================================================
global route max_slew_check_slack_limit
--------------------------------------------------------------------------
0.3645

==========================================================================
global route max_fanout_check_slack
--------------------------------------------------------------------------
1.0000000150474662e+30

==========================================================================
global route max_fanout_check_limit
--------------------------------------------------------------------------
1.0000000150474662e+30

==========================================================================
global route max_capacitance_check_slack
--------------------------------------------------------------------------
0.10883356630802155

==========================================================================
global route max_capacitance_check_limit
--------------------------------------------------------------------------
27.61840057373047

==========================================================================
global route max_capacitance_check_slack_limit
--------------------------------------------------------------------------
0.0039

==========================================================================
global route max_slew_violation_count
--------------------------------------------------------------------------
max slew violation count 0

==========================================================================
global route max_fanout_violation_count
--------------------------------------------------------------------------
max fanout violation count 0

==========================================================================
global route max_cap_violation_count
--------------------------------------------------------------------------
max cap violation count 0

==========================================================================
global route setup_violation_count
--------------------------------------------------------------------------
setup violation count 0

==========================================================================
global route hold_violation_count
--------------------------------------------------------------------------
hold violation count 0

==========================================================================
global route critical path delay
--------------------------------------------------------------------------
5.4437

==========================================================================
global route critical path slack
--------------------------------------------------------------------------
6.5563

==========================================================================
global route slack div critical path delay
--------------------------------------------------------------------------
120.438305

==========================================================================
global route report_power
--------------------------------------------------------------------------
Group                  Internal  Switching    Leakage      Total
                          Power      Power      Power      Power (Watts)
----------------------------------------------------------------
Sequential             0.00e+00   0.00e+00   0.00e+00   0.00e+00   0.0%
Combinational          1.03e-03   7.33e-04   1.03e-03   2.80e-03 100.0%
Clock                  0.00e+00   0.00e+00   0.00e+00   0.00e+00   0.0%
Macro                  0.00e+00   0.00e+00   0.00e+00   0.00e+00   0.0%
Pad                    0.00e+00   0.00e+00   0.00e+00   0.00e+00   0.0%
----------------------------------------------------------------
Total                  1.03e-03   7.33e-04   1.03e-03   2.80e-03 100.0%
                          36.8%      26.2%      37.0%
