  violation type: Short
    srcs: net:_22431_ net:v_rf.regs_nxt\[3207\] 
    bbox = ( 2893.19, 2247.56 ) - ( 2893.23, 2247.7 ) on Layer metal2
  violation type: Short
    srcs: net:_22431_ net:v_rf.regs_nxt\[3207\] 
    bbox = ( 2893.19, 2247.56 ) - ( 2893.23, 2247.77 ) on Layer metal2
  violation type: Short
    srcs: net:_22431_ net:v_rf.regs_nxt\[3207\] 
    bbox = ( 2893.19, 2247.59 ) - ( 2893.26, 2247.77 ) on Layer metal2
  violation type: Short
    srcs: net:_22431_ net:v_rf.regs_nxt\[3207\] 
    bbox = ( 2893.19, 2247.59 ) - ( 2893.26, 2247.7 ) on Layer metal2
  violation type: Short
    srcs: net:_22618_ net:v_rf.regs_nxt\[3207\] 
    bbox = ( 2893, 2247 ) - ( 2893.07, 2247.03 ) on Layer metal2
  violation type: Short
    srcs: net:net3201 net:v_rf.regs\[3713\] 
    bbox = ( 2893.19, 2246.89 ) - ( 2893.26, 2246.97 ) on Layer metal3
  violation type: Short
    srcs: net:net3201 net:v_rf.regs\[3713\] 
    bbox = ( 2893.19, 2246.89 ) - ( 2893.37, 2246.97 ) on Layer metal3
  violation type: Short
    srcs: net:_22437_ net:_23764_ 
    bbox = ( 2893.19, 2246.47 ) - ( 2893.26, 2246.55 ) on Layer metal3
  violation type: Short
    srcs: net:_22437_ net:_23764_ 
    bbox = ( 2893.16, 2246.47 ) - ( 2893.3, 2246.55 ) on Layer metal3
  violation type: Short
    srcs: net:v_rf.regs\[2049\] net:_22431_ 
    bbox = ( 2893.26, 2245.6 ) - ( 2893.41, 2245.74 ) on Layer metal4
  violation type: Short
    srcs: net:_23764_ net:v_rf.regs\[3713\] 
    bbox = ( 2893.76, 2246.76 ) - ( 2893.83, 2246.82 ) on Layer metal3
  violation type: Short
    srcs: net:_23764_ net:v_rf.regs\[3713\] 
    bbox = ( 2893.76, 2246.76 ) - ( 2893.86, 2246.82 ) on Layer metal3
  violation type: Metal Spacing
    srcs: net:_22436_ net:_23764_ 
    bbox = ( 2893.68, 2247.32 ) - ( 2893.72, 2247.39 ) on Layer metal3
  violation type: Short
    srcs: net:_23957_ net:v_rf.regs\[3713\] 
    bbox = ( 2893.76, 2246.89 ) - ( 2893.83, 2246.97 ) on Layer metal3
  violation type: Short
    srcs: net:_23957_ net:v_rf.regs\[3713\] 
    bbox = ( 2893.55, 2246.89 ) - ( 2893.83, 2246.97 ) on Layer metal3
  violation type: Metal Spacing
    srcs: net:net3201 
    bbox = ( 2891.29, 2247.28 ) - ( 2891.36, 2247.32 ) on Layer metal2
  violation type: Metal Spacing
    srcs: net:net3201 
    bbox = ( 2891.29, 2247.28 ) - ( 2891.39, 2247.32 ) on Layer metal2
  violation type: Short
    srcs: net:net3201 net:_06822_ 
    bbox = ( 2891.13, 2248.72 ) - ( 2891.17, 2248.78 ) on Layer metal2
  violation type: Short
    srcs: net:net3201 net:_06822_ 
    bbox = ( 2891.1, 2248.72 ) - ( 2891.17, 2248.78 ) on Layer metal2
  violation type: Short
    srcs: net:net3201 net:v_rf.regs\[3201\] 
    bbox = ( 2891.67, 2248.57 ) - ( 2891.74, 2248.64 ) on Layer metal2
  violation type: Short
    srcs: net:net3201 net:v_rf.regs\[3201\] 
    bbox = ( 2891.67, 2248.54 ) - ( 2891.74, 2248.68 ) on Layer metal2
  violation type: Short
    srcs: net:_19533_ net:_25361_ 
    bbox = ( 2890.18, 2247.88 ) - ( 2890.24, 2247.95 ) on Layer metal2
  violation type: Short
    srcs: net:_19533_ net:_25361_ 
    bbox = ( 2890.18, 2247.88 ) - ( 2890.22, 2247.95 ) on Layer metal2
  violation type: Short
    srcs: net:_06822_ net:_12498_ 
    bbox = ( 2891.66, 2248.86 ) - ( 2891.74, 2248.93 ) on Layer metal3
  violation type: Short
    srcs: net:_06822_ net:_12498_ 
    bbox = ( 2891.26, 2248.86 ) - ( 2891.74, 2248.93 ) on Layer metal3
  violation type: Short
    srcs: net:_19533_ net:v_rf.regs\[3073\] 
    bbox = ( 2891.1, 2249.55 ) - ( 2891.17, 2249.62 ) on Layer metal3
  violation type: Short
    srcs: net:_16507_ net:_24499_ 
    bbox = ( 2893.57, 2244.09 ) - ( 2893.64, 2244.16 ) on Layer metal2
  violation type: Short
    srcs: net:_16507_ net:_24866_ 
    bbox = ( 2893.19, 2244.38 ) - ( 2893.26, 2244.45 ) on Layer metal2
  violation type: Short
    srcs: net:_16507_ net:_16662_ 
    bbox = ( 2894.52, 2243.53 ) - ( 2894.53, 2243.61 ) on Layer metal3
  violation type: Short
    srcs: net:_16507_ net:_16664_ 
    bbox = ( 2895.47, 2244.8 ) - ( 2895.54, 2244.86 ) on Layer metal3
  violation type: Short
    srcs: net:_16507_ net:_16664_ 
    bbox = ( 2895.47, 2244.8 ) - ( 2895.54, 2244.84 ) on Layer metal3
  violation type: Short
    srcs: net:_16507_ net:_16664_ 
    bbox = ( 2895.47, 2244.8 ) - ( 2895.76, 2244.84 ) on Layer metal3
  violation type: Metal Spacing
    srcs: net:_16507_ net:_19533_ 
    bbox = ( 2895.47, 2244.72 ) - ( 2895.57, 2244.78 ) on Layer metal3
  violation type: Metal Spacing
    srcs: net:_16507_ net:_19533_ 
    bbox = ( 2895.47, 2244.72 ) - ( 2895.54, 2244.78 ) on Layer metal3
  violation type: Short
    srcs: net:_22252_ net:_25544_ 
    bbox = ( 2894.14, 2244.24 ) - ( 2894.21, 2244.3 ) on Layer metal3
