
==========================================================================
global place report_tns
--------------------------------------------------------------------------
tns -3721.85

==========================================================================
global place report_wns
--------------------------------------------------------------------------
wns -34.07

==========================================================================
global place report_worst_slack
--------------------------------------------------------------------------
worst slack -34.07

==========================================================================
global place report_checks -path_delay min
--------------------------------------------------------------------------
Startpoint: srca[4] (input port clocked by clk)
Endpoint: result[4] (output port clocked by clk)
Path Group: clk
Path Type: min

Fanout     Cap    Slew   Delay    Time   Description
-----------------------------------------------------------------------------
                  0.00    0.00    0.00   clock clk (rise edge)
                          0.00    0.00   clock network delay (ideal)
                         20.00   20.00 v input external delay
     1    0.01    0.00    0.00   20.00 v srca[4] (in)
                                         srca[4] (net)
                  0.00    0.00   20.00 v _321848_/A1 (gf180mcu_fd_sc_mcu9t5v0__and2_2)
     1    0.00    0.04    0.10   20.10 v _321848_/Z (gf180mcu_fd_sc_mcu9t5v0__and2_2)
                                         result[4] (net)
                  0.04    0.00   20.10 v result[4] (out)
                                 20.10   data arrival time

                  0.00    0.00    0.00   clock clk (rise edge)
                          0.00    0.00   clock network delay (ideal)
                          0.00    0.00   clock reconvergence pessimism
                        -20.00  -20.00   output external delay
                                -20.00   data required time
-----------------------------------------------------------------------------
                                -20.00   data required time
                                -20.10   data arrival time
-----------------------------------------------------------------------------
                                 40.10   slack (MET)



==========================================================================
global place report_checks -path_delay max
--------------------------------------------------------------------------
Startpoint: is_mul (input port clocked by clk)
Endpoint: result[140] (output port clocked by clk)
Path Group: clk
Path Type: max

Fanout     Cap    Slew   Delay    Time   Description
-----------------------------------------------------------------------------
                  0.00    0.00    0.00   clock clk (rise edge)
                          0.00    0.00   clock network delay (ideal)
                         20.00   20.00 ^ input external delay
   141    2.52    0.00    0.00   20.00 ^ is_mul (in)
                                         is_mul (net)
                  0.00    0.00   20.00 ^ _166738_/A2 (gf180mcu_fd_sc_mcu9t5v0__and2_2)
   254    4.63   17.04    9.96   29.96 ^ _166738_/Z (gf180mcu_fd_sc_mcu9t5v0__and2_2)
                                         _117371_ (net)
                 17.04    0.00   29.96 ^ _166741_/A3 (gf180mcu_fd_sc_mcu9t5v0__or3_2)
     2    0.02    0.49   -0.53   29.43 ^ _166741_/Z (gf180mcu_fd_sc_mcu9t5v0__or3_2)
                                         _117405_ (net)
                  0.49    0.00   29.43 ^ _166743_/A3 (gf180mcu_fd_sc_mcu9t5v0__nand4_2)
     4    0.05    0.60    0.22   29.65 v _166743_/ZN (gf180mcu_fd_sc_mcu9t5v0__nand4_2)
                                         _117427_ (net)
                  0.60    0.00   29.65 v _166750_/A1 (gf180mcu_fd_sc_mcu9t5v0__or4_4)
     3    0.07    0.18    0.49   30.14 v _166750_/Z (gf180mcu_fd_sc_mcu9t5v0__or4_4)
                                         _117504_ (net)
                  0.18    0.00   30.14 v _166759_/A1 (gf180mcu_fd_sc_mcu9t5v0__oai31_2)
    24    0.33    3.07    1.73   31.88 ^ _166759_/ZN (gf180mcu_fd_sc_mcu9t5v0__oai31_2)
                                         _117604_ (net)
                  3.07    0.00   31.88 ^ _166765_/A3 (gf180mcu_fd_sc_mcu9t5v0__nand4_4)
    16    0.23    1.13    0.45   32.32 v _166765_/ZN (gf180mcu_fd_sc_mcu9t5v0__nand4_4)
                                         _117671_ (net)
                  1.13    0.00   32.32 v _166773_/A1 (gf180mcu_fd_sc_mcu9t5v0__oai31_2)
    29    0.43    3.95    2.44   34.77 ^ _166773_/ZN (gf180mcu_fd_sc_mcu9t5v0__oai31_2)
                                         _117760_ (net)
                  3.95    0.00   34.77 ^ _166789_/A1 (gf180mcu_fd_sc_mcu9t5v0__and4_4)
    15    0.26    0.57    0.63   35.40 ^ _166789_/Z (gf180mcu_fd_sc_mcu9t5v0__and4_4)
                                         _117937_ (net)
                  0.57    0.00   35.40 ^ _166798_/A1 (gf180mcu_fd_sc_mcu9t5v0__aoi21_4)
    20    0.25    0.47    0.34   35.74 v _166798_/ZN (gf180mcu_fd_sc_mcu9t5v0__aoi21_4)
                                         _118037_ (net)
                  0.47    0.00   35.74 v _166815_/A1 (gf180mcu_fd_sc_mcu9t5v0__or4_4)
     8    0.13    0.25    0.51   36.25 v _166815_/Z (gf180mcu_fd_sc_mcu9t5v0__or4_4)
                                         _118226_ (net)
                  0.25    0.00   36.25 v _166819_/A2 (gf180mcu_fd_sc_mcu9t5v0__oai31_2)
    41    0.62    5.63    3.17   39.42 ^ _166819_/ZN (gf180mcu_fd_sc_mcu9t5v0__oai31_2)
                                         _118270_ (net)
                  5.63    0.00   39.42 ^ _166834_/A1 (gf180mcu_fd_sc_mcu9t5v0__nand4_4)
    11    0.22    1.73    0.76   40.18 v _166834_/ZN (gf180mcu_fd_sc_mcu9t5v0__nand4_4)
                                         _118437_ (net)
                  1.73    0.00   40.18 v _166846_/A1 (gf180mcu_fd_sc_mcu9t5v0__oai21_4)
    23    0.38    1.37    1.23   41.42 ^ _166846_/ZN (gf180mcu_fd_sc_mcu9t5v0__oai21_4)
                                         _118570_ (net)
                  1.37    0.00   41.42 ^ _166866_/A1 (gf180mcu_fd_sc_mcu9t5v0__and3_4)
    12    0.25    0.51    0.52   41.94 ^ _166866_/Z (gf180mcu_fd_sc_mcu9t5v0__and3_4)
                                         _118792_ (net)
                  0.51    0.00   41.94 ^ _166874_/A1 (gf180mcu_fd_sc_mcu9t5v0__aoi21_4)
    43    0.62    1.01    0.68   42.61 v _166874_/ZN (gf180mcu_fd_sc_mcu9t5v0__aoi21_4)
                                         _118881_ (net)
                  1.01    0.00   42.61 v _166902_/A1 (gf180mcu_fd_sc_mcu9t5v0__nor4_2)
     8    0.14    1.78    1.18   43.79 ^ _166902_/ZN (gf180mcu_fd_sc_mcu9t5v0__nor4_2)
                                         _119192_ (net)
                  1.78    0.00   43.79 ^ _166922_/A2 (gf180mcu_fd_sc_mcu9t5v0__oai211_4)
     7    0.11    0.68    0.34   44.14 v _166922_/ZN (gf180mcu_fd_sc_mcu9t5v0__oai211_4)
                                         _119414_ (net)
                  0.68    0.00   44.14 v _166927_/A2 (gf180mcu_fd_sc_mcu9t5v0__oai31_4)
   123    2.07    9.38    5.22   49.36 ^ _166927_/ZN (gf180mcu_fd_sc_mcu9t5v0__oai31_4)
                                         _119469_ (net)
                  9.38    0.00   49.36 ^ _167362_/A1 (gf180mcu_fd_sc_mcu9t5v0__nand4_4)
     8    0.17    2.35    0.74   50.10 v _167362_/ZN (gf180mcu_fd_sc_mcu9t5v0__nand4_4)
                                         _124298_ (net)
                  2.35    0.00   50.10 v _167860_/A1 (gf180mcu_fd_sc_mcu9t5v0__oai31_4)
    73    1.33    6.09    3.90   54.00 ^ _167860_/ZN (gf180mcu_fd_sc_mcu9t5v0__oai31_4)
                                         _129824_ (net)
                  6.09    0.00   54.00 ^ _191305_/A1 (gf180mcu_fd_sc_mcu9t5v0__nand4_4)
    37    0.73    2.88    1.99   55.99 v _191305_/ZN (gf180mcu_fd_sc_mcu9t5v0__nand4_4)
                                         _084514_ (net)
                  2.88    0.00   55.99 v _191442_/A2 (gf180mcu_fd_sc_mcu9t5v0__aoi211_2)
     9    0.14    1.60    1.73   57.72 ^ _191442_/ZN (gf180mcu_fd_sc_mcu9t5v0__aoi211_2)
                                         _084665_ (net)
                  1.60    0.00   57.72 ^ _191810_/A1 (gf180mcu_fd_sc_mcu9t5v0__aoi21_4)
    55    0.88    1.51    1.10   58.82 v _191810_/ZN (gf180mcu_fd_sc_mcu9t5v0__aoi21_4)
                                         _085069_ (net)
                  1.51    0.00   58.82 v _197481_/A1 (gf180mcu_fd_sc_mcu9t5v0__oai31_4)
   112    1.73    7.86    4.58   63.40 ^ _197481_/ZN (gf180mcu_fd_sc_mcu9t5v0__oai31_4)
                                         _091308_ (net)
                  7.86    0.00   63.40 ^ _197492_/A2 (gf180mcu_fd_sc_mcu9t5v0__nand3_2)
    29    0.48    2.97    1.93   65.33 v _197492_/ZN (gf180mcu_fd_sc_mcu9t5v0__nand3_2)
                                         _091320_ (net)
                  2.97    0.00   65.33 v _198081_/A1 (gf180mcu_fd_sc_mcu9t5v0__aoi21_2)
   179    3.02   19.17   10.90   76.23 ^ _198081_/ZN (gf180mcu_fd_sc_mcu9t5v0__aoi21_2)
                                         _091968_ (net)
                 19.17    0.00   76.23 ^ _202759_/A2 (gf180mcu_fd_sc_mcu9t5v0__nand2_2)
    17    0.83    4.51    3.44   79.67 v _202759_/ZN (gf180mcu_fd_sc_mcu9t5v0__nand2_2)
                                         _097112_ (net)
                  4.51    0.00   79.67 v _204463_/A1 (gf180mcu_fd_sc_mcu9t5v0__oai32_2)
     1    0.01    1.93    1.71   81.38 ^ _204463_/ZN (gf180mcu_fd_sc_mcu9t5v0__oai32_2)
                                         _098987_ (net)
                  1.93    0.00   81.38 ^ _204464_/C (gf180mcu_fd_sc_mcu9t5v0__aoi221_2)
     2    0.02    2.12    0.24   81.62 v _204464_/ZN (gf180mcu_fd_sc_mcu9t5v0__aoi221_2)
                                         _098988_ (net)
                  2.12    0.00   81.62 v _204471_/A1 (gf180mcu_fd_sc_mcu9t5v0__xnor3_2)
     4    0.05    0.18    1.17   82.79 v _204471_/ZN (gf180mcu_fd_sc_mcu9t5v0__xnor3_2)
                                         _098996_ (net)
                  0.18    0.00   82.79 v _204472_/A3 (gf180mcu_fd_sc_mcu9t5v0__xnor3_2)
     1    0.01    0.10    0.36   83.15 ^ _204472_/ZN (gf180mcu_fd_sc_mcu9t5v0__xnor3_2)
                                         _098997_ (net)
                  0.10    0.00   83.15 ^ _204473_/I (gf180mcu_fd_sc_mcu9t5v0__clkinv_2)
     3    0.03    0.14    0.11   83.26 v _204473_/ZN (gf180mcu_fd_sc_mcu9t5v0__clkinv_2)
                                         _098998_ (net)
                  0.14    0.00   83.26 v _204492_/A1 (gf180mcu_fd_sc_mcu9t5v0__xnor3_2)
     5    0.07    0.28    0.79   84.05 ^ _204492_/ZN (gf180mcu_fd_sc_mcu9t5v0__xnor3_2)
                                         _099019_ (net)
                  0.28    0.00   84.05 ^ _215357_/B (gf180mcu_fd_sc_mcu9t5v0__oai21_2)
     2    0.02    1.85    0.12   84.17 v _215357_/ZN (gf180mcu_fd_sc_mcu9t5v0__oai21_2)
                                         _110966_ (net)
                  1.85    0.00   84.17 v _253138_/A1 (gf180mcu_fd_sc_mcu9t5v0__and2_2)
     1    0.01    0.12    0.50   84.66 v _253138_/Z (gf180mcu_fd_sc_mcu9t5v0__and2_2)
                                         _152865_ (net)
                  0.12    0.00   84.66 v _253139_/B1 (gf180mcu_fd_sc_mcu9t5v0__oai22_2)
     3    0.04    0.49    0.29   84.95 ^ _253139_/ZN (gf180mcu_fd_sc_mcu9t5v0__oai22_2)
                                         _152866_ (net)
                  0.49    0.00   84.95 ^ _253140_/C (gf180mcu_fd_sc_mcu9t5v0__aoi221_2)
     2    0.03    0.32    0.23   85.18 v _253140_/ZN (gf180mcu_fd_sc_mcu9t5v0__aoi221_2)
                                         _152867_ (net)
                  0.32    0.00   85.18 v _253143_/A2 (gf180mcu_fd_sc_mcu9t5v0__oai21_2)
     1    0.01    0.18    0.17   85.35 ^ _253143_/ZN (gf180mcu_fd_sc_mcu9t5v0__oai21_2)
                                         _152871_ (net)
                  0.18    0.00   85.35 ^ _253176_/A1 (gf180mcu_fd_sc_mcu9t5v0__xnor2_2)
     3    0.04    0.15    0.36   85.71 v _253176_/ZN (gf180mcu_fd_sc_mcu9t5v0__xnor2_2)
                                         _152907_ (net)
                  0.15    0.00   85.71 v _254240_/A1 (gf180mcu_fd_sc_mcu9t5v0__oai21_2)
     1    0.01    0.17    0.12   85.83 ^ _254240_/ZN (gf180mcu_fd_sc_mcu9t5v0__oai21_2)
                                         _154088_ (net)
                  0.17    0.00   85.83 ^ _254242_/A1 (gf180mcu_fd_sc_mcu9t5v0__and2_2)
     3    0.03    0.15    0.20   86.03 ^ _254242_/Z (gf180mcu_fd_sc_mcu9t5v0__and2_2)
                                         _154091_ (net)
                  0.15    0.00   86.03 ^ _254910_/I (gf180mcu_fd_sc_mcu9t5v0__clkinv_2)
     4    0.05    0.20    0.16   86.19 v _254910_/ZN (gf180mcu_fd_sc_mcu9t5v0__clkinv_2)
                                         _154832_ (net)
                  0.20    0.00   86.19 v _254914_/A1 (gf180mcu_fd_sc_mcu9t5v0__and2_2)
     3    0.03    0.10    0.21   86.40 v _254914_/Z (gf180mcu_fd_sc_mcu9t5v0__and2_2)
                                         _154837_ (net)
                  0.10    0.00   86.40 v _255463_/B (gf180mcu_fd_sc_mcu9t5v0__aoi21_2)
     1    0.02    0.22    0.17   86.56 ^ _255463_/ZN (gf180mcu_fd_sc_mcu9t5v0__aoi21_2)
                                         _155446_ (net)
                  0.22    0.00   86.56 ^ _255465_/A2 (gf180mcu_fd_sc_mcu9t5v0__aoi21_2)
     2    0.02    0.16    0.09   86.66 v _255465_/ZN (gf180mcu_fd_sc_mcu9t5v0__aoi21_2)
                                         _155448_ (net)
                  0.16    0.00   86.66 v _255485_/A2 (gf180mcu_fd_sc_mcu9t5v0__xor3_2)
     6    0.08    0.33    0.74   87.40 ^ _255485_/Z (gf180mcu_fd_sc_mcu9t5v0__xor3_2)
                                         _155470_ (net)
                  0.33    0.00   87.40 ^ _255486_/A2 (gf180mcu_fd_sc_mcu9t5v0__xnor2_4)
     4    0.05    0.15    0.41   87.82 v _255486_/ZN (gf180mcu_fd_sc_mcu9t5v0__xnor2_4)
                                         _155471_ (net)
                  0.15    0.00   87.82 v _255487_/A2 (gf180mcu_fd_sc_mcu9t5v0__or2_2)
     2    0.02    0.10    0.23   88.04 v _255487_/Z (gf180mcu_fd_sc_mcu9t5v0__or2_2)
                                         _155472_ (net)
                  0.10    0.00   88.04 v _258260_/C (gf180mcu_fd_sc_mcu9t5v0__oai211_2)
     2    0.02    0.28    0.19   88.23 ^ _258260_/ZN (gf180mcu_fd_sc_mcu9t5v0__oai211_2)
                                         _158550_ (net)
                  0.28    0.00   88.23 ^ _258261_/A2 (gf180mcu_fd_sc_mcu9t5v0__nand2_2)
     3    0.03    0.16    0.11   88.34 v _258261_/ZN (gf180mcu_fd_sc_mcu9t5v0__nand2_2)
                                         _158552_ (net)
                  0.16    0.00   88.34 v _258337_/A1 (gf180mcu_fd_sc_mcu9t5v0__xnor2_4)
     6    0.07    0.16    0.53   88.87 ^ _258337_/ZN (gf180mcu_fd_sc_mcu9t5v0__xnor2_4)
                                         _158636_ (net)
                  0.16    0.00   88.87 ^ _259027_/I (gf180mcu_fd_sc_mcu9t5v0__clkinv_2)
     1    0.01    0.09    0.08   88.94 v _259027_/ZN (gf180mcu_fd_sc_mcu9t5v0__clkinv_2)
                                         _159402_ (net)
                  0.09    0.00   88.94 v _259028_/B (gf180mcu_fd_sc_mcu9t5v0__aoi211_2)
     1    0.01    0.30    0.21   89.16 ^ _259028_/ZN (gf180mcu_fd_sc_mcu9t5v0__aoi211_2)
                                         _159403_ (net)
                  0.30    0.00   89.16 ^ _259029_/B1 (gf180mcu_fd_sc_mcu9t5v0__oai33_2)
     2    0.03    0.29    0.18   89.33 v _259029_/ZN (gf180mcu_fd_sc_mcu9t5v0__oai33_2)
                                         _159404_ (net)
                  0.29    0.00   89.33 v _259031_/A2 (gf180mcu_fd_sc_mcu9t5v0__aoi21_2)
     1    0.01    0.18    0.18   89.51 ^ _259031_/ZN (gf180mcu_fd_sc_mcu9t5v0__aoi21_2)
                                         _159407_ (net)
                  0.18    0.00   89.51 ^ _259100_/A2 (gf180mcu_fd_sc_mcu9t5v0__xnor3_4)
     2    0.10    0.21    0.82   90.34 v _259100_/ZN (gf180mcu_fd_sc_mcu9t5v0__xnor3_4)
                                         _159483_ (net)
                  0.21    0.00   90.34 v _260140_/A1 (gf180mcu_fd_sc_mcu9t5v0__and4_2)
     3    0.10    0.25    0.34   90.68 v _260140_/Z (gf180mcu_fd_sc_mcu9t5v0__and4_2)
                                         _160637_ (net)
                  0.25    0.00   90.68 v _264327_/A3 (gf180mcu_fd_sc_mcu9t5v0__and3_4)
     4    0.05    0.11    0.27   90.94 v _264327_/Z (gf180mcu_fd_sc_mcu9t5v0__and3_4)
                                         _004037_ (net)
                  0.11    0.00   90.94 v _265539_/A1 (gf180mcu_fd_sc_mcu9t5v0__and2_4)
     4    0.05    0.10    0.17   91.12 v _265539_/Z (gf180mcu_fd_sc_mcu9t5v0__and2_4)
                                         _005382_ (net)
                  0.10    0.00   91.12 v _265600_/A1 (gf180mcu_fd_sc_mcu9t5v0__xnor3_2)
     6    0.20    0.77    1.05   92.17 ^ _265600_/ZN (gf180mcu_fd_sc_mcu9t5v0__xnor3_2)
                                         _005450_ (net)
                  0.77    0.00   92.17 ^ _267251_/A2 (gf180mcu_fd_sc_mcu9t5v0__or2_2)
     3    0.04    0.19    0.23   92.40 ^ _267251_/Z (gf180mcu_fd_sc_mcu9t5v0__or2_2)
                                         _007283_ (net)
                  0.19    0.00   92.40 ^ _268192_/I (gf180mcu_fd_sc_mcu9t5v0__inv_2)
     2    0.03    0.11    0.08   92.48 v _268192_/ZN (gf180mcu_fd_sc_mcu9t5v0__inv_2)
                                         _008328_ (net)
                  0.11    0.00   92.48 v _268551_/A2 (gf180mcu_fd_sc_mcu9t5v0__aoi21_2)
     1    0.01    0.21    0.14   92.62 ^ _268551_/ZN (gf180mcu_fd_sc_mcu9t5v0__aoi21_2)
                                         _008726_ (net)
                  0.21    0.00   92.62 ^ _268552_/B (gf180mcu_fd_sc_mcu9t5v0__aoi21_2)
     1    0.03    0.19    0.15   92.78 v _268552_/ZN (gf180mcu_fd_sc_mcu9t5v0__aoi21_2)
                                         _008727_ (net)
                  0.19    0.00   92.78 v _268553_/A2 (gf180mcu_fd_sc_mcu9t5v0__nor2_4)
     2    0.04    0.19    0.15   92.93 ^ _268553_/ZN (gf180mcu_fd_sc_mcu9t5v0__nor2_4)
                                         _008728_ (net)
                  0.19    0.00   92.93 ^ _268560_/B1 (gf180mcu_fd_sc_mcu9t5v0__aoi22_4)
    19    0.25    0.50    0.33   93.25 v _268560_/ZN (gf180mcu_fd_sc_mcu9t5v0__aoi22_4)
                                         _008735_ (net)
                  0.50    0.00   93.25 v _271393_/A1 (gf180mcu_fd_sc_mcu9t5v0__oai32_2)
    11    0.16    1.78    1.08   94.34 ^ _271393_/ZN (gf180mcu_fd_sc_mcu9t5v0__oai32_2)
                                         _011881_ (net)
                  1.78    0.00   94.34 ^ _271394_/A2 (gf180mcu_fd_sc_mcu9t5v0__and2_2)
     1    0.01    0.10    0.14   94.48 ^ _271394_/Z (gf180mcu_fd_sc_mcu9t5v0__and2_2)
                                         _011882_ (net)
                  0.10    0.00   94.48 ^ _271395_/A2 (gf180mcu_fd_sc_mcu9t5v0__xnor2_2)
     4    0.05    0.16    0.33   94.81 v _271395_/ZN (gf180mcu_fd_sc_mcu9t5v0__xnor2_2)
                                         _011883_ (net)
                  0.16    0.00   94.81 v _271442_/A2 (gf180mcu_fd_sc_mcu9t5v0__oai221_2)
     2    0.03    0.51    0.24   95.05 ^ _271442_/ZN (gf180mcu_fd_sc_mcu9t5v0__oai221_2)
                                         _011935_ (net)
                  0.51    0.00   95.05 ^ _271444_/B1 (gf180mcu_fd_sc_mcu9t5v0__oai22_2)
     3    0.04    0.29    0.16   95.20 v _271444_/ZN (gf180mcu_fd_sc_mcu9t5v0__oai22_2)
                                         _011937_ (net)
                  0.29    0.00   95.20 v _271618_/A1 (gf180mcu_fd_sc_mcu9t5v0__xnor3_2)
     3    0.05    0.23    0.79   96.00 ^ _271618_/ZN (gf180mcu_fd_sc_mcu9t5v0__xnor3_2)
                                         _012130_ (net)
                  0.23    0.00   96.00 ^ _271619_/I (gf180mcu_fd_sc_mcu9t5v0__clkinv_4)
     4    0.04    0.12    0.10   96.10 v _271619_/ZN (gf180mcu_fd_sc_mcu9t5v0__clkinv_4)
                                         _012131_ (net)
                  0.12    0.00   96.10 v _272545_/A1 (gf180mcu_fd_sc_mcu9t5v0__or2_4)
     1    0.01    0.07    0.18   96.28 v _272545_/Z (gf180mcu_fd_sc_mcu9t5v0__or2_4)
                                         _013159_ (net)
                  0.07    0.00   96.28 v _272546_/A4 (gf180mcu_fd_sc_mcu9t5v0__or4_4)
     5    0.07    0.18    0.40   96.68 v _272546_/Z (gf180mcu_fd_sc_mcu9t5v0__or4_4)
                                         _013160_ (net)
                  0.18    0.00   96.68 v _272705_/A1 (gf180mcu_fd_sc_mcu9t5v0__xor2_4)
     5    0.07    0.17    0.48   97.16 ^ _272705_/Z (gf180mcu_fd_sc_mcu9t5v0__xor2_4)
                                         _013337_ (net)
                  0.17    0.00   97.16 ^ _272706_/A2 (gf180mcu_fd_sc_mcu9t5v0__xor2_2)
     2    0.03    0.13    0.22   97.38 ^ _272706_/Z (gf180mcu_fd_sc_mcu9t5v0__xor2_2)
                                         _013338_ (net)
                  0.13    0.00   97.38 ^ _293857_/A1 (gf180mcu_fd_sc_mcu9t5v0__nand2_2)
     1    0.02    0.11    0.07   97.45 v _293857_/ZN (gf180mcu_fd_sc_mcu9t5v0__nand2_2)
                                         _036815_ (net)
                  0.11    0.00   97.45 v _293858_/A3 (gf180mcu_fd_sc_mcu9t5v0__or3_4)
     1    0.02    0.09    0.26   97.70 v _293858_/Z (gf180mcu_fd_sc_mcu9t5v0__or3_4)
                                         _036816_ (net)
                  0.09    0.00   97.70 v _293859_/B (gf180mcu_fd_sc_mcu9t5v0__aoi211_2)
     5    0.09    0.97    0.59   98.29 ^ _293859_/ZN (gf180mcu_fd_sc_mcu9t5v0__aoi211_2)
                                         _036817_ (net)
                  0.97    0.00   98.29 ^ _294751_/A2 (gf180mcu_fd_sc_mcu9t5v0__nor2_2)
     2    0.03    0.34    0.16   98.45 v _294751_/ZN (gf180mcu_fd_sc_mcu9t5v0__nor2_2)
                                         _037808_ (net)
                  0.34    0.00   98.45 v _294752_/A3 (gf180mcu_fd_sc_mcu9t5v0__xnor3_2)
     4    0.27    1.04    0.95   99.40 ^ _294752_/ZN (gf180mcu_fd_sc_mcu9t5v0__xnor3_2)
                                         _037809_ (net)
                  1.04    0.00   99.40 ^ _294753_/A2 (gf180mcu_fd_sc_mcu9t5v0__xor2_4)
     6    0.07    0.17    0.47   99.86 v _294753_/Z (gf180mcu_fd_sc_mcu9t5v0__xor2_4)
                                         _037810_ (net)
                  0.17    0.00   99.86 v _294754_/S (gf180mcu_fd_sc_mcu9t5v0__mux2_4)
     2    0.03    0.10    0.32  100.18 ^ _294754_/Z (gf180mcu_fd_sc_mcu9t5v0__mux2_4)
                                         _037811_ (net)
                  0.10    0.00  100.18 ^ _294994_/B (gf180mcu_fd_sc_mcu9t5v0__oai31_2)
     1    0.02    0.25    0.13  100.31 v _294994_/ZN (gf180mcu_fd_sc_mcu9t5v0__oai31_2)
                                         _038078_ (net)
                  0.25    0.00  100.31 v _294995_/B (gf180mcu_fd_sc_mcu9t5v0__aoi21_4)
     3    0.05    0.27    0.22  100.53 ^ _294995_/ZN (gf180mcu_fd_sc_mcu9t5v0__aoi21_4)
                                         _038079_ (net)
                  0.27    0.00  100.53 ^ _294999_/A1 (gf180mcu_fd_sc_mcu9t5v0__oai211_2)
     2    0.05    0.29    0.19  100.72 v _294999_/ZN (gf180mcu_fd_sc_mcu9t5v0__oai211_2)
                                         _038083_ (net)
                  0.29    0.00  100.72 v _295000_/A2 (gf180mcu_fd_sc_mcu9t5v0__aoi21_4)
     3    0.07    0.34    0.27  100.99 ^ _295000_/ZN (gf180mcu_fd_sc_mcu9t5v0__aoi21_4)
                                         _038084_ (net)
                  0.34    0.00  100.99 ^ _295006_/A2 (gf180mcu_fd_sc_mcu9t5v0__oai21_4)
     3    0.05    0.19    0.13  101.12 v _295006_/ZN (gf180mcu_fd_sc_mcu9t5v0__oai21_4)
                                         _038091_ (net)
                  0.19    0.00  101.12 v _295008_/B2 (gf180mcu_fd_sc_mcu9t5v0__aoi221_2)
     5    0.08    0.96    0.61  101.73 ^ _295008_/ZN (gf180mcu_fd_sc_mcu9t5v0__aoi221_2)
                                         _038093_ (net)
                  0.96    0.00  101.73 ^ _295012_/A1 (gf180mcu_fd_sc_mcu9t5v0__oai211_2)
     3    0.04    0.41    0.23  101.96 v _295012_/ZN (gf180mcu_fd_sc_mcu9t5v0__oai211_2)
                                         _038098_ (net)
                  0.41    0.00  101.96 v _295031_/B2 (gf180mcu_fd_sc_mcu9t5v0__oai22_2)
     2    0.03    0.40    0.30  102.27 ^ _295031_/ZN (gf180mcu_fd_sc_mcu9t5v0__oai22_2)
                                         _038119_ (net)
                  0.40    0.00  102.27 ^ _295032_/S (gf180mcu_fd_sc_mcu9t5v0__mux2_2)
     1    0.01    0.09    0.25  102.52 v _295032_/Z (gf180mcu_fd_sc_mcu9t5v0__mux2_2)
                                         _038120_ (net)
                  0.09    0.00  102.52 v _295033_/A3 (gf180mcu_fd_sc_mcu9t5v0__xnor3_4)
     7    0.07    0.18    0.52  103.04 ^ _295033_/ZN (gf180mcu_fd_sc_mcu9t5v0__xnor3_4)
                                         _038121_ (net)
                  0.18    0.00  103.04 ^ _295034_/A2 (gf180mcu_fd_sc_mcu9t5v0__and2_2)
     3    0.04    0.17    0.21  103.25 ^ _295034_/Z (gf180mcu_fd_sc_mcu9t5v0__and2_2)
                                         _038122_ (net)
                  0.17    0.00  103.25 ^ _295131_/A1 (gf180mcu_fd_sc_mcu9t5v0__and4_4)
     3    0.05    0.13    0.25  103.50 ^ _295131_/Z (gf180mcu_fd_sc_mcu9t5v0__and4_4)
                                         _038230_ (net)
                  0.13    0.00  103.50 ^ _295135_/A2 (gf180mcu_fd_sc_mcu9t5v0__and4_4)
     3    0.04    0.12    0.24  103.74 ^ _295135_/Z (gf180mcu_fd_sc_mcu9t5v0__and4_4)
                                         _038234_ (net)
                  0.12    0.00  103.74 ^ _295143_/A2 (gf180mcu_fd_sc_mcu9t5v0__and4_4)
     8    0.10    0.22    0.31  104.04 ^ _295143_/Z (gf180mcu_fd_sc_mcu9t5v0__and4_4)
                                         _038243_ (net)
                  0.22    0.00  104.04 ^ _311575_/A1 (gf180mcu_fd_sc_mcu9t5v0__and4_4)
     8    0.11    0.25    0.33  104.37 ^ _311575_/Z (gf180mcu_fd_sc_mcu9t5v0__and4_4)
                                         _056482_ (net)
                  0.25    0.00  104.37 ^ _311693_/A2 (gf180mcu_fd_sc_mcu9t5v0__nor2_2)
     2    0.02    0.14    0.10  104.47 v _311693_/ZN (gf180mcu_fd_sc_mcu9t5v0__nor2_2)
                                         _056614_ (net)
                  0.14    0.00  104.47 v _311698_/I0 (gf180mcu_fd_sc_mcu9t5v0__mux2_2)
     1    0.02    0.10    0.24  104.71 v _311698_/Z (gf180mcu_fd_sc_mcu9t5v0__mux2_2)
                                         _056619_ (net)
                  0.10    0.00  104.71 v _311699_/B (gf180mcu_fd_sc_mcu9t5v0__aoi21_2)
     1    0.01    0.20    0.16  104.87 ^ _311699_/ZN (gf180mcu_fd_sc_mcu9t5v0__aoi21_2)
                                         _056620_ (net)
                  0.20    0.00  104.87 ^ _311700_/A2 (gf180mcu_fd_sc_mcu9t5v0__xnor2_2)
     4    0.05    0.17    0.34  105.21 v _311700_/ZN (gf180mcu_fd_sc_mcu9t5v0__xnor2_2)
                                         _056621_ (net)
                  0.17    0.00  105.21 v _311701_/A2 (gf180mcu_fd_sc_mcu9t5v0__or2_4)
     4    0.05    0.10    0.23  105.44 v _311701_/Z (gf180mcu_fd_sc_mcu9t5v0__or2_4)
                                         _056623_ (net)
                  0.10    0.00  105.44 v _311702_/A2 (gf180mcu_fd_sc_mcu9t5v0__and2_2)
     1    0.02    0.07    0.17  105.61 v _311702_/Z (gf180mcu_fd_sc_mcu9t5v0__and2_2)
                                         _056624_ (net)
                  0.07    0.00  105.61 v _311703_/A2 (gf180mcu_fd_sc_mcu9t5v0__or2_4)
     2    0.04    0.09    0.20  105.81 v _311703_/Z (gf180mcu_fd_sc_mcu9t5v0__or2_4)
                                         _056625_ (net)
                  0.09    0.00  105.81 v _311877_/A1 (gf180mcu_fd_sc_mcu9t5v0__nand2_4)
     3    0.04    0.14    0.10  105.91 ^ _311877_/ZN (gf180mcu_fd_sc_mcu9t5v0__nand2_4)
                                         _056817_ (net)
                  0.14    0.00  105.91 ^ _311878_/A1 (gf180mcu_fd_sc_mcu9t5v0__oai21_2)
     1    0.03    0.24    0.11  106.01 v _311878_/ZN (gf180mcu_fd_sc_mcu9t5v0__oai21_2)
                                         _056818_ (net)
                  0.24    0.00  106.01 v _311880_/A2 (gf180mcu_fd_sc_mcu9t5v0__aoi21_4)
     3    0.05    0.28    0.23  106.24 ^ _311880_/ZN (gf180mcu_fd_sc_mcu9t5v0__aoi21_4)
                                         _056820_ (net)
                  0.28    0.00  106.24 ^ _311881_/B2 (gf180mcu_fd_sc_mcu9t5v0__oai221_2)
     1    0.02    0.23    0.17  106.41 v _311881_/ZN (gf180mcu_fd_sc_mcu9t5v0__oai221_2)
                                         _056822_ (net)
                  0.23    0.00  106.41 v _311883_/B2 (gf180mcu_fd_sc_mcu9t5v0__aoi221_2)
     1    0.03    0.56    0.40  106.80 ^ _311883_/ZN (gf180mcu_fd_sc_mcu9t5v0__aoi221_2)
                                         _056824_ (net)
                  0.56    0.00  106.80 ^ _311889_/A2 (gf180mcu_fd_sc_mcu9t5v0__oai211_4)
     9    0.11    0.39    0.27  107.08 v _311889_/ZN (gf180mcu_fd_sc_mcu9t5v0__oai211_4)
                                         _056830_ (net)
                  0.39    0.00  107.08 v _312620_/A1 (gf180mcu_fd_sc_mcu9t5v0__or4_4)
     4    0.05    0.16    0.40  107.48 v _312620_/Z (gf180mcu_fd_sc_mcu9t5v0__or4_4)
                                         _057641_ (net)
                  0.16    0.00  107.48 v _312621_/A2 (gf180mcu_fd_sc_mcu9t5v0__xnor2_2)
     1    0.01    0.08    0.35  107.83 ^ _312621_/ZN (gf180mcu_fd_sc_mcu9t5v0__xnor2_2)
                                         _057643_ (net)
                  0.08    0.00  107.83 ^ _312623_/B1 (gf180mcu_fd_sc_mcu9t5v0__oai221_2)
     1    0.01    2.07    0.14  107.96 v _312623_/ZN (gf180mcu_fd_sc_mcu9t5v0__oai221_2)
                                         _057645_ (net)
                  2.07    0.00  107.96 v _312624_/A2 (gf180mcu_fd_sc_mcu9t5v0__xnor2_2)
     2    0.02    0.15    0.96  108.92 ^ _312624_/ZN (gf180mcu_fd_sc_mcu9t5v0__xnor2_2)
                                         _057646_ (net)
                  0.15    0.00  108.92 ^ _312653_/A2 (gf180mcu_fd_sc_mcu9t5v0__and2_2)
     1    0.01    0.09    0.16  109.08 ^ _312653_/Z (gf180mcu_fd_sc_mcu9t5v0__and2_2)
                                         _057677_ (net)
                  0.09    0.00  109.08 ^ _312654_/A4 (gf180mcu_fd_sc_mcu9t5v0__and4_4)
     2    0.02    0.10    0.23  109.31 ^ _312654_/Z (gf180mcu_fd_sc_mcu9t5v0__and4_4)
                                         _057678_ (net)
                  0.10    0.00  109.31 ^ _314368_/C (gf180mcu_fd_sc_mcu9t5v0__oai221_2)
     3    0.04    0.34    0.21  109.52 v _314368_/ZN (gf180mcu_fd_sc_mcu9t5v0__oai221_2)
                                         _059576_ (net)
                  0.34    0.00  109.52 v _314664_/A2 (gf180mcu_fd_sc_mcu9t5v0__or3_4)
     7    0.10    0.19    0.39  109.91 v _314664_/Z (gf180mcu_fd_sc_mcu9t5v0__or3_4)
                                         _059904_ (net)
                  0.19    0.00  109.91 v _316004_/A1 (gf180mcu_fd_sc_mcu9t5v0__oai31_4)
     5    0.05    0.38    0.25  110.16 ^ _316004_/ZN (gf180mcu_fd_sc_mcu9t5v0__oai31_4)
                                         _061386_ (net)
                  0.38    0.00  110.16 ^ _316636_/A2 (gf180mcu_fd_sc_mcu9t5v0__nand4_2)
     2    0.03    0.25    0.16  110.33 v _316636_/ZN (gf180mcu_fd_sc_mcu9t5v0__nand4_2)
                                         _062084_ (net)
                  0.25    0.00  110.33 v _317701_/A1 (gf180mcu_fd_sc_mcu9t5v0__or4_4)
     2    0.04    0.15    0.34  110.66 v _317701_/Z (gf180mcu_fd_sc_mcu9t5v0__or4_4)
                                         _063261_ (net)
                  0.15    0.00  110.66 v _318605_/A2 (gf180mcu_fd_sc_mcu9t5v0__nor4_2)
     4    0.07    0.96    0.56  111.22 ^ _318605_/ZN (gf180mcu_fd_sc_mcu9t5v0__nor4_2)
                                         _064259_ (net)
                  0.96    0.00  111.22 ^ _319183_/A1 (gf180mcu_fd_sc_mcu9t5v0__aoi21_4)
     8    0.34    0.67    0.48  111.70 v _319183_/ZN (gf180mcu_fd_sc_mcu9t5v0__aoi21_4)
                                         _064897_ (net)
                  0.67    0.00  111.70 v _319833_/A1 (gf180mcu_fd_sc_mcu9t5v0__or3_4)
    10    0.15    0.23    0.54  112.23 v _319833_/Z (gf180mcu_fd_sc_mcu9t5v0__or3_4)
                                         _065613_ (net)
                  0.23    0.00  112.23 v _320412_/A1 (gf180mcu_fd_sc_mcu9t5v0__oai31_2)
     1    0.02    0.30    0.22  112.46 ^ _320412_/ZN (gf180mcu_fd_sc_mcu9t5v0__oai31_2)
                                         _066248_ (net)
                  0.30    0.00  112.46 ^ _320414_/A1 (gf180mcu_fd_sc_mcu9t5v0__aoi211_2)
     1    0.05    3.36    0.17  112.63 v _320414_/ZN (gf180mcu_fd_sc_mcu9t5v0__aoi211_2)
                                         _066250_ (net)
                  3.36    0.00  112.63 v _320428_/B1 (gf180mcu_fd_sc_mcu9t5v0__oai222_2)
     1    0.09    1.41    1.44  114.07 ^ _320428_/ZN (gf180mcu_fd_sc_mcu9t5v0__oai222_2)
                                         result[140] (net)
                  1.41    0.00  114.07 ^ result[140] (out)
                                114.07   data arrival time

                  0.00  100.00  100.00   clock clk (rise edge)
                          0.00  100.00   clock network delay (ideal)
                          0.00  100.00   clock reconvergence pessimism
                        -20.00   80.00   output external delay
                                 80.00   data required time
-----------------------------------------------------------------------------
                                 80.00   data required time
                               -114.07   data arrival time
-----------------------------------------------------------------------------
                                -34.07   slack (VIOLATED)



==========================================================================
global place report_checks -unconstrained
--------------------------------------------------------------------------
Startpoint: is_mul (input port clocked by clk)
Endpoint: result[140] (output port clocked by clk)
Path Group: clk
Path Type: max

Fanout     Cap    Slew   Delay    Time   Description
-----------------------------------------------------------------------------
                  0.00    0.00    0.00   clock clk (rise edge)
                          0.00    0.00   clock network delay (ideal)
                         20.00   20.00 ^ input external delay
   141    2.52    0.00    0.00   20.00 ^ is_mul (in)
                                         is_mul (net)
                  0.00    0.00   20.00 ^ _166738_/A2 (gf180mcu_fd_sc_mcu9t5v0__and2_2)
   254    4.63   17.04    9.96   29.96 ^ _166738_/Z (gf180mcu_fd_sc_mcu9t5v0__and2_2)
                                         _117371_ (net)
                 17.04    0.00   29.96 ^ _166741_/A3 (gf180mcu_fd_sc_mcu9t5v0__or3_2)
     2    0.02    0.49   -0.53   29.43 ^ _166741_/Z (gf180mcu_fd_sc_mcu9t5v0__or3_2)
                                         _117405_ (net)
                  0.49    0.00   29.43 ^ _166743_/A3 (gf180mcu_fd_sc_mcu9t5v0__nand4_2)
     4    0.05    0.60    0.22   29.65 v _166743_/ZN (gf180mcu_fd_sc_mcu9t5v0__nand4_2)
                                         _117427_ (net)
                  0.60    0.00   29.65 v _166750_/A1 (gf180mcu_fd_sc_mcu9t5v0__or4_4)
     3    0.07    0.18    0.49   30.14 v _166750_/Z (gf180mcu_fd_sc_mcu9t5v0__or4_4)
                                         _117504_ (net)
                  0.18    0.00   30.14 v _166759_/A1 (gf180mcu_fd_sc_mcu9t5v0__oai31_2)
    24    0.33    3.07    1.73   31.88 ^ _166759_/ZN (gf180mcu_fd_sc_mcu9t5v0__oai31_2)
                                         _117604_ (net)
                  3.07    0.00   31.88 ^ _166765_/A3 (gf180mcu_fd_sc_mcu9t5v0__nand4_4)
    16    0.23    1.13    0.45   32.32 v _166765_/ZN (gf180mcu_fd_sc_mcu9t5v0__nand4_4)
                                         _117671_ (net)
                  1.13    0.00   32.32 v _166773_/A1 (gf180mcu_fd_sc_mcu9t5v0__oai31_2)
    29    0.43    3.95    2.44   34.77 ^ _166773_/ZN (gf180mcu_fd_sc_mcu9t5v0__oai31_2)
                                         _117760_ (net)
                  3.95    0.00   34.77 ^ _166789_/A1 (gf180mcu_fd_sc_mcu9t5v0__and4_4)
    15    0.26    0.57    0.63   35.40 ^ _166789_/Z (gf180mcu_fd_sc_mcu9t5v0__and4_4)
                                         _117937_ (net)
                  0.57    0.00   35.40 ^ _166798_/A1 (gf180mcu_fd_sc_mcu9t5v0__aoi21_4)
    20    0.25    0.47    0.34   35.74 v _166798_/ZN (gf180mcu_fd_sc_mcu9t5v0__aoi21_4)
                                         _118037_ (net)
                  0.47    0.00   35.74 v _166815_/A1 (gf180mcu_fd_sc_mcu9t5v0__or4_4)
     8    0.13    0.25    0.51   36.25 v _166815_/Z (gf180mcu_fd_sc_mcu9t5v0__or4_4)
                                         _118226_ (net)
                  0.25    0.00   36.25 v _166819_/A2 (gf180mcu_fd_sc_mcu9t5v0__oai31_2)
    41    0.62    5.63    3.17   39.42 ^ _166819_/ZN (gf180mcu_fd_sc_mcu9t5v0__oai31_2)
                                         _118270_ (net)
                  5.63    0.00   39.42 ^ _166834_/A1 (gf180mcu_fd_sc_mcu9t5v0__nand4_4)
    11    0.22    1.73    0.76   40.18 v _166834_/ZN (gf180mcu_fd_sc_mcu9t5v0__nand4_4)
                                         _118437_ (net)
                  1.73    0.00   40.18 v _166846_/A1 (gf180mcu_fd_sc_mcu9t5v0__oai21_4)
    23    0.38    1.37    1.23   41.42 ^ _166846_/ZN (gf180mcu_fd_sc_mcu9t5v0__oai21_4)
                                         _118570_ (net)
                  1.37    0.00   41.42 ^ _166866_/A1 (gf180mcu_fd_sc_mcu9t5v0__and3_4)
    12    0.25    0.51    0.52   41.94 ^ _166866_/Z (gf180mcu_fd_sc_mcu9t5v0__and3_4)
                                         _118792_ (net)
                  0.51    0.00   41.94 ^ _166874_/A1 (gf180mcu_fd_sc_mcu9t5v0__aoi21_4)
    43    0.62    1.01    0.68   42.61 v _166874_/ZN (gf180mcu_fd_sc_mcu9t5v0__aoi21_4)
                                         _118881_ (net)
                  1.01    0.00   42.61 v _166902_/A1 (gf180mcu_fd_sc_mcu9t5v0__nor4_2)
     8    0.14    1.78    1.18   43.79 ^ _166902_/ZN (gf180mcu_fd_sc_mcu9t5v0__nor4_2)
                                         _119192_ (net)
                  1.78    0.00   43.79 ^ _166922_/A2 (gf180mcu_fd_sc_mcu9t5v0__oai211_4)
     7    0.11    0.68    0.34   44.14 v _166922_/ZN (gf180mcu_fd_sc_mcu9t5v0__oai211_4)
                                         _119414_ (net)
                  0.68    0.00   44.14 v _166927_/A2 (gf180mcu_fd_sc_mcu9t5v0__oai31_4)
   123    2.07    9.38    5.22   49.36 ^ _166927_/ZN (gf180mcu_fd_sc_mcu9t5v0__oai31_4)
                                         _119469_ (net)
                  9.38    0.00   49.36 ^ _167362_/A1 (gf180mcu_fd_sc_mcu9t5v0__nand4_4)
     8    0.17    2.35    0.74   50.10 v _167362_/ZN (gf180mcu_fd_sc_mcu9t5v0__nand4_4)
                                         _124298_ (net)
                  2.35    0.00   50.10 v _167860_/A1 (gf180mcu_fd_sc_mcu9t5v0__oai31_4)
    73    1.33    6.09    3.90   54.00 ^ _167860_/ZN (gf180mcu_fd_sc_mcu9t5v0__oai31_4)
                                         _129824_ (net)
                  6.09    0.00   54.00 ^ _191305_/A1 (gf180mcu_fd_sc_mcu9t5v0__nand4_4)
    37    0.73    2.88    1.99   55.99 v _191305_/ZN (gf180mcu_fd_sc_mcu9t5v0__nand4_4)
                                         _084514_ (net)
                  2.88    0.00   55.99 v _191442_/A2 (gf180mcu_fd_sc_mcu9t5v0__aoi211_2)
     9    0.14    1.60    1.73   57.72 ^ _191442_/ZN (gf180mcu_fd_sc_mcu9t5v0__aoi211_2)
                                         _084665_ (net)
                  1.60    0.00   57.72 ^ _191810_/A1 (gf180mcu_fd_sc_mcu9t5v0__aoi21_4)
    55    0.88    1.51    1.10   58.82 v _191810_/ZN (gf180mcu_fd_sc_mcu9t5v0__aoi21_4)
                                         _085069_ (net)
                  1.51    0.00   58.82 v _197481_/A1 (gf180mcu_fd_sc_mcu9t5v0__oai31_4)
   112    1.73    7.86    4.58   63.40 ^ _197481_/ZN (gf180mcu_fd_sc_mcu9t5v0__oai31_4)
                                         _091308_ (net)
                  7.86    0.00   63.40 ^ _197492_/A2 (gf180mcu_fd_sc_mcu9t5v0__nand3_2)
    29    0.48    2.97    1.93   65.33 v _197492_/ZN (gf180mcu_fd_sc_mcu9t5v0__nand3_2)
                                         _091320_ (net)
                  2.97    0.00   65.33 v _198081_/A1 (gf180mcu_fd_sc_mcu9t5v0__aoi21_2)
   179    3.02   19.17   10.90   76.23 ^ _198081_/ZN (gf180mcu_fd_sc_mcu9t5v0__aoi21_2)
                                         _091968_ (net)
                 19.17    0.00   76.23 ^ _202759_/A2 (gf180mcu_fd_sc_mcu9t5v0__nand2_2)
    17    0.83    4.51    3.44   79.67 v _202759_/ZN (gf180mcu_fd_sc_mcu9t5v0__nand2_2)
                                         _097112_ (net)
                  4.51    0.00   79.67 v _204463_/A1 (gf180mcu_fd_sc_mcu9t5v0__oai32_2)
     1    0.01    1.93    1.71   81.38 ^ _204463_/ZN (gf180mcu_fd_sc_mcu9t5v0__oai32_2)
                                         _098987_ (net)
                  1.93    0.00   81.38 ^ _204464_/C (gf180mcu_fd_sc_mcu9t5v0__aoi221_2)
     2    0.02    2.12    0.24   81.62 v _204464_/ZN (gf180mcu_fd_sc_mcu9t5v0__aoi221_2)
                                         _098988_ (net)
                  2.12    0.00   81.62 v _204471_/A1 (gf180mcu_fd_sc_mcu9t5v0__xnor3_2)
     4    0.05    0.18    1.17   82.79 v _204471_/ZN (gf180mcu_fd_sc_mcu9t5v0__xnor3_2)
                                         _098996_ (net)
                  0.18    0.00   82.79 v _204472_/A3 (gf180mcu_fd_sc_mcu9t5v0__xnor3_2)
     1    0.01    0.10    0.36   83.15 ^ _204472_/ZN (gf180mcu_fd_sc_mcu9t5v0__xnor3_2)
                                         _098997_ (net)
                  0.10    0.00   83.15 ^ _204473_/I (gf180mcu_fd_sc_mcu9t5v0__clkinv_2)
     3    0.03    0.14    0.11   83.26 v _204473_/ZN (gf180mcu_fd_sc_mcu9t5v0__clkinv_2)
                                         _098998_ (net)
                  0.14    0.00   83.26 v _204492_/A1 (gf180mcu_fd_sc_mcu9t5v0__xnor3_2)
     5    0.07    0.28    0.79   84.05 ^ _204492_/ZN (gf180mcu_fd_sc_mcu9t5v0__xnor3_2)
                                         _099019_ (net)
                  0.28    0.00   84.05 ^ _215357_/B (gf180mcu_fd_sc_mcu9t5v0__oai21_2)
     2    0.02    1.85    0.12   84.17 v _215357_/ZN (gf180mcu_fd_sc_mcu9t5v0__oai21_2)
                                         _110966_ (net)
                  1.85    0.00   84.17 v _253138_/A1 (gf180mcu_fd_sc_mcu9t5v0__and2_2)
     1    0.01    0.12    0.50   84.66 v _253138_/Z (gf180mcu_fd_sc_mcu9t5v0__and2_2)
                                         _152865_ (net)
                  0.12    0.00   84.66 v _253139_/B1 (gf180mcu_fd_sc_mcu9t5v0__oai22_2)
     3    0.04    0.49    0.29   84.95 ^ _253139_/ZN (gf180mcu_fd_sc_mcu9t5v0__oai22_2)
                                         _152866_ (net)
                  0.49    0.00   84.95 ^ _253140_/C (gf180mcu_fd_sc_mcu9t5v0__aoi221_2)
     2    0.03    0.32    0.23   85.18 v _253140_/ZN (gf180mcu_fd_sc_mcu9t5v0__aoi221_2)
                                         _152867_ (net)
                  0.32    0.00   85.18 v _253143_/A2 (gf180mcu_fd_sc_mcu9t5v0__oai21_2)
     1    0.01    0.18    0.17   85.35 ^ _253143_/ZN (gf180mcu_fd_sc_mcu9t5v0__oai21_2)
                                         _152871_ (net)
                  0.18    0.00   85.35 ^ _253176_/A1 (gf180mcu_fd_sc_mcu9t5v0__xnor2_2)
     3    0.04    0.15    0.36   85.71 v _253176_/ZN (gf180mcu_fd_sc_mcu9t5v0__xnor2_2)
                                         _152907_ (net)
                  0.15    0.00   85.71 v _254240_/A1 (gf180mcu_fd_sc_mcu9t5v0__oai21_2)
     1    0.01    0.17    0.12   85.83 ^ _254240_/ZN (gf180mcu_fd_sc_mcu9t5v0__oai21_2)
                                         _154088_ (net)
                  0.17    0.00   85.83 ^ _254242_/A1 (gf180mcu_fd_sc_mcu9t5v0__and2_2)
     3    0.03    0.15    0.20   86.03 ^ _254242_/Z (gf180mcu_fd_sc_mcu9t5v0__and2_2)
                                         _154091_ (net)
                  0.15    0.00   86.03 ^ _254910_/I (gf180mcu_fd_sc_mcu9t5v0__clkinv_2)
     4    0.05    0.20    0.16   86.19 v _254910_/ZN (gf180mcu_fd_sc_mcu9t5v0__clkinv_2)
                                         _154832_ (net)
                  0.20    0.00   86.19 v _254914_/A1 (gf180mcu_fd_sc_mcu9t5v0__and2_2)
     3    0.03    0.10    0.21   86.40 v _254914_/Z (gf180mcu_fd_sc_mcu9t5v0__and2_2)
                                         _154837_ (net)
                  0.10    0.00   86.40 v _255463_/B (gf180mcu_fd_sc_mcu9t5v0__aoi21_2)
     1    0.02    0.22    0.17   86.56 ^ _255463_/ZN (gf180mcu_fd_sc_mcu9t5v0__aoi21_2)
                                         _155446_ (net)
                  0.22    0.00   86.56 ^ _255465_/A2 (gf180mcu_fd_sc_mcu9t5v0__aoi21_2)
     2    0.02    0.16    0.09   86.66 v _255465_/ZN (gf180mcu_fd_sc_mcu9t5v0__aoi21_2)
                                         _155448_ (net)
                  0.16    0.00   86.66 v _255485_/A2 (gf180mcu_fd_sc_mcu9t5v0__xor3_2)
     6    0.08    0.33    0.74   87.40 ^ _255485_/Z (gf180mcu_fd_sc_mcu9t5v0__xor3_2)
                                         _155470_ (net)
                  0.33    0.00   87.40 ^ _255486_/A2 (gf180mcu_fd_sc_mcu9t5v0__xnor2_4)
     4    0.05    0.15    0.41   87.82 v _255486_/ZN (gf180mcu_fd_sc_mcu9t5v0__xnor2_4)
                                         _155471_ (net)
                  0.15    0.00   87.82 v _255487_/A2 (gf180mcu_fd_sc_mcu9t5v0__or2_2)
     2    0.02    0.10    0.23   88.04 v _255487_/Z (gf180mcu_fd_sc_mcu9t5v0__or2_2)
                                         _155472_ (net)
                  0.10    0.00   88.04 v _258260_/C (gf180mcu_fd_sc_mcu9t5v0__oai211_2)
     2    0.02    0.28    0.19   88.23 ^ _258260_/ZN (gf180mcu_fd_sc_mcu9t5v0__oai211_2)
                                         _158550_ (net)
                  0.28    0.00   88.23 ^ _258261_/A2 (gf180mcu_fd_sc_mcu9t5v0__nand2_2)
     3    0.03    0.16    0.11   88.34 v _258261_/ZN (gf180mcu_fd_sc_mcu9t5v0__nand2_2)
                                         _158552_ (net)
                  0.16    0.00   88.34 v _258337_/A1 (gf180mcu_fd_sc_mcu9t5v0__xnor2_4)
     6    0.07    0.16    0.53   88.87 ^ _258337_/ZN (gf180mcu_fd_sc_mcu9t5v0__xnor2_4)
                                         _158636_ (net)
                  0.16    0.00   88.87 ^ _259027_/I (gf180mcu_fd_sc_mcu9t5v0__clkinv_2)
     1    0.01    0.09    0.08   88.94 v _259027_/ZN (gf180mcu_fd_sc_mcu9t5v0__clkinv_2)
                                         _159402_ (net)
                  0.09    0.00   88.94 v _259028_/B (gf180mcu_fd_sc_mcu9t5v0__aoi211_2)
     1    0.01    0.30    0.21   89.16 ^ _259028_/ZN (gf180mcu_fd_sc_mcu9t5v0__aoi211_2)
                                         _159403_ (net)
                  0.30    0.00   89.16 ^ _259029_/B1 (gf180mcu_fd_sc_mcu9t5v0__oai33_2)
     2    0.03    0.29    0.18   89.33 v _259029_/ZN (gf180mcu_fd_sc_mcu9t5v0__oai33_2)
                                         _159404_ (net)
                  0.29    0.00   89.33 v _259031_/A2 (gf180mcu_fd_sc_mcu9t5v0__aoi21_2)
     1    0.01    0.18    0.18   89.51 ^ _259031_/ZN (gf180mcu_fd_sc_mcu9t5v0__aoi21_2)
                                         _159407_ (net)
                  0.18    0.00   89.51 ^ _259100_/A2 (gf180mcu_fd_sc_mcu9t5v0__xnor3_4)
     2    0.10    0.21    0.82   90.34 v _259100_/ZN (gf180mcu_fd_sc_mcu9t5v0__xnor3_4)
                                         _159483_ (net)
                  0.21    0.00   90.34 v _260140_/A1 (gf180mcu_fd_sc_mcu9t5v0__and4_2)
     3    0.10    0.25    0.34   90.68 v _260140_/Z (gf180mcu_fd_sc_mcu9t5v0__and4_2)
                                         _160637_ (net)
                  0.25    0.00   90.68 v _264327_/A3 (gf180mcu_fd_sc_mcu9t5v0__and3_4)
     4    0.05    0.11    0.27   90.94 v _264327_/Z (gf180mcu_fd_sc_mcu9t5v0__and3_4)
                                         _004037_ (net)
                  0.11    0.00   90.94 v _265539_/A1 (gf180mcu_fd_sc_mcu9t5v0__and2_4)
     4    0.05    0.10    0.17   91.12 v _265539_/Z (gf180mcu_fd_sc_mcu9t5v0__and2_4)
                                         _005382_ (net)
                  0.10    0.00   91.12 v _265600_/A1 (gf180mcu_fd_sc_mcu9t5v0__xnor3_2)
     6    0.20    0.77    1.05   92.17 ^ _265600_/ZN (gf180mcu_fd_sc_mcu9t5v0__xnor3_2)
                                         _005450_ (net)
                  0.77    0.00   92.17 ^ _267251_/A2 (gf180mcu_fd_sc_mcu9t5v0__or2_2)
     3    0.04    0.19    0.23   92.40 ^ _267251_/Z (gf180mcu_fd_sc_mcu9t5v0__or2_2)
                                         _007283_ (net)
                  0.19    0.00   92.40 ^ _268192_/I (gf180mcu_fd_sc_mcu9t5v0__inv_2)
     2    0.03    0.11    0.08   92.48 v _268192_/ZN (gf180mcu_fd_sc_mcu9t5v0__inv_2)
                                         _008328_ (net)
                  0.11    0.00   92.48 v _268551_/A2 (gf180mcu_fd_sc_mcu9t5v0__aoi21_2)
     1    0.01    0.21    0.14   92.62 ^ _268551_/ZN (gf180mcu_fd_sc_mcu9t5v0__aoi21_2)
                                         _008726_ (net)
                  0.21    0.00   92.62 ^ _268552_/B (gf180mcu_fd_sc_mcu9t5v0__aoi21_2)
     1    0.03    0.19    0.15   92.78 v _268552_/ZN (gf180mcu_fd_sc_mcu9t5v0__aoi21_2)
                                         _008727_ (net)
                  0.19    0.00   92.78 v _268553_/A2 (gf180mcu_fd_sc_mcu9t5v0__nor2_4)
     2    0.04    0.19    0.15   92.93 ^ _268553_/ZN (gf180mcu_fd_sc_mcu9t5v0__nor2_4)
                                         _008728_ (net)
                  0.19    0.00   92.93 ^ _268560_/B1 (gf180mcu_fd_sc_mcu9t5v0__aoi22_4)
    19    0.25    0.50    0.33   93.25 v _268560_/ZN (gf180mcu_fd_sc_mcu9t5v0__aoi22_4)
                                         _008735_ (net)
                  0.50    0.00   93.25 v _271393_/A1 (gf180mcu_fd_sc_mcu9t5v0__oai32_2)
    11    0.16    1.78    1.08   94.34 ^ _271393_/ZN (gf180mcu_fd_sc_mcu9t5v0__oai32_2)
                                         _011881_ (net)
                  1.78    0.00   94.34 ^ _271394_/A2 (gf180mcu_fd_sc_mcu9t5v0__and2_2)
     1    0.01    0.10    0.14   94.48 ^ _271394_/Z (gf180mcu_fd_sc_mcu9t5v0__and2_2)
                                         _011882_ (net)
                  0.10    0.00   94.48 ^ _271395_/A2 (gf180mcu_fd_sc_mcu9t5v0__xnor2_2)
     4    0.05    0.16    0.33   94.81 v _271395_/ZN (gf180mcu_fd_sc_mcu9t5v0__xnor2_2)
                                         _011883_ (net)
                  0.16    0.00   94.81 v _271442_/A2 (gf180mcu_fd_sc_mcu9t5v0__oai221_2)
     2    0.03    0.51    0.24   95.05 ^ _271442_/ZN (gf180mcu_fd_sc_mcu9t5v0__oai221_2)
                                         _011935_ (net)
                  0.51    0.00   95.05 ^ _271444_/B1 (gf180mcu_fd_sc_mcu9t5v0__oai22_2)
     3    0.04    0.29    0.16   95.20 v _271444_/ZN (gf180mcu_fd_sc_mcu9t5v0__oai22_2)
                                         _011937_ (net)
                  0.29    0.00   95.20 v _271618_/A1 (gf180mcu_fd_sc_mcu9t5v0__xnor3_2)
     3    0.05    0.23    0.79   96.00 ^ _271618_/ZN (gf180mcu_fd_sc_mcu9t5v0__xnor3_2)
                                         _012130_ (net)
                  0.23    0.00   96.00 ^ _271619_/I (gf180mcu_fd_sc_mcu9t5v0__clkinv_4)
     4    0.04    0.12    0.10   96.10 v _271619_/ZN (gf180mcu_fd_sc_mcu9t5v0__clkinv_4)
                                         _012131_ (net)
                  0.12    0.00   96.10 v _272545_/A1 (gf180mcu_fd_sc_mcu9t5v0__or2_4)
     1    0.01    0.07    0.18   96.28 v _272545_/Z (gf180mcu_fd_sc_mcu9t5v0__or2_4)
                                         _013159_ (net)
                  0.07    0.00   96.28 v _272546_/A4 (gf180mcu_fd_sc_mcu9t5v0__or4_4)
     5    0.07    0.18    0.40   96.68 v _272546_/Z (gf180mcu_fd_sc_mcu9t5v0__or4_4)
                                         _013160_ (net)
                  0.18    0.00   96.68 v _272705_/A1 (gf180mcu_fd_sc_mcu9t5v0__xor2_4)
     5    0.07    0.17    0.48   97.16 ^ _272705_/Z (gf180mcu_fd_sc_mcu9t5v0__xor2_4)
                                         _013337_ (net)
                  0.17    0.00   97.16 ^ _272706_/A2 (gf180mcu_fd_sc_mcu9t5v0__xor2_2)
     2    0.03    0.13    0.22   97.38 ^ _272706_/Z (gf180mcu_fd_sc_mcu9t5v0__xor2_2)
                                         _013338_ (net)
                  0.13    0.00   97.38 ^ _293857_/A1 (gf180mcu_fd_sc_mcu9t5v0__nand2_2)
     1    0.02    0.11    0.07   97.45 v _293857_/ZN (gf180mcu_fd_sc_mcu9t5v0__nand2_2)
                                         _036815_ (net)
                  0.11    0.00   97.45 v _293858_/A3 (gf180mcu_fd_sc_mcu9t5v0__or3_4)
     1    0.02    0.09    0.26   97.70 v _293858_/Z (gf180mcu_fd_sc_mcu9t5v0__or3_4)
                                         _036816_ (net)
                  0.09    0.00   97.70 v _293859_/B (gf180mcu_fd_sc_mcu9t5v0__aoi211_2)
     5    0.09    0.97    0.59   98.29 ^ _293859_/ZN (gf180mcu_fd_sc_mcu9t5v0__aoi211_2)
                                         _036817_ (net)
                  0.97    0.00   98.29 ^ _294751_/A2 (gf180mcu_fd_sc_mcu9t5v0__nor2_2)
     2    0.03    0.34    0.16   98.45 v _294751_/ZN (gf180mcu_fd_sc_mcu9t5v0__nor2_2)
                                         _037808_ (net)
                  0.34    0.00   98.45 v _294752_/A3 (gf180mcu_fd_sc_mcu9t5v0__xnor3_2)
     4    0.27    1.04    0.95   99.40 ^ _294752_/ZN (gf180mcu_fd_sc_mcu9t5v0__xnor3_2)
                                         _037809_ (net)
                  1.04    0.00   99.40 ^ _294753_/A2 (gf180mcu_fd_sc_mcu9t5v0__xor2_4)
     6    0.07    0.17    0.47   99.86 v _294753_/Z (gf180mcu_fd_sc_mcu9t5v0__xor2_4)
                                         _037810_ (net)
                  0.17    0.00   99.86 v _294754_/S (gf180mcu_fd_sc_mcu9t5v0__mux2_4)
     2    0.03    0.10    0.32  100.18 ^ _294754_/Z (gf180mcu_fd_sc_mcu9t5v0__mux2_4)
                                         _037811_ (net)
                  0.10    0.00  100.18 ^ _294994_/B (gf180mcu_fd_sc_mcu9t5v0__oai31_2)
     1    0.02    0.25    0.13  100.31 v _294994_/ZN (gf180mcu_fd_sc_mcu9t5v0__oai31_2)
                                         _038078_ (net)
                  0.25    0.00  100.31 v _294995_/B (gf180mcu_fd_sc_mcu9t5v0__aoi21_4)
     3    0.05    0.27    0.22  100.53 ^ _294995_/ZN (gf180mcu_fd_sc_mcu9t5v0__aoi21_4)
                                         _038079_ (net)
                  0.27    0.00  100.53 ^ _294999_/A1 (gf180mcu_fd_sc_mcu9t5v0__oai211_2)
     2    0.05    0.29    0.19  100.72 v _294999_/ZN (gf180mcu_fd_sc_mcu9t5v0__oai211_2)
                                         _038083_ (net)
                  0.29    0.00  100.72 v _295000_/A2 (gf180mcu_fd_sc_mcu9t5v0__aoi21_4)
     3    0.07    0.34    0.27  100.99 ^ _295000_/ZN (gf180mcu_fd_sc_mcu9t5v0__aoi21_4)
                                         _038084_ (net)
                  0.34    0.00  100.99 ^ _295006_/A2 (gf180mcu_fd_sc_mcu9t5v0__oai21_4)
     3    0.05    0.19    0.13  101.12 v _295006_/ZN (gf180mcu_fd_sc_mcu9t5v0__oai21_4)
                                         _038091_ (net)
                  0.19    0.00  101.12 v _295008_/B2 (gf180mcu_fd_sc_mcu9t5v0__aoi221_2)
     5    0.08    0.96    0.61  101.73 ^ _295008_/ZN (gf180mcu_fd_sc_mcu9t5v0__aoi221_2)
                                         _038093_ (net)
                  0.96    0.00  101.73 ^ _295012_/A1 (gf180mcu_fd_sc_mcu9t5v0__oai211_2)
     3    0.04    0.41    0.23  101.96 v _295012_/ZN (gf180mcu_fd_sc_mcu9t5v0__oai211_2)
                                         _038098_ (net)
                  0.41    0.00  101.96 v _295031_/B2 (gf180mcu_fd_sc_mcu9t5v0__oai22_2)
     2    0.03    0.40    0.30  102.27 ^ _295031_/ZN (gf180mcu_fd_sc_mcu9t5v0__oai22_2)
                                         _038119_ (net)
                  0.40    0.00  102.27 ^ _295032_/S (gf180mcu_fd_sc_mcu9t5v0__mux2_2)
     1    0.01    0.09    0.25  102.52 v _295032_/Z (gf180mcu_fd_sc_mcu9t5v0__mux2_2)
                                         _038120_ (net)
                  0.09    0.00  102.52 v _295033_/A3 (gf180mcu_fd_sc_mcu9t5v0__xnor3_4)
     7    0.07    0.18    0.52  103.04 ^ _295033_/ZN (gf180mcu_fd_sc_mcu9t5v0__xnor3_4)
                                         _038121_ (net)
                  0.18    0.00  103.04 ^ _295034_/A2 (gf180mcu_fd_sc_mcu9t5v0__and2_2)
     3    0.04    0.17    0.21  103.25 ^ _295034_/Z (gf180mcu_fd_sc_mcu9t5v0__and2_2)
                                         _038122_ (net)
                  0.17    0.00  103.25 ^ _295131_/A1 (gf180mcu_fd_sc_mcu9t5v0__and4_4)
     3    0.05    0.13    0.25  103.50 ^ _295131_/Z (gf180mcu_fd_sc_mcu9t5v0__and4_4)
                                         _038230_ (net)
                  0.13    0.00  103.50 ^ _295135_/A2 (gf180mcu_fd_sc_mcu9t5v0__and4_4)
     3    0.04    0.12    0.24  103.74 ^ _295135_/Z (gf180mcu_fd_sc_mcu9t5v0__and4_4)
                                         _038234_ (net)
                  0.12    0.00  103.74 ^ _295143_/A2 (gf180mcu_fd_sc_mcu9t5v0__and4_4)
     8    0.10    0.22    0.31  104.04 ^ _295143_/Z (gf180mcu_fd_sc_mcu9t5v0__and4_4)
                                         _038243_ (net)
                  0.22    0.00  104.04 ^ _311575_/A1 (gf180mcu_fd_sc_mcu9t5v0__and4_4)
     8    0.11    0.25    0.33  104.37 ^ _311575_/Z (gf180mcu_fd_sc_mcu9t5v0__and4_4)
                                         _056482_ (net)
                  0.25    0.00  104.37 ^ _311693_/A2 (gf180mcu_fd_sc_mcu9t5v0__nor2_2)
     2    0.02    0.14    0.10  104.47 v _311693_/ZN (gf180mcu_fd_sc_mcu9t5v0__nor2_2)
                                         _056614_ (net)
                  0.14    0.00  104.47 v _311698_/I0 (gf180mcu_fd_sc_mcu9t5v0__mux2_2)
     1    0.02    0.10    0.24  104.71 v _311698_/Z (gf180mcu_fd_sc_mcu9t5v0__mux2_2)
                                         _056619_ (net)
                  0.10    0.00  104.71 v _311699_/B (gf180mcu_fd_sc_mcu9t5v0__aoi21_2)
     1    0.01    0.20    0.16  104.87 ^ _311699_/ZN (gf180mcu_fd_sc_mcu9t5v0__aoi21_2)
                                         _056620_ (net)
                  0.20    0.00  104.87 ^ _311700_/A2 (gf180mcu_fd_sc_mcu9t5v0__xnor2_2)
     4    0.05    0.17    0.34  105.21 v _311700_/ZN (gf180mcu_fd_sc_mcu9t5v0__xnor2_2)
                                         _056621_ (net)
                  0.17    0.00  105.21 v _311701_/A2 (gf180mcu_fd_sc_mcu9t5v0__or2_4)
     4    0.05    0.10    0.23  105.44 v _311701_/Z (gf180mcu_fd_sc_mcu9t5v0__or2_4)
                                         _056623_ (net)
                  0.10    0.00  105.44 v _311702_/A2 (gf180mcu_fd_sc_mcu9t5v0__and2_2)
     1    0.02    0.07    0.17  105.61 v _311702_/Z (gf180mcu_fd_sc_mcu9t5v0__and2_2)
                                         _056624_ (net)
                  0.07    0.00  105.61 v _311703_/A2 (gf180mcu_fd_sc_mcu9t5v0__or2_4)
     2    0.04    0.09    0.20  105.81 v _311703_/Z (gf180mcu_fd_sc_mcu9t5v0__or2_4)
                                         _056625_ (net)
                  0.09    0.00  105.81 v _311877_/A1 (gf180mcu_fd_sc_mcu9t5v0__nand2_4)
     3    0.04    0.14    0.10  105.91 ^ _311877_/ZN (gf180mcu_fd_sc_mcu9t5v0__nand2_4)
                                         _056817_ (net)
                  0.14    0.00  105.91 ^ _311878_/A1 (gf180mcu_fd_sc_mcu9t5v0__oai21_2)
     1    0.03    0.24    0.11  106.01 v _311878_/ZN (gf180mcu_fd_sc_mcu9t5v0__oai21_2)
                                         _056818_ (net)
                  0.24    0.00  106.01 v _311880_/A2 (gf180mcu_fd_sc_mcu9t5v0__aoi21_4)
     3    0.05    0.28    0.23  106.24 ^ _311880_/ZN (gf180mcu_fd_sc_mcu9t5v0__aoi21_4)
                                         _056820_ (net)
                  0.28    0.00  106.24 ^ _311881_/B2 (gf180mcu_fd_sc_mcu9t5v0__oai221_2)
     1    0.02    0.23    0.17  106.41 v _311881_/ZN (gf180mcu_fd_sc_mcu9t5v0__oai221_2)
                                         _056822_ (net)
                  0.23    0.00  106.41 v _311883_/B2 (gf180mcu_fd_sc_mcu9t5v0__aoi221_2)
     1    0.03    0.56    0.40  106.80 ^ _311883_/ZN (gf180mcu_fd_sc_mcu9t5v0__aoi221_2)
                                         _056824_ (net)
                  0.56    0.00  106.80 ^ _311889_/A2 (gf180mcu_fd_sc_mcu9t5v0__oai211_4)
     9    0.11    0.39    0.27  107.08 v _311889_/ZN (gf180mcu_fd_sc_mcu9t5v0__oai211_4)
                                         _056830_ (net)
                  0.39    0.00  107.08 v _312620_/A1 (gf180mcu_fd_sc_mcu9t5v0__or4_4)
     4    0.05    0.16    0.40  107.48 v _312620_/Z (gf180mcu_fd_sc_mcu9t5v0__or4_4)
                                         _057641_ (net)
                  0.16    0.00  107.48 v _312621_/A2 (gf180mcu_fd_sc_mcu9t5v0__xnor2_2)
     1    0.01    0.08    0.35  107.83 ^ _312621_/ZN (gf180mcu_fd_sc_mcu9t5v0__xnor2_2)
                                         _057643_ (net)
                  0.08    0.00  107.83 ^ _312623_/B1 (gf180mcu_fd_sc_mcu9t5v0__oai221_2)
     1    0.01    2.07    0.14  107.96 v _312623_/ZN (gf180mcu_fd_sc_mcu9t5v0__oai221_2)
                                         _057645_ (net)
                  2.07    0.00  107.96 v _312624_/A2 (gf180mcu_fd_sc_mcu9t5v0__xnor2_2)
     2    0.02    0.15    0.96  108.92 ^ _312624_/ZN (gf180mcu_fd_sc_mcu9t5v0__xnor2_2)
                                         _057646_ (net)
                  0.15    0.00  108.92 ^ _312653_/A2 (gf180mcu_fd_sc_mcu9t5v0__and2_2)
     1    0.01    0.09    0.16  109.08 ^ _312653_/Z (gf180mcu_fd_sc_mcu9t5v0__and2_2)
                                         _057677_ (net)
                  0.09    0.00  109.08 ^ _312654_/A4 (gf180mcu_fd_sc_mcu9t5v0__and4_4)
     2    0.02    0.10    0.23  109.31 ^ _312654_/Z (gf180mcu_fd_sc_mcu9t5v0__and4_4)
                                         _057678_ (net)
                  0.10    0.00  109.31 ^ _314368_/C (gf180mcu_fd_sc_mcu9t5v0__oai221_2)
     3    0.04    0.34    0.21  109.52 v _314368_/ZN (gf180mcu_fd_sc_mcu9t5v0__oai221_2)
                                         _059576_ (net)
                  0.34    0.00  109.52 v _314664_/A2 (gf180mcu_fd_sc_mcu9t5v0__or3_4)
     7    0.10    0.19    0.39  109.91 v _314664_/Z (gf180mcu_fd_sc_mcu9t5v0__or3_4)
                                         _059904_ (net)
                  0.19    0.00  109.91 v _316004_/A1 (gf180mcu_fd_sc_mcu9t5v0__oai31_4)
     5    0.05    0.38    0.25  110.16 ^ _316004_/ZN (gf180mcu_fd_sc_mcu9t5v0__oai31_4)
                                         _061386_ (net)
                  0.38    0.00  110.16 ^ _316636_/A2 (gf180mcu_fd_sc_mcu9t5v0__nand4_2)
     2    0.03    0.25    0.16  110.33 v _316636_/ZN (gf180mcu_fd_sc_mcu9t5v0__nand4_2)
                                         _062084_ (net)
                  0.25    0.00  110.33 v _317701_/A1 (gf180mcu_fd_sc_mcu9t5v0__or4_4)
     2    0.04    0.15    0.34  110.66 v _317701_/Z (gf180mcu_fd_sc_mcu9t5v0__or4_4)
                                         _063261_ (net)
                  0.15    0.00  110.66 v _318605_/A2 (gf180mcu_fd_sc_mcu9t5v0__nor4_2)
     4    0.07    0.96    0.56  111.22 ^ _318605_/ZN (gf180mcu_fd_sc_mcu9t5v0__nor4_2)
                                         _064259_ (net)
                  0.96    0.00  111.22 ^ _319183_/A1 (gf180mcu_fd_sc_mcu9t5v0__aoi21_4)
     8    0.34    0.67    0.48  111.70 v _319183_/ZN (gf180mcu_fd_sc_mcu9t5v0__aoi21_4)
                                         _064897_ (net)
                  0.67    0.00  111.70 v _319833_/A1 (gf180mcu_fd_sc_mcu9t5v0__or3_4)
    10    0.15    0.23    0.54  112.23 v _319833_/Z (gf180mcu_fd_sc_mcu9t5v0__or3_4)
                                         _065613_ (net)
                  0.23    0.00  112.23 v _320412_/A1 (gf180mcu_fd_sc_mcu9t5v0__oai31_2)
     1    0.02    0.30    0.22  112.46 ^ _320412_/ZN (gf180mcu_fd_sc_mcu9t5v0__oai31_2)
                                         _066248_ (net)
                  0.30    0.00  112.46 ^ _320414_/A1 (gf180mcu_fd_sc_mcu9t5v0__aoi211_2)
     1    0.05    3.36    0.17  112.63 v _320414_/ZN (gf180mcu_fd_sc_mcu9t5v0__aoi211_2)
                                         _066250_ (net)
                  3.36    0.00  112.63 v _320428_/B1 (gf180mcu_fd_sc_mcu9t5v0__oai222_2)
     1    0.09    1.41    1.44  114.07 ^ _320428_/ZN (gf180mcu_fd_sc_mcu9t5v0__oai222_2)
                                         result[140] (net)
                  1.41    0.00  114.07 ^ result[140] (out)
                                114.07   data arrival time

                  0.00  100.00  100.00   clock clk (rise edge)
                          0.00  100.00   clock network delay (ideal)
                          0.00  100.00   clock reconvergence pessimism
                        -20.00   80.00   output external delay
                                 80.00   data required time
-----------------------------------------------------------------------------
                                 80.00   data required time
                               -114.07   data arrival time
-----------------------------------------------------------------------------
                                -34.07   slack (VIOLATED)



==========================================================================
global place report_power
--------------------------------------------------------------------------
Group                  Internal  Switching    Leakage      Total
                          Power      Power      Power      Power (Watts)
----------------------------------------------------------------
Sequential             0.00e+00   0.00e+00   0.00e+00   0.00e+00   0.0%
Combinational          1.12e+02   8.67e+01   3.39e-05   1.98e+02 100.0%
Clock                  0.00e+00   0.00e+00   2.71e-06   2.71e-06   0.0%
Macro                  0.00e+00   0.00e+00   0.00e+00   0.00e+00   0.0%
Pad                    0.00e+00   0.00e+00   0.00e+00   0.00e+00   0.0%
----------------------------------------------------------------
Total                  1.12e+02   8.67e+01   3.67e-05   1.98e+02 100.0%
                          56.3%      43.7%       0.0%
